#
# There is insufficient memory for the Java Runtime Environment to continue.
# Native memory allocation (mmap) failed to map 10964992 bytes. Error detail: object start array expansion
# Possible reasons:
#   The system is out of physical RAM or swap space
#   This process is running with CompressedOops enabled, and the Java Heap may be blocking the growth of the native heap
# Possible solutions:
#   Reduce memory load on the system
#   Increase physical memory or swap space
#   Check if swap backing store is full
#   Decrease Java heap size (-Xmx/-Xms)
#   Decrease number of Java threads
#   Decrease Java thread stack sizes (-Xss)
#   Set larger code cache with -XX:ReservedCodeCacheSize=
#   JVM is running with Zero Based Compressed Oops mode in which the Java heap is
#     placed in the first 32GB address space. The Java Heap base address is the
#     maximum limit for the native heap growth. Please use -XX:HeapBaseMinAddress
#     to set the Java Heap base and to place the Java Heap above 32GB virtual address.
# This output file may be truncated or incomplete.
#
#  Out of Memory Error (objectStartArray.cpp:105), pid=7800, tid=14820
#
# JRE version: OpenJDK Runtime Environment Temurin-21.0.12.1+1 (21.0.12.1+1) (build 21.0.12.1+1-LTS)
# Java VM: OpenJDK 64-Bit Server VM Temurin-21.0.12.1+1 (21.0.12.1+1-LTS, mixed mode, sharing, tiered, compressed oops, compressed class ptrs, parallel gc, windows-amd64)
# No core dump will be written. Minidumps are not enabled by default on client versions of Windows
#

---------------  S U M M A R Y ------------

Command Line: --add-modules=ALL-SYSTEM --add-opens=java.base/java.util=ALL-UNNAMED --add-opens=java.base/java.lang=ALL-UNNAMED --add-opens=java.base/sun.nio.fs=ALL-UNNAMED -Declipse.application=org.eclipse.jdt.ls.core.id1 -Dosgi.bundles.defaultStartLevel=4 -Declipse.product=org.eclipse.jdt.ls.core.product -Djava.import.generatesMetadataFilesAtProjectRoot=false -Dm2e.project.cache.size=50 -DDetectVMInstallationsJob.disabled=true -Dfile.encoding=utf8 -XX:+UseParallelGC -XX:GCTimeRatio=4 -XX:AdaptiveSizePolicyWeight=90 -Dsun.zip.disableMemoryMapping=true -Xmx8G -Xms100m -Xlog:disable -javaagent:c:\Users\ADMIN\scoop\apps\vscode\1.139.1\data\extensions\redhat.java-1.56.0-win32-x64\lombok\lombok-1.18.39-4050.jar -XX:+HeapDumpOnOutOfMemoryError -XX:HeapDumpPath=c:\Users\ADMIN\scoop\apps\vscode\1.139.1\data\user-data\User\workspaceStorage\110a943552c2eca42e37e305f3ec4404\redhat.java -Daether.dependencyCollector.impl=bf C:\Users\ADMIN\scoop\persist\vscode\data\extensions\redhat.java-1.56.0-win32-x64\server\plugins\org.eclipse.equinox.launcher_1.8.0.v20260804-1928.jar -configuration c:\Users\ADMIN\scoop\apps\vscode\1.139.1\data\user-data\User\globalStorage\redhat.java\1.56.0\config_win -data c:\Users\ADMIN\scoop\apps\vscode\1.139.1\data\user-data\User\workspaceStorage\110a943552c2eca42e37e305f3ec4404\redhat.java\jdt_ws --pipe=\\.\pipe\lsp-903348f48fb81e38c94e8727edd4ee71-sock

Host: 11th Gen Intel(R) Core(TM) i5-1135G7 @ 2.40GHz, 8 cores, 7G,  Windows 11 , 64 bit Build 26100 (10.0.26100.9549)
Time: Mon Sep 28 22:29:11 2026 SE Asia Standard Time elapsed time: 1609.870503 seconds (0d 0h 26m 49s)

---------------  T H R E A D  ---------------

Current thread (0x0000019aeaddeba0):  VMThread "VM Thread"          [id=14820, stack(0x0000005b8b700000,0x0000005b8b800000) (1024K)]

Stack: [0x0000005b8b700000,0x0000005b8b800000]
Native frames: (J=compiled Java code, j=interpreted, Vv=VM code, C=native code)
V  [jvm.dll+0x6d83e9]
V  [jvm.dll+0x8b5736]
V  [jvm.dll+0x8b7cee]
V  [jvm.dll+0x8b83d3]
V  [jvm.dll+0x284596]
V  [jvm.dll+0x6c2654]
V  [jvm.dll+0x70f4c2]
V  [jvm.dll+0x70ef11]
V  [jvm.dll+0x70ee7d]
V  [jvm.dll+0x70eff4]
V  [jvm.dll+0x6e5816]
V  [jvm.dll+0x6e58d9]
V  [jvm.dll+0x6e5c85]
V  [jvm.dll+0x718df4]
V  [jvm.dll+0x8be0c0]
V  [jvm.dll+0x8bf434]
V  [jvm.dll+0x8bf960]
V  [jvm.dll+0x8bfc03]
V  [jvm.dll+0x8600cd]
V  [jvm.dll+0x6d6c1d]
C  [ucrtbase.dll+0x2cd30]
C  [KERNEL32.DLL+0x2cdf7]
C  [ntdll.dll+0x7ee4c]

VM_Operation (0x0000005b8d4fe400): ParallelGCFailedAllocation, mode: safepoint, requested by thread 0x0000019ad736b980


---------------  P R O C E S S  ---------------

Threads class SMR info:
_java_thread_list=0x0000019ad97db980, length=53, elements={
0x0000019aead20060, 0x0000019aea879270, 0x0000019aea87afb0, 0x0000019aea881c30,
0x0000019aea8853f0, 0x0000019aea886110, 0x0000019aea885a80, 0x0000019aea88d960,
0x0000019ad21849b0, 0x0000019aea8867a0, 0x0000019aea886e30, 0x0000019aea8874c0,
0x0000019aea887b50, 0x0000019aea8881e0, 0x0000019aea888870, 0x0000019ad7367e70,
0x0000019ad73677e0, 0x0000019ad7368500, 0x0000019ad7369220, 0x0000019ad73698b0,
0x0000019ad736b980, 0x0000019ad7368b90, 0x0000019ad736cd30, 0x0000019ad736d3c0,
0x0000019ad736c6a0, 0x0000019ad7369f40, 0x0000019ad736da50, 0x0000019ad736e0e0,
0x0000019ad736ac60, 0x0000019ad736e770, 0x0000019ad736ee00, 0x0000019ada896340,
0x0000019ada8976f0, 0x0000019ada8969d0, 0x0000019ada899130, 0x0000019ada89ab70,
0x0000019ada89b890, 0x0000019adc39c090, 0x0000019adc39c720, 0x0000019adc39fba0,
0x0000019adc39f510, 0x0000019adc3a08c0, 0x0000019adc39e7f0, 0x0000019adc39ee80,
0x0000019ada89a4e0, 0x0000019ada898aa0, 0x0000019ada897060, 0x0000019ad736b2f0,
0x0000019ad736a5d0, 0x0000019adbc29b80, 0x0000019adbc2a210, 0x0000019adbc28e60,
0x0000019ad9c6f0c0
}

Java Threads: ( => current thread )
  0x0000019aead20060 JavaThread "main"                              [_thread_blocked, id=17356, stack(0x0000005b8b400000,0x0000005b8b500000) (1024K)]
  0x0000019aea879270 JavaThread "Reference Handler"          daemon [_thread_blocked, id=5552, stack(0x0000005b8b800000,0x0000005b8b900000) (1024K)]
  0x0000019aea87afb0 JavaThread "Finalizer"                  daemon [_thread_blocked, id=3956, stack(0x0000005b8b900000,0x0000005b8ba00000) (1024K)]
  0x0000019aea881c30 JavaThread "Signal Dispatcher"          daemon [_thread_blocked, id=10896, stack(0x0000005b8ba00000,0x0000005b8bb00000) (1024K)]
  0x0000019aea8853f0 JavaThread "Attach Listener"            daemon [_thread_blocked, id=3004, stack(0x0000005b8bb00000,0x0000005b8bc00000) (1024K)]
  0x0000019aea886110 JavaThread "Service Thread"             daemon [_thread_blocked, id=10688, stack(0x0000005b8bc00000,0x0000005b8bd00000) (1024K)]
  0x0000019aea885a80 JavaThread "Monitor Deflation Thread"   daemon [_thread_blocked, id=11996, stack(0x0000005b8bd00000,0x0000005b8be00000) (1024K)]
  0x0000019aea88d960 JavaThread "C2 CompilerThread0"         daemon [_thread_blocked, id=12772, stack(0x0000005b8be00000,0x0000005b8bf00000) (1024K)]
  0x0000019ad21849b0 JavaThread "C1 CompilerThread0"         daemon [_thread_blocked, id=5708, stack(0x0000005b8bf00000,0x0000005b8c000000) (1024K)]
  0x0000019aea8867a0 JavaThread "Common-Cleaner"             daemon [_thread_blocked, id=16548, stack(0x0000005b8c000000,0x0000005b8c100000) (1024K)]
  0x0000019aea886e30 JavaThread "Notification Thread"        daemon [_thread_blocked, id=21356, stack(0x0000005b8c100000,0x0000005b8c200000) (1024K)]
  0x0000019aea8874c0 JavaThread "Active Thread: Equinox Container: f81a06b8-f107-4d9f-abc2-35a620713ab4"        [_thread_blocked, id=18360, stack(0x0000005b8c200000,0x0000005b8c300000) (1024K)]
  0x0000019aea887b50 JavaThread "Refresh Thread: Equinox Container: f81a06b8-f107-4d9f-abc2-35a620713ab4" daemon [_thread_blocked, id=2712, stack(0x0000005b8ca00000,0x0000005b8cb00000) (1024K)]
  0x0000019aea8881e0 JavaThread "Framework Event Dispatcher: Equinox Container: f81a06b8-f107-4d9f-abc2-35a620713ab4" daemon [_thread_blocked, id=19212, stack(0x0000005b8cb00000,0x0000005b8cc00000) (1024K)]
  0x0000019aea888870 JavaThread "Start Level: Equinox Container: f81a06b8-f107-4d9f-abc2-35a620713ab4" daemon [_thread_blocked, id=10384, stack(0x0000005b8cc00000,0x0000005b8cd00000) (1024K)]
  0x0000019ad7367e70 JavaThread "Bundle File Closer"         daemon [_thread_blocked, id=21084, stack(0x0000005b8cd00000,0x0000005b8ce00000) (1024K)]
  0x0000019ad73677e0 JavaThread "SCR Component Actor"        daemon [_thread_blocked, id=19068, stack(0x0000005b8b200000,0x0000005b8b300000) (1024K)]
  0x0000019ad7368500 JavaThread "Worker-JM"                         [_thread_blocked, id=7924, stack(0x0000005b8d000000,0x0000005b8d100000) (1024K)]
  0x0000019ad7369220 JavaThread "JNA Cleaner"                daemon [_thread_blocked, id=18756, stack(0x0000005b8ce00000,0x0000005b8cf00000) (1024K)]
  0x0000019ad73698b0 JavaThread "Worker-0: Java indexing... "        [_thread_blocked, id=17704, stack(0x0000005b8cf00000,0x0000005b8d000000) (1024K)]
  0x0000019ad736b980 JavaThread "Java indexing"              daemon [_thread_blocked, id=14848, stack(0x0000005b8d400000,0x0000005b8d500000) (1024K)]
  0x0000019ad7368b90 JavaThread "Worker-4: Building"                [_thread_blocked, id=15020, stack(0x0000005b8d900000,0x0000005b8da00000) (1024K)]
  0x0000019ad736cd30 JavaThread "Thread-1"                   daemon [_thread_in_native, id=19300, stack(0x0000005b8da00000,0x0000005b8db00000) (1024K)]
  0x0000019ad736d3c0 JavaThread "Thread-2"                   daemon [_thread_in_native, id=12020, stack(0x0000005b8db00000,0x0000005b8dc00000) (1024K)]
  0x0000019ad736c6a0 JavaThread "Thread-3"                   daemon [_thread_in_native, id=17628, stack(0x0000005b8dc00000,0x0000005b8dd00000) (1024K)]
  0x0000019ad7369f40 JavaThread "Thread-4"                   daemon [_thread_in_native, id=21104, stack(0x0000005b8dd00000,0x0000005b8de00000) (1024K)]
  0x0000019ad736da50 JavaThread "Thread-5"                   daemon [_thread_in_native, id=3540, stack(0x0000005b8de00000,0x0000005b8df00000) (1024K)]
  0x0000019ad736e0e0 JavaThread "Thread-6"                   daemon [_thread_in_native, id=17968, stack(0x0000005b8df00000,0x0000005b8e000000) (1024K)]
  0x0000019ad736ac60 JavaThread "Thread-7"                   daemon [_thread_in_native, id=8784, stack(0x0000005b8e000000,0x0000005b8e100000) (1024K)]
  0x0000019ad736e770 JavaThread "Thread-8"                   daemon [_thread_in_native, id=16724, stack(0x0000005b8e100000,0x0000005b8e200000) (1024K)]
  0x0000019ad736ee00 JavaThread "Thread-9"                   daemon [_thread_in_native, id=11444, stack(0x0000005b8e200000,0x0000005b8e300000) (1024K)]
  0x0000019ada896340 JavaThread "pool-2-thread-1"                   [_thread_blocked, id=19920, stack(0x0000005b8e300000,0x0000005b8e400000) (1024K)]
  0x0000019ada8976f0 JavaThread "WorkspaceEventsHandler"            [_thread_blocked, id=10580, stack(0x0000005b8e400000,0x0000005b8e500000) (1024K)]
  0x0000019ada8969d0 JavaThread "pool-1-thread-1"                   [_thread_blocked, id=15208, stack(0x0000005b8e500000,0x0000005b8e600000) (1024K)]
  0x0000019ada899130 JavaThread "PatternSearchJob-worker-1"  daemon [_thread_blocked, id=10652, stack(0x0000005b8e900000,0x0000005b8ea00000) (1024K)]
  0x0000019ada89ab70 JavaThread "PatternSearchJob-worker-4"  daemon [_thread_blocked, id=14936, stack(0x0000005b8ec00000,0x0000005b8ed00000) (1024K)]
  0x0000019ada89b890 JavaThread "PatternSearchJob-worker-6"  daemon [_thread_blocked, id=15492, stack(0x0000005b8ee00000,0x0000005b8ef00000) (1024K)]
  0x0000019adc39c090 JavaThread "PatternSearchJob-worker-7"  daemon [_thread_blocked, id=3580, stack(0x0000005b8ef00000,0x0000005b8f000000) (1024K)]
  0x0000019adc39c720 JavaThread "ForkJoinPool.commonPool-worker-4" daemon [_thread_blocked, id=8260, stack(0x0000005b8b100000,0x0000005b8b200000) (1024K)]
  0x0000019adc39fba0 JavaThread "ForkJoinPool.commonPool-worker-5" daemon [_thread_blocked, id=6512, stack(0x0000005b8b300000,0x0000005b8b400000) (1024K)]
  0x0000019adc39f510 JavaThread "ForkJoinPool.commonPool-worker-6" daemon [_thread_blocked, id=1820, stack(0x0000005b8d100000,0x0000005b8d200000) (1024K)]
  0x0000019adc3a08c0 JavaThread "PatternSearchJob-worker-8"  daemon [_thread_blocked, id=2212, stack(0x0000005b8d300000,0x0000005b8d400000) (1024K)]
  0x0000019adc39e7f0 JavaThread "PatternSearchJob-worker-9"  daemon [_thread_blocked, id=16184, stack(0x0000005b8d500000,0x0000005b8d600000) (1024K)]
  0x0000019adc39ee80 JavaThread "PatternSearchJob-worker-10" daemon [_thread_blocked, id=10380, stack(0x0000005b8d600000,0x0000005b8d700000) (1024K)]
  0x0000019ada89a4e0 JavaThread "ForkJoinPool.commonPool-worker-7" daemon [_thread_blocked, id=3696, stack(0x0000005b8d800000,0x0000005b8d900000) (1024K)]
  0x0000019ada898aa0 JavaThread "ForkJoinPool.commonPool-worker-8" daemon [_thread_blocked, id=4876, stack(0x0000005b8e600000,0x0000005b8e700000) (1024K)]
  0x0000019ada897060 JavaThread "pool-1-thread-2"                   [_thread_blocked, id=16784, stack(0x0000005b8e700000,0x0000005b8e800000) (1024K)]
  0x0000019ad736b2f0 JavaThread "ForkJoinPool.commonPool-worker-9" daemon [_thread_blocked, id=17232, stack(0x0000005b8d200000,0x0000005b8d300000) (1024K)]
  0x0000019ad736a5d0 JavaThread "Worker-6"                          [_thread_blocked, id=6044, stack(0x0000005b8e800000,0x0000005b8e900000) (1024K)]
  0x0000019adbc29b80 JavaThread "Worker-7"                          [_thread_blocked, id=19388, stack(0x0000005b8ea00000,0x0000005b8eb00000) (1024K)]
  0x0000019adbc2a210 JavaThread "Compiler Source File Reader" daemon [_thread_blocked, id=10204, stack(0x0000005b8eb00000,0x0000005b8ec00000) (1024K)]
  0x0000019adbc28e60 JavaThread "Compiler Processing Task"   daemon [_thread_blocked, id=572, stack(0x0000005b8ed00000,0x0000005b8ee00000) (1024K)]
  0x0000019ad9c6f0c0 JavaThread "C2 CompilerThread1"         daemon [_thread_blocked, id=8376, stack(0x0000005b8f200000,0x0000005b8f300000) (1024K)]
Total: 53

Other Threads:
=>0x0000019aeaddeba0 VMThread "VM Thread"                           [id=14820, stack(0x0000005b8b700000,0x0000005b8b800000) (1024K)]
  0x0000019aead8ac00 WatcherThread "VM Periodic Task Thread"        [id=8620, stack(0x0000005b8b600000,0x0000005b8b700000) (1024K)]
  0x0000019aead3e9d0 WorkerThread "GC Thread#0"                     [id=11036, stack(0x0000005b8b500000,0x0000005b8b600000) (1024K)]
  0x0000019ad2c2b7d0 WorkerThread "GC Thread#1"                     [id=15536, stack(0x0000005b8c300000,0x0000005b8c400000) (1024K)]
  0x0000019ad2472c60 WorkerThread "GC Thread#2"                     [id=6320, stack(0x0000005b8c400000,0x0000005b8c500000) (1024K)]
  0x0000019ad26746d0 WorkerThread "GC Thread#3"                     [id=20412, stack(0x0000005b8c500000,0x0000005b8c600000) (1024K)]
  0x0000019ad2674a80 WorkerThread "GC Thread#4"                     [id=9968, stack(0x0000005b8c600000,0x0000005b8c700000) (1024K)]
  0x0000019ad2674e30 WorkerThread "GC Thread#5"                     [id=8440, stack(0x0000005b8c700000,0x0000005b8c800000) (1024K)]
  0x0000019ad26751e0 WorkerThread "GC Thread#6"                     [id=10064, stack(0x0000005b8c800000,0x0000005b8c900000) (1024K)]
  0x0000019aea8be3a0 WorkerThread "GC Thread#7"                     [id=13668, stack(0x0000005b8c900000,0x0000005b8ca00000) (1024K)]
Total: 10

Threads with active compile tasks:
C2 CompilerThread0  1611273 17943       4       org.eclipse.jdt.internal.core.Member::findMethods (166 bytes)
Total: 1

VM state: at safepoint (normal execution)

VM Mutex/Monitor currently owned by a thread:  ([mutex/lock_event])
[0x00007ffc59cef5b0] Threads_lock - owner thread: 0x0000019aeaddeba0
[0x00007ffc59cef6b0] Heap_lock - owner thread: 0x0000019ad736b980
[0x00007ffc59cefb30] PSOldGenExpand_lock - owner thread: 0x0000019aeaddeba0

Heap address: 0x0000000600000000, size: 8192 MB, Compressed Oops mode: Zero based, Oop shift amount: 3

CDS archive(s) mapped at: [0x0000019a90000000-0x0000019a90ba0000-0x0000019a90ba0000), size 12189696, SharedBaseAddress: 0x0000019a90000000, ArchiveRelocationMode: 1.
Compressed class space mapped at: 0x0000019a91000000-0x0000019ad1000000, reserved size: 1073741824
Narrow klass base: 0x0000019a90000000, Narrow klass shift: 0, Narrow klass range: 0x100000000

GC Precious Log:
 CardTable entry size: 512
 CPUs: 8 total, 8 available
 Memory: 7914M
 Large Page Support: Disabled
 NUMA Support: Disabled
 Compressed Oops: Enabled (Zero based)
 Alignments: Space 512K, Generation 512K, Heap 2M
 Heap Min Capacity: 100M
 Heap Initial Capacity: 100M
 Heap Max Capacity: 8G
 Pre-touch: Disabled
 Parallel Workers: 8

Heap:
 PSYoungGen      total 3072K, used 0K [0x0000000755580000, 0x0000000755980000, 0x0000000800000000)
  eden space 2560K, 0% used [0x0000000755580000,0x0000000755580000,0x0000000755800000)
  from space 512K, 0% used [0x0000000755880000,0x0000000755880000,0x0000000755900000)
  to   space 512K, 0% used [0x0000000755800000,0x0000000755800000,0x0000000755880000)
 ParOldGen       total 109056K, used 76407K [0x0000000600000000, 0x0000000755580000, 0x0000000755580000)
  object space 109056K, 70% used [0x0000000600000000,0x0000000604a9dff0,0x0000000606a80000)
 Metaspace       used 75130K, committed 77312K, reserved 1179648K
  class space    used 7681K, committed 8576K, reserved 1048576K

Card table byte_map: [0x0000019afcf20000,0x0000019afdf30000] _byte_map_base: 0x0000019af9f20000

Marking Bits: (ParMarkBitMap*) 0x00007ffc59cf44a0
 Begin Bits: [0x0000019a80000000, 0x0000019a88000000)
 End Bits:   [0x0000019a88000000, 0x0000019a90000000)

Polling page: 0x0000019ae8900000

Metaspace:

Usage:
  Non-class:     65.87 MB used.
      Class:      7.50 MB used.
       Both:     73.37 MB used.

Virtual space:
  Non-class space:      128.00 MB reserved,      67.12 MB ( 52%) committed,  2 nodes.
      Class space:        1.00 GB reserved,       8.38 MB ( <1%) committed,  1 nodes.
             Both:        1.12 GB reserved,      75.50 MB (  7%) committed. 

Chunk freelists:
   Non-Class:  12.88 MB
       Class:  7.89 MB
        Both:  20.77 MB

MaxMetaspaceSize: unlimited
CompressedClassSpaceSize: 1.00 GB
Initial GC threshold: 21.00 MB
Current GC threshold: 125.88 MB
CDS: on
 - commit_granule_bytes: 65536.
 - commit_granule_words: 8192.
 - virtual_space_node_default_size: 8388608.
 - enlarge_chunks_in_place: 1.
 - use_allocation_guard: 0.


Internal statistics:

num_allocs_failed_limit: 9.
num_arena_births: 1510.
num_arena_deaths: 496.
num_vsnodes_births: 3.
num_vsnodes_deaths: 0.
num_space_committed: 1208.
num_space_uncommitted: 0.
num_chunks_returned_to_freelist: 619.
num_chunks_taken_from_freelist: 5398.
num_chunk_merges: 184.
num_chunk_splits: 3196.
num_chunks_enlarged: 1651.
num_inconsistent_stats: 0.

CodeHeap 'non-profiled nmethods': size=120000Kb used=12595Kb max_used=19974Kb free=107404Kb
 bounds [0x0000019af59f0000, 0x0000019af6d80000, 0x0000019afcf20000]
CodeHeap 'profiled nmethods': size=120000Kb used=25325Kb max_used=41479Kb free=94674Kb
 bounds [0x0000019aedf20000, 0x0000019af07b0000, 0x0000019af5450000]
CodeHeap 'non-nmethods': size=5760Kb used=1495Kb max_used=1601Kb free=4264Kb
 bounds [0x0000019af5450000, 0x0000019af56c0000, 0x0000019af59f0000]
CodeCache: size=245760Kb, used=39415Kb, max_used=63054Kb, free=206342Kb
 total_blobs=12999, nmethods=12206, adapters=693, full_count=0
Compilation: enabled, stopped_count=0, restarted_count=0

Compilation events (20 events):
Event: 1601.048 Thread 0x0000019ad21849b0 nmethod 17939 0x0000019af07a1490 code [0x0000019af07a1660, 0x0000019af07a18c8]
Event: 1601.050 Thread 0x0000019ad9c6f0c0 nmethod 17936 0x0000019af6d55990 code [0x0000019af6d55b20, 0x0000019af6d55c10]
Event: 1601.050 Thread 0x0000019ad9c6f0c0 17871       4       java.util.TreeMap$PrivateEntryIterator::nextEntry (54 bytes)
Event: 1601.055 Thread 0x0000019ad21849b0 17940       3       ch.qos.logback.classic.Logger::debug (15 bytes)
Event: 1601.056 Thread 0x0000019ad9c6f0c0 nmethod 17871 0x0000019af6d55d10 code [0x0000019af6d55ea0, 0x0000019af6d56048]
Event: 1601.056 Thread 0x0000019ad9c6f0c0 17860       4       java.util.TreeMap$KeyIterator::next (8 bytes)
Event: 1601.056 Thread 0x0000019ad21849b0 nmethod 17940 0x0000019af07a1a10 code [0x0000019af07a1bc0, 0x0000019af07a1d30]
Event: 1601.062 Thread 0x0000019ad9c6f0c0 nmethod 17860 0x0000019af6d56190 code [0x0000019af6d56320, 0x0000019af6d564d8]
Event: 1601.062 Thread 0x0000019ad9c6f0c0 17847       4       jdk.internal.jrtfs.JrtPath::hashCode (8 bytes)
Event: 1601.067 Thread 0x0000019ad9c6f0c0 nmethod 17847 0x0000019af6d56690 code [0x0000019af6d56840, 0x0000019af6d56990]
Event: 1601.067 Thread 0x0000019ad9c6f0c0 17844       4       org.eclipse.jdt.internal.compiler.ASTVisitor::endVisit (1 bytes)
Event: 1601.067 Thread 0x0000019ad9c6f0c0 nmethod 17844 0x0000019af6d56a90 code [0x0000019af6d56c20, 0x0000019af6d56ca8]
Event: 1601.301 Thread 0x0000019ad9c6f0c0 17941       4       java.lang.RuntimeException::<init> (5 bytes)
Event: 1601.303 Thread 0x0000019ad9c6f0c0 nmethod 17941 0x0000019af6d56d90 code [0x0000019af6d56f20, 0x0000019af6d56ff8]
Event: 1601.614 Thread 0x0000019ad9c6f0c0 17942       4       org.eclipse.jdt.core.dom.QualifiedName::accept0 (34 bytes)
Event: 1601.624 Thread 0x0000019ad9c6f0c0 nmethod 17942 0x0000019af6d57110 code [0x0000019af6d57300, 0x0000019af6d57618]
Event: 1601.624 Thread 0x0000019ad9c6f0c0 17944       4       org.eclipse.core.internal.resources.LocationValidator::validateName (145 bytes)
Event: 1601.657 Thread 0x0000019aea88d960 nmethod 17838 0x0000019af6d57a10 code [0x0000019af6d585a0, 0x0000019af6d65fa8]
Event: 1601.659 Thread 0x0000019aea88d960 17943       4       org.eclipse.jdt.internal.core.Member::findMethods (166 bytes)
Event: 1601.799 Thread 0x0000019ad9c6f0c0 nmethod 17944 0x0000019af6d6df10 code [0x0000019af6d6e260, 0x0000019af6d709d0]

GC Heap History (20 events):
Event: 1600.051 GC heap before
{Heap before GC invocations=763 (full 4):
 PSYoungGen      total 2560K, used 2304K [0x0000000755580000, 0x0000000755900000, 0x0000000800000000)
  eden space 2048K, 100% used [0x0000000755580000,0x0000000755780000,0x0000000755780000)
  from space 512K, 50% used [0x0000000755880000,0x00000007558c0000,0x0000000755900000)
  to   space 512K, 0% used [0x0000000755800000,0x0000000755800000,0x0000000755880000)
 ParOldGen       total 264192K, used 264087K [0x0000000600000000, 0x0000000610200000, 0x0000000755580000)
  object space 264192K, 99% used [0x0000000600000000,0x00000006101e5c28,0x0000000610200000)
 Metaspace       used 75089K, committed 76736K, reserved 1179648K
  class space    used 7750K, committed 8512K, reserved 1048576K
}
Event: 1600.054 GC heap after
{Heap after GC invocations=763 (full 4):
 PSYoungGen      total 2560K, used 512K [0x0000000755580000, 0x0000000755980000, 0x0000000800000000)
  eden space 2048K, 0% used [0x0000000755580000,0x0000000755580000,0x0000000755780000)
  from space 512K, 100% used [0x0000000755800000,0x0000000755880000,0x0000000755880000)
  to   space 1024K, 0% used [0x0000000755880000,0x0000000755880000,0x0000000755980000)
 ParOldGen       total 264192K, used 264191K [0x0000000600000000, 0x0000000610200000, 0x0000000755580000)
  object space 264192K, 99% used [0x0000000600000000,0x00000006101ffc28,0x0000000610200000)
 Metaspace       used 75089K, committed 76736K, reserved 1179648K
  class space    used 7750K, committed 8512K, reserved 1048576K
}
Event: 1600.621 GC heap before
{Heap before GC invocations=764 (full 4):
 PSYoungGen      total 2560K, used 2559K [0x0000000755580000, 0x0000000755980000, 0x0000000800000000)
  eden space 2048K, 99% used [0x0000000755580000,0x000000075577fff0,0x0000000755780000)
  from space 512K, 100% used [0x0000000755800000,0x0000000755880000,0x0000000755880000)
  to   space 1024K, 0% used [0x0000000755880000,0x0000000755880000,0x0000000755980000)
 ParOldGen       total 264192K, used 264191K [0x0000000600000000, 0x0000000610200000, 0x0000000755580000)
  object space 264192K, 99% used [0x0000000600000000,0x00000006101ffc28,0x0000000610200000)
 Metaspace       used 75145K, committed 76800K, reserved 1179648K
  class space    used 7758K, committed 8512K, reserved 1048576K
}
Event: 1600.625 GC heap after
{Heap after GC invocations=764 (full 4):
 PSYoungGen      total 2560K, used 288K [0x0000000755580000, 0x0000000755900000, 0x0000000800000000)
  eden space 2048K, 0% used [0x0000000755580000,0x0000000755580000,0x0000000755780000)
  from space 512K, 56% used [0x0000000755880000,0x00000007558c8000,0x0000000755900000)
  to   space 512K, 0% used [0x0000000755800000,0x0000000755800000,0x0000000755880000)
 ParOldGen       total 264704K, used 264703K [0x0000000600000000, 0x0000000610280000, 0x0000000755580000)
  object space 264704K, 99% used [0x0000000600000000,0x000000061027fc28,0x0000000610280000)
 Metaspace       used 75145K, committed 76800K, reserved 1179648K
  class space    used 7758K, committed 8512K, reserved 1048576K
}
Event: 1600.717 GC heap before
{Heap before GC invocations=765 (full 4):
 PSYoungGen      total 2560K, used 2336K [0x0000000755580000, 0x0000000755900000, 0x0000000800000000)
  eden space 2048K, 100% used [0x0000000755580000,0x0000000755780000,0x0000000755780000)
  from space 512K, 56% used [0x0000000755880000,0x00000007558c8000,0x0000000755900000)
  to   space 512K, 0% used [0x0000000755800000,0x0000000755800000,0x0000000755880000)
 ParOldGen       total 264704K, used 264703K [0x0000000600000000, 0x0000000610280000, 0x0000000755580000)
  object space 264704K, 99% used [0x0000000600000000,0x000000061027fc28,0x0000000610280000)
 Metaspace       used 75261K, committed 76928K, reserved 1179648K
  class space    used 7771K, committed 8512K, reserved 1048576K
}
Event: 1600.720 GC heap after
{Heap after GC invocations=765 (full 4):
 PSYoungGen      total 2560K, used 416K [0x0000000755580000, 0x0000000755900000, 0x0000000800000000)
  eden space 2048K, 0% used [0x0000000755580000,0x0000000755580000,0x0000000755780000)
  from space 512K, 81% used [0x0000000755800000,0x0000000755868000,0x0000000755880000)
  to   space 512K, 0% used [0x0000000755880000,0x0000000755880000,0x0000000755900000)
 ParOldGen       total 265216K, used 264823K [0x0000000600000000, 0x0000000610300000, 0x0000000755580000)
  object space 265216K, 99% used [0x0000000600000000,0x000000061029dc28,0x0000000610300000)
 Metaspace       used 75261K, committed 76928K, reserved 1179648K
  class space    used 7771K, committed 8512K, reserved 1048576K
}
Event: 1600.815 GC heap before
{Heap before GC invocations=766 (full 4):
 PSYoungGen      total 2560K, used 2456K [0x0000000755580000, 0x0000000755900000, 0x0000000800000000)
  eden space 2048K, 99% used [0x0000000755580000,0x000000075577e2c8,0x0000000755780000)
  from space 512K, 81% used [0x0000000755800000,0x0000000755868000,0x0000000755880000)
  to   space 512K, 0% used [0x0000000755880000,0x0000000755880000,0x0000000755900000)
 ParOldGen       total 265216K, used 264823K [0x0000000600000000, 0x0000000610300000, 0x0000000755580000)
  object space 265216K, 99% used [0x0000000600000000,0x000000061029dc28,0x0000000610300000)
 Metaspace       used 75392K, committed 77120K, reserved 1179648K
  class space    used 7789K, committed 8576K, reserved 1048576K
}
Event: 1600.819 GC heap after
{Heap after GC invocations=766 (full 4):
 PSYoungGen      total 2560K, used 452K [0x0000000755580000, 0x0000000755900000, 0x0000000800000000)
  eden space 2048K, 0% used [0x0000000755580000,0x0000000755580000,0x0000000755780000)
  from space 512K, 88% used [0x0000000755880000,0x00000007558f1060,0x0000000755900000)
  to   space 512K, 0% used [0x0000000755800000,0x0000000755800000,0x0000000755880000)
 ParOldGen       total 265216K, used 265136K [0x0000000600000000, 0x0000000610300000, 0x0000000755580000)
  object space 265216K, 99% used [0x0000000600000000,0x00000006102ec0f0,0x0000000610300000)
 Metaspace       used 75392K, committed 77120K, reserved 1179648K
  class space    used 7789K, committed 8576K, reserved 1048576K
}
Event: 1601.022 GC heap before
{Heap before GC invocations=767 (full 4):
 PSYoungGen      total 2560K, used 2470K [0x0000000755580000, 0x0000000755900000, 0x0000000800000000)
  eden space 2048K, 98% used [0x0000000755580000,0x0000000755778a30,0x0000000755780000)
  from space 512K, 88% used [0x0000000755880000,0x00000007558f1060,0x0000000755900000)
  to   space 512K, 0% used [0x0000000755800000,0x0000000755800000,0x0000000755880000)
 ParOldGen       total 265216K, used 265136K [0x0000000600000000, 0x0000000610300000, 0x0000000755580000)
  object space 265216K, 99% used [0x0000000600000000,0x00000006102ec0f0,0x0000000610300000)
 Metaspace       used 75614K, committed 77312K, reserved 1179648K
  class space    used 7802K, committed 8576K, reserved 1048576K
}
Event: 1601.026 GC heap after
{Heap after GC invocations=767 (full 4):
 PSYoungGen      total 2560K, used 333K [0x0000000755580000, 0x0000000755900000, 0x0000000800000000)
  eden space 2048K, 0% used [0x0000000755580000,0x0000000755580000,0x0000000755780000)
  from space 512K, 65% used [0x0000000755800000,0x0000000755853470,0x0000000755880000)
  to   space 512K, 0% used [0x0000000755880000,0x0000000755880000,0x0000000755900000)
 ParOldGen       total 265728K, used 265473K [0x0000000600000000, 0x0000000610380000, 0x0000000755580000)
  object space 265728K, 99% used [0x0000000600000000,0x00000006103407a8,0x0000000610380000)
 Metaspace       used 75614K, committed 77312K, reserved 1179648K
  class space    used 7802K, committed 8576K, reserved 1048576K
}
Event: 1603.963 GC heap before
{Heap before GC invocations=768 (full 4):
 PSYoungGen      total 2560K, used 2381K [0x0000000755580000, 0x0000000755900000, 0x0000000800000000)
  eden space 2048K, 99% used [0x0000000755580000,0x000000075577fff8,0x0000000755780000)
  from space 512K, 65% used [0x0000000755800000,0x0000000755853470,0x0000000755880000)
  to   space 512K, 0% used [0x0000000755880000,0x0000000755880000,0x0000000755900000)
 ParOldGen       total 265728K, used 265473K [0x0000000600000000, 0x0000000610380000, 0x0000000755580000)
  object space 265728K, 99% used [0x0000000600000000,0x00000006103407a8,0x0000000610380000)
 Metaspace       used 75615K, committed 77312K, reserved 1179648K
  class space    used 7802K, committed 8576K, reserved 1048576K
}
Event: 1603.965 GC heap after
{Heap after GC invocations=768 (full 4):
 PSYoungGen      total 2560K, used 160K [0x0000000755580000, 0x0000000755900000, 0x0000000800000000)
  eden space 2048K, 0% used [0x0000000755580000,0x0000000755580000,0x0000000755780000)
  from space 512K, 31% used [0x0000000755880000,0x00000007558a8000,0x0000000755900000)
  to   space 512K, 0% used [0x0000000755800000,0x0000000755800000,0x0000000755880000)
 ParOldGen       total 265728K, used 265631K [0x0000000600000000, 0x0000000610380000, 0x0000000755580000)
  object space 265728K, 99% used [0x0000000600000000,0x0000000610367c08,0x0000000610380000)
 Metaspace       used 75615K, committed 77312K, reserved 1179648K
  class space    used 7802K, committed 8576K, reserved 1048576K
}
Event: 1603.965 GC heap before
{Heap before GC invocations=769 (full 4):
 PSYoungGen      total 2560K, used 160K [0x0000000755580000, 0x0000000755900000, 0x0000000800000000)
  eden space 2048K, 0% used [0x0000000755580000,0x0000000755580000,0x0000000755780000)
  from space 512K, 31% used [0x0000000755880000,0x00000007558a8000,0x0000000755900000)
  to   space 512K, 0% used [0x0000000755800000,0x0000000755800000,0x0000000755880000)
 ParOldGen       total 265728K, used 265631K [0x0000000600000000, 0x0000000610380000, 0x0000000755580000)
  object space 265728K, 99% used [0x0000000600000000,0x0000000610367c08,0x0000000610380000)
 Metaspace       used 75615K, committed 77312K, reserved 1179648K
  class space    used 7802K, committed 8576K, reserved 1048576K
}
Event: 1603.968 GC heap after
{Heap after GC invocations=769 (full 4):
 PSYoungGen      total 3072K, used 0K [0x0000000755580000, 0x0000000755900000, 0x0000000800000000)
  eden space 2560K, 0% used [0x0000000755580000,0x0000000755580000,0x0000000755800000)
  from space 512K, 0% used [0x0000000755800000,0x0000000755800000,0x0000000755880000)
  to   space 512K, 0% used [0x0000000755880000,0x0000000755880000,0x0000000755900000)
 ParOldGen       total 265728K, used 265687K [0x0000000600000000, 0x0000000610380000, 0x0000000755580000)
  object space 265728K, 99% used [0x0000000600000000,0x0000000610375c08,0x0000000610380000)
 Metaspace       used 75615K, committed 77312K, reserved 1179648K
  class space    used 7802K, committed 8576K, reserved 1048576K
}
Event: 1603.968 GC heap before
{Heap before GC invocations=770 (full 5):
 PSYoungGen      total 3072K, used 0K [0x0000000755580000, 0x0000000755900000, 0x0000000800000000)
  eden space 2560K, 0% used [0x0000000755580000,0x0000000755580000,0x0000000755800000)
  from space 512K, 0% used [0x0000000755800000,0x0000000755800000,0x0000000755880000)
  to   space 512K, 0% used [0x0000000755880000,0x0000000755880000,0x0000000755900000)
 ParOldGen       total 265728K, used 265687K [0x0000000600000000, 0x0000000610380000, 0x0000000755580000)
  object space 265728K, 99% used [0x0000000600000000,0x0000000610375c08,0x0000000610380000)
 Metaspace       used 75615K, committed 77312K, reserved 1179648K
  class space    used 7802K, committed 8576K, reserved 1048576K
}
Event: 1604.495 GC heap after
{Heap after GC invocations=770 (full 5):
 PSYoungGen      total 3072K, used 0K [0x0000000755580000, 0x0000000755980000, 0x0000000800000000)
  eden space 2560K, 0% used [0x0000000755580000,0x0000000755580000,0x0000000755800000)
  from space 512K, 0% used [0x0000000755880000,0x0000000755880000,0x0000000755900000)
  to   space 512K, 0% used [0x0000000755800000,0x0000000755800000,0x0000000755880000)
 ParOldGen       total 112128K, used 85548K [0x0000000600000000, 0x0000000606d80000, 0x0000000755580000)
  object space 112128K, 76% used [0x0000000600000000,0x000000060538b2f8,0x0000000606d80000)
 Metaspace       used 75615K, committed 77312K, reserved 1179648K
  class space    used 7802K, committed 8576K, reserved 1048576K
}
Event: 1606.496 GC heap before
{Heap before GC invocations=771 (full 5):
 PSYoungGen      total 3072K, used 0K [0x0000000755580000, 0x0000000755980000, 0x0000000800000000)
  eden space 2560K, 0% used [0x0000000755580000,0x0000000755580000,0x0000000755800000)
  from space 512K, 0% used [0x0000000755880000,0x0000000755880000,0x0000000755900000)
  to   space 512K, 0% used [0x0000000755800000,0x0000000755800000,0x0000000755880000)
 ParOldGen       total 112128K, used 85548K [0x0000000600000000, 0x0000000606d80000, 0x0000000755580000)
  object space 112128K, 76% used [0x0000000600000000,0x000000060538b2f8,0x0000000606d80000)
 Metaspace       used 75615K, committed 77312K, reserved 1179648K
  class space    used 7802K, committed 8576K, reserved 1048576K
}
Event: 1606.497 GC heap after
{Heap after GC invocations=771 (full 5):
 PSYoungGen      total 3072K, used 0K [0x0000000755580000, 0x0000000755900000, 0x0000000800000000)
  eden space 2560K, 0% used [0x0000000755580000,0x0000000755580000,0x0000000755800000)
  from space 512K, 0% used [0x0000000755800000,0x0000000755800000,0x0000000755880000)
  to   space 512K, 0% used [0x0000000755880000,0x0000000755880000,0x0000000755900000)
 ParOldGen       total 112128K, used 85548K [0x0000000600000000, 0x0000000606d80000, 0x0000000755580000)
  object space 112128K, 76% used [0x0000000600000000,0x000000060538b2f8,0x0000000606d80000)
 Metaspace       used 75615K, committed 77312K, reserved 1179648K
  class space    used 7802K, committed 8576K, reserved 1048576K
}
Event: 1606.497 GC heap before
{Heap before GC invocations=772 (full 6):
 PSYoungGen      total 3072K, used 0K [0x0000000755580000, 0x0000000755900000, 0x0000000800000000)
  eden space 2560K, 0% used [0x0000000755580000,0x0000000755580000,0x0000000755800000)
  from space 512K, 0% used [0x0000000755800000,0x0000000755800000,0x0000000755880000)
  to   space 512K, 0% used [0x0000000755880000,0x0000000755880000,0x0000000755900000)
 ParOldGen       total 112128K, used 85548K [0x0000000600000000, 0x0000000606d80000, 0x0000000755580000)
  object space 112128K, 76% used [0x0000000600000000,0x000000060538b2f8,0x0000000606d80000)
 Metaspace       used 75615K, committed 77312K, reserved 1179648K
  class space    used 7802K, committed 8576K, reserved 1048576K
}
Event: 1606.754 GC heap after
{Heap after GC invocations=772 (full 6):
 PSYoungGen      total 3072K, used 0K [0x0000000755580000, 0x0000000755980000, 0x0000000800000000)
  eden space 2560K, 0% used [0x0000000755580000,0x0000000755580000,0x0000000755800000)
  from space 512K, 0% used [0x0000000755880000,0x0000000755880000,0x0000000755900000)
  to   space 512K, 0% used [0x0000000755800000,0x0000000755800000,0x0000000755880000)
 ParOldGen       total 109056K, used 76407K [0x0000000600000000, 0x0000000606a80000, 0x0000000755580000)
  object space 109056K, 70% used [0x0000000600000000,0x0000000604a9dff0,0x0000000606a80000)
 Metaspace       used 75130K, committed 77312K, reserved 1179648K
  class space    used 7681K, committed 8576K, reserved 1048576K
}

Dll operation events (20 events):
Event: 0.342 Attempting to load shared library C:\Users\ADMIN\scoop\apps\vscode\1.139.1\data\extensions\redhat.java-1.56.0-win32-x64\jre\21.0.12.1-win32-x86_64\bin\instrument.dll
Event: 0.342 Loaded shared library C:\Users\ADMIN\scoop\apps\vscode\1.139.1\data\extensions\redhat.java-1.56.0-win32-x64\jre\21.0.12.1-win32-x86_64\bin\instrument.dll
Event: 0.354 Attempting to load shared library C:\Users\ADMIN\scoop\apps\vscode\1.139.1\data\extensions\redhat.java-1.56.0-win32-x64\jre\21.0.12.1-win32-x86_64\bin\net.dll
Event: 0.358 Loaded shared library C:\Users\ADMIN\scoop\apps\vscode\1.139.1\data\extensions\redhat.java-1.56.0-win32-x64\jre\21.0.12.1-win32-x86_64\bin\net.dll
Event: 0.365 Attempting to load shared library C:\Users\ADMIN\scoop\apps\vscode\1.139.1\data\extensions\redhat.java-1.56.0-win32-x64\jre\21.0.12.1-win32-x86_64\bin\nio.dll
Event: 0.366 Loaded shared library C:\Users\ADMIN\scoop\apps\vscode\1.139.1\data\extensions\redhat.java-1.56.0-win32-x64\jre\21.0.12.1-win32-x86_64\bin\nio.dll
Event: 0.376 Attempting to load shared library C:\Users\ADMIN\scoop\apps\vscode\1.139.1\data\extensions\redhat.java-1.56.0-win32-x64\jre\21.0.12.1-win32-x86_64\bin\zip.dll
Event: 0.377 Loaded shared library C:\Users\ADMIN\scoop\apps\vscode\1.139.1\data\extensions\redhat.java-1.56.0-win32-x64\jre\21.0.12.1-win32-x86_64\bin\zip.dll
Event: 0.437 Attempting to load shared library C:\Users\ADMIN\scoop\apps\vscode\1.139.1\data\extensions\redhat.java-1.56.0-win32-x64\jre\21.0.12.1-win32-x86_64\bin\jimage.dll
Event: 0.437 Loaded shared library C:\Users\ADMIN\scoop\apps\vscode\1.139.1\data\extensions\redhat.java-1.56.0-win32-x64\jre\21.0.12.1-win32-x86_64\bin\jimage.dll
Event: 0.701 Attempting to load shared library c:\Users\ADMIN\scoop\apps\vscode\1.139.1\data\extensions\redhat.java-1.56.0-win32-x64\jre\21.0.12.1-win32-x86_64\bin\verify.dll
Event: 0.702 Loaded shared library c:\Users\ADMIN\scoop\apps\vscode\1.139.1\data\extensions\redhat.java-1.56.0-win32-x64\jre\21.0.12.1-win32-x86_64\bin\verify.dll
Event: 18.949 Attempting to load shared library C:\Users\ADMIN\scoop\apps\vscode\1.139.1\data\user-data\User\globalStorage\redhat.java\1.56.0\config_win\org.eclipse.equinox.launcher\org.eclipse.equinox.launcher.win32.win32.x86_64_1.3.100.v20260804-1928\eclipse_11924.dl
Event: 18.957 Loaded shared library C:\Users\ADMIN\scoop\apps\vscode\1.139.1\data\user-data\User\globalStorage\redhat.java\1.56.0\config_win\org.eclipse.equinox.launcher\org.eclipse.equinox.launcher.win32.win32.x86_64_1.3.100.v20260804-1928\eclipse_11924.dll
Event: 39.498 Attempting to load shared library C:\Users\ADMIN\AppData\Local\Temp\jna-62130991\jna2649117565768899447.dll
Event: 39.620 Loaded shared library C:\Users\ADMIN\AppData\Local\Temp\jna-62130991\jna2649117565768899447.dll
Event: 42.049 Attempting to load shared library C:\Users\ADMIN\scoop\apps\vscode\1.139.1\data\extensions\redhat.java-1.56.0-win32-x64\jre\21.0.12.1-win32-x86_64\bin\management.dll
Event: 42.050 Loaded shared library C:\Users\ADMIN\scoop\apps\vscode\1.139.1\data\extensions\redhat.java-1.56.0-win32-x64\jre\21.0.12.1-win32-x86_64\bin\management.dll
Event: 42.062 Attempting to load shared library C:\Users\ADMIN\scoop\apps\vscode\1.139.1\data\extensions\redhat.java-1.56.0-win32-x64\jre\21.0.12.1-win32-x86_64\bin\management_ext.dll
Event: 42.064 Loaded shared library C:\Users\ADMIN\scoop\apps\vscode\1.139.1\data\extensions\redhat.java-1.56.0-win32-x64\jre\21.0.12.1-win32-x86_64\bin\management_ext.dll

Deoptimization events (20 events):
Event: 1599.961 Thread 0x0000019ad7368b90 DEOPT PACKING pc=0x0000019af6d290b4 sp=0x0000005b8d9fc6f0
Event: 1599.961 Thread 0x0000019ad7368b90 DEOPT UNPACKING pc=0x0000019af54a6da2 sp=0x0000005b8d9fc678 mode 2
Event: 1600.244 Thread 0x0000019ad7368b90 DEOPT PACKING pc=0x0000019aee7afefb sp=0x0000005b8d9fc940
Event: 1600.244 Thread 0x0000019ad7368b90 DEOPT UNPACKING pc=0x0000019af54a78e2 sp=0x0000005b8d9fbdb0 mode 0
Event: 1600.317 Thread 0x0000019ad7368b90 Uncommon trap: trap_request=0xffffffc6 fr.pc=0x0000019af6c60488 relative=0x00000000000014c8
Event: 1600.317 Thread 0x0000019ad7368b90 Uncommon trap: reason=bimorphic_or_optimized_type_check action=maybe_recompile pc=0x0000019af6c60488 method=java.util.TimSort.mergeLo(IIII)V @ 189 c2
Event: 1600.317 Thread 0x0000019ad7368b90 DEOPT PACKING pc=0x0000019af6c60488 sp=0x0000005b8d9fc8b0
Event: 1600.317 Thread 0x0000019ad7368b90 DEOPT UNPACKING pc=0x0000019af54a6da2 sp=0x0000005b8d9fc890 mode 2
Event: 1600.782 Thread 0x0000019ad736b980 Uncommon trap: trap_request=0xffffff45 fr.pc=0x0000019af6ab5df0 relative=0x0000000000000490
Event: 1600.782 Thread 0x0000019ad736b980 Uncommon trap: reason=unstable_if action=reinterpret pc=0x0000019af6ab5df0 method=org.eclipse.jdt.internal.core.index.Index.isMatch([C[CI)Z @ 1 c2
Event: 1600.782 Thread 0x0000019ad736b980 DEOPT PACKING pc=0x0000019af6ab5df0 sp=0x0000005b8d4fed00
Event: 1600.782 Thread 0x0000019ad736b980 DEOPT UNPACKING pc=0x0000019af54a6da2 sp=0x0000005b8d4feca0 mode 2
Event: 1600.800 Thread 0x0000019ad7368b90 DEOPT PACKING pc=0x0000019af076dbde sp=0x0000005b8d9faf50
Event: 1600.800 Thread 0x0000019ad7368b90 DEOPT UNPACKING pc=0x0000019af54a78e2 sp=0x0000005b8d9fa430 mode 0
Event: 1600.878 Thread 0x0000019ad7368b90 Uncommon trap: trap_request=0xffffff45 fr.pc=0x0000019af61ca17c relative=0x000000000000029c
Event: 1600.878 Thread 0x0000019ad7368b90 Uncommon trap: reason=unstable_if action=reinterpret pc=0x0000019af61ca17c method=java.io.WinNTFileSystem.prefixLength(Ljava/lang/String;)I @ 11 c2
Event: 1600.878 Thread 0x0000019ad7368b90 DEOPT PACKING pc=0x0000019af61ca17c sp=0x0000005b8d9fda30
Event: 1600.878 Thread 0x0000019ad7368b90 DEOPT UNPACKING pc=0x0000019af54a6da2 sp=0x0000005b8d9fd950 mode 2
Event: 1601.620 Thread 0x0000019adc39f510 DEOPT PACKING pc=0x0000019aefe2f239 sp=0x0000005b8d1fe480
Event: 1601.620 Thread 0x0000019adc39f510 DEOPT UNPACKING pc=0x0000019af54a78e2 sp=0x0000005b8d1fd960 mode 0

Classes loaded (20 events):
Event: 1587.856 Loading class java/util/AbstractList$SubList
Event: 1587.857 Loading class java/util/AbstractList$SubList done
Event: 1587.895 Loading class java/util/regex/Pattern$Behind
Event: 1587.895 Loading class java/util/regex/Pattern$Behind done
Event: 1587.896 Loading class java/util/regex/Pattern$Neg
Event: 1587.896 Loading class java/util/regex/Pattern$Neg done
Event: 1589.628 Loading class java/util/zip/CheckedInputStream
Event: 1589.684 Loading class java/util/zip/CheckedInputStream done
Event: 1591.670 Loading class java/util/concurrent/ArrayBlockingQueue
Event: 1591.671 Loading class java/util/concurrent/ArrayBlockingQueue done
Event: 1595.994 Loading class sun/nio/ch/ChannelOutputStream
Event: 1595.994 Loading class sun/nio/ch/ChannelOutputStream done
Event: 1600.895 Loading class java/nio/file/attribute/DosFileAttributeView
Event: 1600.896 Loading class java/nio/file/attribute/DosFileAttributeView done
Event: 1600.896 Loading class java/nio/file/attribute/UserDefinedFileAttributeView
Event: 1600.896 Loading class java/nio/file/attribute/UserDefinedFileAttributeView done
Event: 1600.905 Loading class sun/nio/ch/SocketOutputStream
Event: 1600.906 Loading class sun/nio/ch/SocketOutputStream done
Event: 1600.907 Loading class java/nio/BufferMismatch
Event: 1600.907 Loading class java/nio/BufferMismatch done

Classes unloaded (20 events):
Event: 1606.533 Thread 0x0000019aeaddeba0 Unloading class 0x0000019a91014800 'java/lang/invoke/LambdaForm$MH+0x0000019a91014800'
Event: 1606.533 Thread 0x0000019aeaddeba0 Unloading class 0x0000019a9100d800 'java/lang/invoke/LambdaForm$MH+0x0000019a9100d800'
Event: 1606.533 Thread 0x0000019aeaddeba0 Unloading class 0x0000019a9100d400 'java/lang/invoke/LambdaForm$MH+0x0000019a9100d400'
Event: 1606.533 Thread 0x0000019aeaddeba0 Unloading class 0x0000019a9100d000 'java/lang/invoke/LambdaForm$MH+0x0000019a9100d000'
Event: 1606.533 Thread 0x0000019aeaddeba0 Unloading class 0x0000019a9100cc00 'java/lang/invoke/LambdaForm$MH+0x0000019a9100cc00'
Event: 1606.533 Thread 0x0000019aeaddeba0 Unloading class 0x0000019a9100c800 'java/lang/invoke/LambdaForm$BMH+0x0000019a9100c800'
Event: 1606.533 Thread 0x0000019aeaddeba0 Unloading class 0x0000019a9100c000 'java/lang/invoke/LambdaForm$DMH+0x0000019a9100c000'
Event: 1606.533 Thread 0x0000019aeaddeba0 Unloading class 0x0000019a91008c00 'java/lang/invoke/LambdaForm$MH+0x0000019a91008c00'
Event: 1606.533 Thread 0x0000019aeaddeba0 Unloading class 0x0000019a91008800 'java/lang/invoke/LambdaForm$MH+0x0000019a91008800'
Event: 1606.533 Thread 0x0000019aeaddeba0 Unloading class 0x0000019a91008400 'java/lang/invoke/LambdaForm$MH+0x0000019a91008400'
Event: 1606.533 Thread 0x0000019aeaddeba0 Unloading class 0x0000019a91007000 'java/lang/invoke/LambdaForm$MH+0x0000019a91007000'
Event: 1606.533 Thread 0x0000019aeaddeba0 Unloading class 0x0000019a91006c00 'java/lang/invoke/LambdaForm$MH+0x0000019a91006c00'
Event: 1606.533 Thread 0x0000019aeaddeba0 Unloading class 0x0000019a91006800 'java/lang/invoke/LambdaForm$MH+0x0000019a91006800'
Event: 1606.533 Thread 0x0000019aeaddeba0 Unloading class 0x0000019a91006400 'java/lang/invoke/LambdaForm$MH+0x0000019a91006400'
Event: 1606.533 Thread 0x0000019aeaddeba0 Unloading class 0x0000019a91005c00 'java/lang/invoke/LambdaForm$BMH+0x0000019a91005c00'
Event: 1606.533 Thread 0x0000019aeaddeba0 Unloading class 0x0000019a91004800 'java/lang/invoke/LambdaForm$DMH+0x0000019a91004800'
Event: 1606.533 Thread 0x0000019aeaddeba0 Unloading class 0x0000019a91002400 'java/lang/invoke/LambdaForm$MH+0x0000019a91002400'
Event: 1606.533 Thread 0x0000019aeaddeba0 Unloading class 0x0000019a91002000 'java/lang/invoke/LambdaForm$MH+0x0000019a91002000'
Event: 1606.533 Thread 0x0000019aeaddeba0 Unloading class 0x0000019a91001800 'java/lang/invoke/LambdaForm$MH+0x0000019a91001800'
Event: 1606.533 Thread 0x0000019aeaddeba0 Unloading class 0x0000019a91000400 'java/lang/invoke/LambdaForm$MH+0x0000019a91000400'

Classes redefined (0 events):
No events

Internal exceptions (20 events):
Event: 1591.664 Thread 0x0000019ad736a5d0 Exception <a 'java/lang/NullPointerException'{0x00000007555b2e40}> (0x00000007555b2e40) 
thrown [s\src\hotspot\share\interpreter\linkResolver.cpp, line 1372]
Event: 1591.664 Thread 0x0000019ad736a5d0 Exception <a 'java/lang/NullPointerException'{0x00000007555b4490}> (0x00000007555b4490) 
thrown [s\src\hotspot\share\interpreter\linkResolver.cpp, line 1372]
Event: 1591.711 Thread 0x0000019adbc28e60 Exception <a 'java/lang/NullPointerException'{0x0000000755600590}> (0x0000000755600590) 
thrown [s\src\hotspot\share\interpreter\linkResolver.cpp, line 1372]
Event: 1591.711 Thread 0x0000019adbc28e60 Exception <a 'java/lang/NullPointerException'{0x0000000755608228}> (0x0000000755608228) 
thrown [s\src\hotspot\share\interpreter\linkResolver.cpp, line 1372]
Event: 1591.804 Thread 0x0000019ad736b980 Exception <a 'java/lang/NullPointerException'{0x000000075568a180}> (0x000000075568a180) 
thrown [s\src\hotspot\share\interpreter\linkResolver.cpp, line 1372]
Event: 1591.804 Thread 0x0000019ad736b980 Exception <a 'java/lang/NullPointerException'{0x0000000755698c78}> (0x0000000755698c78) 
thrown [s\src\hotspot\share\interpreter\linkResolver.cpp, line 1372]
Event: 1596.738 Thread 0x0000019ad7368b90 Exception <a 'java/lang/NoSuchMethodError'{0x00000007555d91f8}: 'java.lang.Object java.lang.invoke.DirectMethodHandle$Holder.newInvokeSpecial(java.lang.Object, java.lang.Object, int, java.lang.Object, java.lang.Object)'> (0x00000007555d91f8) 
thrown [s\src\hotspot\share\interpreter\linkResolver.cpp, line 773]
Event: 1596.755 Thread 0x0000019ad7368b90 Exception <a 'java/lang/NoSuchMethodError'{0x00000007555f4f78}: 'java.lang.Object java.lang.invoke.DirectMethodHandle$Holder.invokeSpecial(java.lang.Object, java.lang.Object, java.lang.Object, int, java.lang.Object, java.lang.Object, java.lang.Object)'> (0x00000007555f4f78) 
thrown [s\src\hotspot\share\interpreter\linkResolver.cpp, line 773]
Event: 1597.092 Thread 0x0000019ad7368b90 Exception <a 'java/lang/NoSuchMethodError'{0x00000007556b61d0}: 'void java.lang.invoke.DirectMethodHandle$Holder.invokeStatic(java.lang.Object, int)'> (0x00000007556b61d0) 
thrown [s\src\hotspot\share\interpreter\linkResolver.cpp, line 773]
Event: 1598.019 Thread 0x0000019ad7368b90 Exception <a 'java/io/FileNotFoundException'{0x00000007556eddc8}> (0x00000007556eddc8) 
thrown [s\src\hotspot\share\prims\jni.cpp, line 520]
Event: 1598.021 Thread 0x0000019ad7368b90 Exception <a 'java/io/FileNotFoundException'{0x00000007556ef128}> (0x00000007556ef128) 
thrown [s\src\hotspot\share\prims\jni.cpp, line 520]
Event: 1598.022 Thread 0x0000019ad7368b90 Exception <a 'java/io/FileNotFoundException'{0x00000007556f0168}> (0x00000007556f0168) 
thrown [s\src\hotspot\share\prims\jni.cpp, line 520]
Event: 1599.376 Thread 0x0000019ad736b980 Exception <a 'java/lang/NullPointerException'{0x0000000755729928}> (0x0000000755729928) 
thrown [s\src\hotspot\share\interpreter\linkResolver.cpp, line 1372]
Event: 1599.377 Thread 0x0000019ad736b980 Exception <a 'java/lang/NullPointerException'{0x000000075572ac78}> (0x000000075572ac78) 
thrown [s\src\hotspot\share\interpreter\linkResolver.cpp, line 1372]
Event: 1599.434 Thread 0x0000019ad736b980 Exception <a 'java/lang/NullPointerException'{0x00000007556207d8}> (0x00000007556207d8) 
thrown [s\src\hotspot\share\interpreter\linkResolver.cpp, line 1372]
Event: 1599.439 Thread 0x0000019ad736b980 Exception <a 'java/lang/NullPointerException'{0x0000000755621e18}> (0x0000000755621e18) 
thrown [s\src\hotspot\share\interpreter\linkResolver.cpp, line 1372]
Event: 1599.914 Thread 0x0000019ad7368b90 Implicit null exception at 0x0000019af5b9de06 to 0x0000019af5b9df1c
Event: 1599.914 Thread 0x0000019ad7368b90 Implicit null exception at 0x0000019af621ebfd to 0x0000019af621ee88
Event: 1599.922 Thread 0x0000019ad7368b90 Implicit null exception at 0x0000019af5d340a6 to 0x0000019af5d34d60
Event: 1600.782 Thread 0x0000019ad736b980 Implicit null exception at 0x0000019af6ab597d to 0x0000019af6ab5de0

ZGC Phase Switch (0 events):
No events

VM Operations (20 events):
Event: 1599.890 Executing safepoint VM operation: ParallelGCFailedAllocation (Allocation Failure) done
Event: 1599.904 Executing safepoint VM operation: ParallelGCFailedAllocation (Allocation Failure)
Event: 1599.907 Executing safepoint VM operation: ParallelGCFailedAllocation (Allocation Failure) done
Event: 1599.951 Executing safepoint VM operation: ParallelGCFailedAllocation (Allocation Failure)
Event: 1599.954 Executing safepoint VM operation: ParallelGCFailedAllocation (Allocation Failure) done
Event: 1600.000 Executing safepoint VM operation: ParallelGCFailedAllocation (Allocation Failure)
Event: 1600.003 Executing safepoint VM operation: ParallelGCFailedAllocation (Allocation Failure) done
Event: 1600.051 Executing safepoint VM operation: ParallelGCFailedAllocation (Allocation Failure)
Event: 1600.054 Executing safepoint VM operation: ParallelGCFailedAllocation (Allocation Failure) done
Event: 1600.321 Executing safepoint VM operation: ParallelGCFailedAllocation (Allocation Failure)
Event: 1600.625 Executing safepoint VM operation: ParallelGCFailedAllocation (Allocation Failure) done
Event: 1600.716 Executing safepoint VM operation: ParallelGCFailedAllocation (Allocation Failure)
Event: 1600.720 Executing safepoint VM operation: ParallelGCFailedAllocation (Allocation Failure) done
Event: 1600.815 Executing safepoint VM operation: ParallelGCFailedAllocation (Allocation Failure)
Event: 1600.819 Executing safepoint VM operation: ParallelGCFailedAllocation (Allocation Failure) done
Event: 1601.022 Executing safepoint VM operation: ParallelGCFailedAllocation (Allocation Failure)
Event: 1601.026 Executing safepoint VM operation: ParallelGCFailedAllocation (Allocation Failure) done
Event: 1602.027 Executing safepoint VM operation: Cleanup
Event: 1603.962 Executing safepoint VM operation: Cleanup done
Event: 1603.963 Executing safepoint VM operation: ParallelGCFailedAllocation (Allocation Failure)

Memory protections (0 events):
No events

Nmethod flushes (20 events):
Event: 1606.582 Thread 0x0000019aeaddeba0 flushing  nmethod 0x0000019af0612e90
Event: 1606.582 Thread 0x0000019aeaddeba0 flushing  nmethod 0x0000019af0616490
Event: 1606.582 Thread 0x0000019aeaddeba0 flushing  nmethod 0x0000019af0620590
Event: 1606.582 Thread 0x0000019aeaddeba0 flushing  nmethod 0x0000019af0620b10
Event: 1606.582 Thread 0x0000019aeaddeba0 flushing  nmethod 0x0000019af0625810
Event: 1606.582 Thread 0x0000019aeaddeba0 flushing  nmethod 0x0000019af0644210
Event: 1606.582 Thread 0x0000019aeaddeba0 flushing  nmethod 0x0000019af0649d10
Event: 1606.582 Thread 0x0000019aeaddeba0 flushing  nmethod 0x0000019af0669c90
Event: 1606.582 Thread 0x0000019aeaddeba0 flushing  nmethod 0x0000019af066aa10
Event: 1606.582 Thread 0x0000019aeaddeba0 flushing  nmethod 0x0000019af066b010
Event: 1606.582 Thread 0x0000019aeaddeba0 flushing  nmethod 0x0000019af066b790
Event: 1606.582 Thread 0x0000019aeaddeba0 flushing  nmethod 0x0000019af066e510
Event: 1606.582 Thread 0x0000019aeaddeba0 flushing  nmethod 0x0000019af066f510
Event: 1606.582 Thread 0x0000019aeaddeba0 flushing  nmethod 0x0000019af066fc90
Event: 1606.582 Thread 0x0000019aeaddeba0 flushing  nmethod 0x0000019af0679190
Event: 1606.582 Thread 0x0000019aeaddeba0 flushing  nmethod 0x0000019af0689f10
Event: 1606.582 Thread 0x0000019aeaddeba0 flushing  nmethod 0x0000019af069e690
Event: 1606.582 Thread 0x0000019aeaddeba0 flushing  nmethod 0x0000019af06c4110
Event: 1606.582 Thread 0x0000019aeaddeba0 flushing  nmethod 0x0000019af06c5110
Event: 1606.582 Thread 0x0000019aeaddeba0 flushing  nmethod 0x0000019af06c5510

Events (20 events):
Event: 1590.273 Thread 0x0000019ad73698b0 Thread added: 0x0000019ad736a5d0
Event: 1590.594 Thread 0x0000019ad736a5d0 Thread added: 0x0000019adbc29b80
Event: 1590.975 Thread 0x0000019ad7368b90 Thread added: 0x0000019adbc2a210
Event: 1591.673 Thread 0x0000019ad7368b90 Thread added: 0x0000019adbc28e60
Event: 1596.006 Thread 0x0000019ad9c6d580 Thread exited: 0x0000019ad9c6d580
Event: 1597.443 Thread 0x0000019ad21849b0 Thread added: 0x0000019ad9c6d580
Event: 1597.707 Thread 0x0000019ad9c6d580 Thread exited: 0x0000019ad9c6d580
Event: 1598.157 Thread 0x0000019aea88d960 Thread added: 0x0000019ad9c6d580
Event: 1598.320 Thread 0x0000019ad9c6d580 Thread exited: 0x0000019ad9c6d580
Event: 1598.322 Thread 0x0000019ad7368b90 Thread added: 0x0000019adbc2b5c0
Event: 1598.323 Thread 0x0000019ad7368b90 Thread added: 0x0000019adbc2bc50
Event: 1598.323 Thread 0x0000019ad7368b90 Thread added: 0x0000019adbc294f0
Event: 1598.756 Thread 0x0000019ad21849b0 Thread added: 0x0000019ad9c6f0c0
Event: 1598.873 Thread 0x0000019ad7368b90 Thread added: 0x0000019adbc2c2e0
Event: 1598.873 Thread 0x0000019ad7368b90 Thread added: 0x0000019adbc2af30
Event: 1599.487 Thread 0x0000019adbc2b5c0 Thread exited: 0x0000019adbc2b5c0
Event: 1599.488 Thread 0x0000019adbc2bc50 Thread exited: 0x0000019adbc2bc50
Event: 1599.488 Thread 0x0000019adbc2af30 Thread exited: 0x0000019adbc2af30
Event: 1599.489 Thread 0x0000019adbc2c2e0 Thread exited: 0x0000019adbc2c2e0
Event: 1599.491 Thread 0x0000019adbc294f0 Thread exited: 0x0000019adbc294f0


Dynamic libraries:
0x00007ff62fc40000 - 0x00007ff62fc4e000 	c:\Users\ADMIN\scoop\apps\vscode\1.139.1\data\extensions\redhat.java-1.56.0-win32-x64\jre\21.0.12.1-win32-x86_64\bin\java.exe
0x00007ffcd1540000 - 0x00007ffcd17a7000 	C:\WINDOWS\SYSTEM32\ntdll.dll
0x00007ffcd0640000 - 0x00007ffcd070b000 	C:\WINDOWS\System32\KERNEL32.DLL
0x00007ffcce740000 - 0x00007ffcceb41000 	C:\WINDOWS\System32\KERNELBASE.dll
0x00007ffccee40000 - 0x00007ffccef8c000 	C:\WINDOWS\System32\ucrtbase.dll
0x00007ffcb0e40000 - 0x00007ffcb0e58000 	c:\Users\ADMIN\scoop\apps\vscode\1.139.1\data\extensions\redhat.java-1.56.0-win32-x64\jre\21.0.12.1-win32-x86_64\bin\jli.dll
0x00007ffcb10c0000 - 0x00007ffcb10de000 	c:\Users\ADMIN\scoop\apps\vscode\1.139.1\data\extensions\redhat.java-1.56.0-win32-x64\jre\21.0.12.1-win32-x86_64\bin\VCRUNTIME140.dll
0x00007ffccf970000 - 0x00007ffccfb47000 	C:\WINDOWS\System32\USER32.dll
0x00007ffccec80000 - 0x00007ffcceca7000 	C:\WINDOWS\System32\win32u.dll
0x00007ffcb4b50000 - 0x00007ffcb4de0000 	C:\WINDOWS\WinSxS\amd64_microsoft.windows.common-controls_6595b64144ccf1df_6.0.26100.9549_none_3e0a0396e3330090\COMCTL32.dll
0x00007ffccfb50000 - 0x00007ffccfb7b000 	C:\WINDOWS\System32\GDI32.dll
0x00007ffcd0330000 - 0x00007ffcd03d9000 	C:\WINDOWS\System32\msvcrt.dll
0x00007ffcceb50000 - 0x00007ffccec78000 	C:\WINDOWS\System32\gdi32full.dll
0x00007ffccf120000 - 0x00007ffccf1c3000 	C:\WINDOWS\System32\msvcp_win.dll
0x00007ffcd14b0000 - 0x00007ffcd14e1000 	C:\WINDOWS\System32\IMM32.DLL
0x00007ffccb130000 - 0x00007ffccb13c000 	c:\Users\ADMIN\scoop\apps\vscode\1.139.1\data\extensions\redhat.java-1.56.0-win32-x64\jre\21.0.12.1-win32-x86_64\bin\vcruntime140_1.dll
0x00007ffcab910000 - 0x00007ffcab99d000 	c:\Users\ADMIN\scoop\apps\vscode\1.139.1\data\extensions\redhat.java-1.56.0-win32-x64\jre\21.0.12.1-win32-x86_64\bin\msvcp140.dll
0x00007ffc59030000 - 0x00007ffc59dd2000 	c:\Users\ADMIN\scoop\apps\vscode\1.139.1\data\extensions\redhat.java-1.56.0-win32-x64\jre\21.0.12.1-win32-x86_64\bin\server\jvm.dll
0x00007ffccf420000 - 0x00007ffccf4db000 	C:\WINDOWS\System32\ADVAPI32.dll
0x00007ffccfcd0000 - 0x00007ffccfd78000 	C:\WINDOWS\System32\sechost.dll
0x00007ffcd0710000 - 0x00007ffcd0828000 	C:\WINDOWS\System32\RPCRT4.dll
0x00007ffcd03e0000 - 0x00007ffcd0461000 	C:\WINDOWS\System32\WS2_32.dll
0x00007ffcce5b0000 - 0x00007ffcce60e000 	C:\WINDOWS\SYSTEM32\POWRPROF.dll
0x00007ffcc5a10000 - 0x00007ffcc5a47000 	C:\WINDOWS\SYSTEM32\WINMM.dll
0x00007ffcbf0a0000 - 0x00007ffcbf0ab000 	C:\WINDOWS\SYSTEM32\VERSION.dll
0x00007ffcce590000 - 0x00007ffcce5a5000 	C:\WINDOWS\SYSTEM32\UMPDC.dll
0x00007ffccd3b0000 - 0x00007ffccd3cb000 	C:\WINDOWS\SYSTEM32\kernel.appcore.dll
0x00007ffcbe2d0000 - 0x00007ffcbe2da000 	c:\Users\ADMIN\scoop\apps\vscode\1.139.1\data\extensions\redhat.java-1.56.0-win32-x64\jre\21.0.12.1-win32-x86_64\bin\jimage.dll
0x00007ffccbb80000 - 0x00007ffccbdcc000 	C:\WINDOWS\SYSTEM32\DBGHELP.DLL
0x00007ffccffa0000 - 0x00007ffcd032a000 	C:\WINDOWS\System32\combase.dll
0x00007ffcd0c20000 - 0x00007ffcd0cf9000 	C:\WINDOWS\System32\OLEAUT32.dll
0x00007ffc83460000 - 0x00007ffc8349b000 	C:\WINDOWS\SYSTEM32\dbgcore.DLL
0x00007ffccf060000 - 0x00007ffccf10c000 	C:\WINDOWS\System32\bcryptPrimitives.dll
0x00007ffcbde20000 - 0x00007ffcbde2f000 	c:\Users\ADMIN\scoop\apps\vscode\1.139.1\data\extensions\redhat.java-1.56.0-win32-x64\jre\21.0.12.1-win32-x86_64\bin\instrument.dll
0x00007ffcb0a10000 - 0x00007ffcb0a30000 	c:\Users\ADMIN\scoop\apps\vscode\1.139.1\data\extensions\redhat.java-1.56.0-win32-x64\jre\21.0.12.1-win32-x86_64\bin\java.dll
0x00007ffcd0d00000 - 0x00007ffcd149c000 	C:\WINDOWS\System32\SHELL32.dll
0x00007ffccc130000 - 0x00007ffccc9dd000 	C:\WINDOWS\SYSTEM32\windows.storage.dll
0x00007ffccf290000 - 0x00007ffccf389000 	C:\WINDOWS\System32\SHCORE.dll
0x00007ffccfc60000 - 0x00007ffccfcc6000 	C:\WINDOWS\System32\shlwapi.dll
0x00007ffcce650000 - 0x00007ffcce679000 	C:\WINDOWS\SYSTEM32\profapi.dll
0x00007ffcaee20000 - 0x00007ffcaee38000 	c:\Users\ADMIN\scoop\apps\vscode\1.139.1\data\extensions\redhat.java-1.56.0-win32-x64\jre\21.0.12.1-win32-x86_64\bin\zip.dll
0x00007ffcbddc0000 - 0x00007ffcbddd0000 	C:\Users\ADMIN\scoop\apps\vscode\1.139.1\data\extensions\redhat.java-1.56.0-win32-x64\jre\21.0.12.1-win32-x86_64\bin\net.dll
0x00007ffcbf970000 - 0x00007ffcbfa9a000 	C:\WINDOWS\SYSTEM32\WINHTTP.dll
0x00007ffccd980000 - 0x00007ffccd9ec000 	C:\WINDOWS\system32\mswsock.dll
0x00007ffcaede0000 - 0x00007ffcaedf6000 	C:\Users\ADMIN\scoop\apps\vscode\1.139.1\data\extensions\redhat.java-1.56.0-win32-x64\jre\21.0.12.1-win32-x86_64\bin\nio.dll
0x00007ffcbd3c0000 - 0x00007ffcbd3d0000 	c:\Users\ADMIN\scoop\apps\vscode\1.139.1\data\extensions\redhat.java-1.56.0-win32-x64\jre\21.0.12.1-win32-x86_64\bin\verify.dll
0x00007ffca8a70000 - 0x00007ffca8ab5000 	C:\Users\ADMIN\scoop\apps\vscode\1.139.1\data\user-data\User\globalStorage\redhat.java\1.56.0\config_win\org.eclipse.equinox.launcher\org.eclipse.equinox.launcher.win32.win32.x86_64_1.3.100.v20260804-1928\eclipse_11924.dll
0x00007ffccfd80000 - 0x00007ffccff1a000 	C:\WINDOWS\System32\ole32.dll
0x00007ffccdc90000 - 0x00007ffccdcab000 	C:\WINDOWS\SYSTEM32\CRYPTSP.dll
0x00007ffccd310000 - 0x00007ffccd349000 	C:\WINDOWS\system32\rsaenh.dll
0x00007ffccda30000 - 0x00007ffccda64000 	C:\WINDOWS\SYSTEM32\USERENV.dll
0x00007ffcce620000 - 0x00007ffcce64a000 	C:\WINDOWS\SYSTEM32\bcrypt.dll
0x00007ffccdcb0000 - 0x00007ffccdcbc000 	C:\WINDOWS\SYSTEM32\CRYPTBASE.dll
0x00007ffcccd40000 - 0x00007ffcccd73000 	C:\WINDOWS\SYSTEM32\IPHLPAPI.DLL
0x00007ffcd0b50000 - 0x00007ffcd0b5a000 	C:\WINDOWS\System32\NSI.dll
0x00007ffc879e0000 - 0x00007ffc87a29000 	C:\Users\ADMIN\AppData\Local\Temp\jna-62130991\jna2649117565768899447.dll
0x00007ffcd14f0000 - 0x00007ffcd14f8000 	C:\WINDOWS\System32\PSAPI.DLL
0x00007ffcbdf10000 - 0x00007ffcbdf1a000 	C:\Users\ADMIN\scoop\apps\vscode\1.139.1\data\extensions\redhat.java-1.56.0-win32-x64\jre\21.0.12.1-win32-x86_64\bin\management.dll
0x00007ffcbb990000 - 0x00007ffcbb99c000 	C:\Users\ADMIN\scoop\apps\vscode\1.139.1\data\extensions\redhat.java-1.56.0-win32-x64\jre\21.0.12.1-win32-x86_64\bin\management_ext.dll
0x00007ffcc59e0000 - 0x00007ffcc59fe000 	C:\WINDOWS\SYSTEM32\dhcpcsvc6.DLL
0x00007ffcc59b0000 - 0x00007ffcc59d5000 	C:\WINDOWS\SYSTEM32\dhcpcsvc.DLL

JVMTI agents:
c:\Users\ADMIN\scoop\apps\vscode\1.139.1\data\extensions\redhat.java-1.56.0-win32-x64\lombok\lombok-1.18.39-4050.jar path:c:\Users\ADMIN\scoop\apps\vscode\1.139.1\data\extensions\redhat.java-1.56.0-win32-x64\jre\21.0.12.1-win32-x86_64\bin\instrument.dll, loaded, initialized, instrumentlib options:none

dbghelp: loaded successfully - version: 4.0.5 - missing functions: none
symbol engine: initialized successfully - sym options: 0x614 - pdb path: .;c:\Users\ADMIN\scoop\apps\vscode\1.139.1\data\extensions\redhat.java-1.56.0-win32-x64\jre\21.0.12.1-win32-x86_64\bin;C:\WINDOWS\SYSTEM32;C:\WINDOWS\WinSxS\amd64_microsoft.windows.common-controls_6595b64144ccf1df_6.0.26100.9549_none_3e0a0396e3330090;c:\Users\ADMIN\scoop\apps\vscode\1.139.1\data\extensions\redhat.java-1.56.0-win32-x64\jre\21.0.12.1-win32-x86_64\bin\server;C:\Users\ADMIN\scoop\apps\vscode\1.139.1\data\user-data\User\globalStorage\redhat.java\1.56.0\config_win\org.eclipse.equinox.launcher\org.eclipse.equinox.launcher.win32.win32.x86_64_1.3.100.v20260804-1928;C:\Users\ADMIN\AppData\Local\Temp\jna-62130991

VM Arguments:
jvm_args: --add-modules=ALL-SYSTEM --add-opens=java.base/java.util=ALL-UNNAMED --add-opens=java.base/java.lang=ALL-UNNAMED --add-opens=java.base/sun.nio.fs=ALL-UNNAMED -Declipse.application=org.eclipse.jdt.ls.core.id1 -Dosgi.bundles.defaultStartLevel=4 -Declipse.product=org.eclipse.jdt.ls.core.product -Djava.import.generatesMetadataFilesAtProjectRoot=false -Dm2e.project.cache.size=50 -DDetectVMInstallationsJob.disabled=true -Dfile.encoding=utf8 -XX:+UseParallelGC -XX:GCTimeRatio=4 -XX:AdaptiveSizePolicyWeight=90 -Dsun.zip.disableMemoryMapping=true -Xmx8G -Xms100m -Xlog:disable -javaagent:c:\Users\ADMIN\scoop\apps\vscode\1.139.1\data\extensions\redhat.java-1.56.0-win32-x64\lombok\lombok-1.18.39-4050.jar -XX:+HeapDumpOnOutOfMemoryError -XX:HeapDumpPath=c:\Users\ADMIN\scoop\apps\vscode\1.139.1\data\user-data\User\workspaceStorage\110a943552c2eca42e37e305f3ec4404\redhat.java -Daether.dependencyCollector.impl=bf 
java_command: C:\Users\ADMIN\scoop\persist\vscode\data\extensions\redhat.java-1.56.0-win32-x64\server\plugins\org.eclipse.equinox.launcher_1.8.0.v20260804-1928.jar -configuration c:\Users\ADMIN\scoop\apps\vscode\1.139.1\data\user-data\User\globalStorage\redhat.java\1.56.0\config_win -data c:\Users\ADMIN\scoop\apps\vscode\1.139.1\data\user-data\User\workspaceStorage\110a943552c2eca42e37e305f3ec4404\redhat.java\jdt_ws --pipe=\\.\pipe\lsp-903348f48fb81e38c94e8727edd4ee71-sock
java_class_path (initial): C:\Users\ADMIN\scoop\persist\vscode\data\extensions\redhat.java-1.56.0-win32-x64\server\plugins\org.eclipse.equinox.launcher_1.8.0.v20260804-1928.jar
Launcher Type: SUN_STANDARD

[Global flags]
    uintx AdaptiveSizePolicyWeight                 = 90                                        {product} {command line}
     intx CICompilerCount                          = 4                                         {product} {ergonomic}
    uintx GCTimeRatio                              = 4                                         {product} {command line}
     bool HeapDumpOnOutOfMemoryError               = true                                   {manageable} {command line}
    ccstr HeapDumpPath                             = c:\Users\ADMIN\scoop\apps\vscode\1.139.1\data\user-data\User\workspaceStorage\110a943552c2eca42e37e305f3ec4404\redhat.java         {manageable} {command line}
   size_t InitialHeapSize                          = 104857600                                 {product} {command line}
   size_t MaxHeapSize                              = 8589934592                                {product} {command line}
   size_t MaxNewSize                               = 2863136768                                {product} {ergonomic}
   size_t MinHeapDeltaBytes                        = 524288                                    {product} {ergonomic}
   size_t MinHeapSize                              = 104857600                                 {product} {command line}
   size_t NewSize                                  = 34603008                                  {product} {ergonomic}
    uintx NonNMethodCodeHeapSize                   = 5839372                                {pd product} {ergonomic}
    uintx NonProfiledCodeHeapSize                  = 122909434                              {pd product} {ergonomic}
   size_t OldSize                                  = 70254592                                  {product} {ergonomic}
    uintx ProfiledCodeHeapSize                     = 122909434                              {pd product} {ergonomic}
    uintx ReservedCodeCacheSize                    = 251658240                              {pd product} {ergonomic}
     bool SegmentedCodeCache                       = true                                      {product} {ergonomic}
   size_t SoftMaxHeapSize                          = 8589934592                             {manageable} {ergonomic}
     bool UseCompressedOops                        = true                           {product lp64_product} {ergonomic}
     bool UseLargePagesIndividualAllocation        = false                                  {pd product} {ergonomic}
     bool UseParallelGC                            = true                                      {product} {command line}

Logging:
Log output configuration:
 #0: stdout all=off uptime,level,tags foldmultilines=false
 #1: stderr all=off uptime,level,tags foldmultilines=false

Release file:
JAVA_VERSION="21.0.12.1" 
MODULES="java.base java.compiler java.datatransfer java.xml java.prefs java.desktop java.instrument java.logging java.management java.security.sasl java.naming java.rmi java.management.rmi java.net.http java.scripting java.security.jgss java.transaction.xa java.sql java.sql.rowset java.xml.crypto java.se java.smartcardio jdk.accessibility jdk.internal.jvmstat jdk.attach jdk.charsets jdk.internal.opt jdk.zipfs jdk.compiler jdk.crypto.ec jdk.crypto.cryptoki jdk.crypto.mscapi jdk.dynalink jdk.internal.ed jdk.editpad jdk.hotspot.agent jdk.httpserver jdk.internal.le jdk.internal.vm.ci jdk.internal.vm.compiler jdk.internal.vm.compiler.management jdk.jartool jdk.javadoc jdk.jcmd jdk.management jdk.management.agent jdk.jconsole jdk.jdeps jdk.jdwp.agent jdk.jdi jdk.jfr jdk.jshell jdk.jsobject jdk.jstatd jdk.localedata jdk.management.jfr jdk.naming.dns jdk.naming.rmi jdk.net jdk.nio.mapmode jdk.random jdk.sctp jdk.security.auth jdk.security.jgss jdk.unsupported jdk.unsupported.desktop jdk.xml.dom" 

Environment Variables:
JAVA_HOME=C:\Users\ADMIN\scoop\apps\openjdk\current
PATH=C:\Users\ADMIN\scoop\apps\dotnet-sdk\current;C:\WINDOWS\system32;C:\WINDOWS;C:\WINDOWS\System32\Wbem;C:\WINDOWS\System32\WindowsPowerShell\v1.0\;C:\WINDOWS\System32\OpenSSH\;C:\Program Files (x86)\Gpg4win\..\GnuPG\bin;C:\Program Files (x86)\Microsoft SQL Server\170\Tools\Binn\;C:\Program Files\Microsoft SQL Server\170\Tools\Binn\;C:\Program Files\Microsoft SQL Server\Client SDK\ODBC\180\Tools\Binn\;C:\Program Files\Microsoft SQL Server\170\DTS\Binn\;C:\Program Files\Docker\Docker\resources\bin;C:\Program Files\dotnet\;C:\Users\ADMIN\scoop\apps\msys2\current\ucrt64\bin;C:\Users\ADMIN\scoop\apps\msys2\current\mingw64\bin;F:\Workspace\XAMPP\php;C:\Users\ADMIN\scoop\apps\vscode\current\bin;C:\Users\ADMIN\scoop\persist\uv\tools\shims;C:\Users\ADMIN\scoop\persist\uv\python\shims;C:\Users\ADMIN\scoop\apps\pnpm\current\bin;C:\Users\ADMIN\scoop\apps\openjdk\current\bin;C:\Users\ADMIN\scoop\apps\dotnet-sdk\current;C:\Users\ADMIN\scoop\apps\git\current\cmd;c:\Users\ADMIN\scoop\apps\cursor\3.2.16\resources\app\codeBin;C:\Users\ADMIN\scoop\shims;C:\Users\ADMIN\AppData\Local\Microsoft\WindowsApps;C:\Program Files\JetBrains\IntelliJ IDEA Community Edition 2022.3\bin;C:\Program Files\MySQL\MySQL Server 9.3\bin;E:\program_download\VSCode-win32-x64-1.104.2\bin;;C:\Users\ADMIN\.dotnet\tools;C:\Users\ADMIN\scoop\apps\msys2\current\ucrt64\bin;C:\Users\ADMIN\scoop\apps\msys2\current\mingw64\bin
USERNAME=ADMIN
OS=Windows_NT
PROCESSOR_IDENTIFIER=Intel64 Family 6 Model 140 Stepping 1, GenuineIntel
TMP=C:\Users\ADMIN\AppData\Local\Temp
TEMP=C:\Users\ADMIN\AppData\Local\Temp




Periodic native trim disabled

---------------  S Y S T E M  ---------------

OS:
 Windows 11 , 64 bit Build 26100 (10.0.26100.9549)
OS uptime: 5 days 18:47 hours
Hyper-V role detected

CPU: total 8 (initial active 8) (4 cores per cpu, 2 threads per core) family 6 model 140 stepping 1 microcode 0xbe, cx8, cmov, fxsr, ht, mmx, 3dnowpref, sse, sse2, sse3, ssse3, sse4.1, sse4.2, popcnt, lzcnt, tsc, tscinvbit, avx, avx2, aes, erms, clmul, bmi1, bmi2, adx, avx512f, avx512dq, avx512cd, avx512bw, avx512vl, sha, fma, vzeroupper, avx512_vpopcntdq, avx512_vpclmulqdq, avx512_vaes, avx512_vnni, clflush, clflushopt, clwb, avx512_vbmi2, avx512_vbmi, hv, rdtscp, rdpid, fsrm, gfni, avx512_bitalg, f16c, cet_ibt, cet_ss, avx512_ifma
Processor Information for the first 8 processors :
  Max Mhz: 2419, Current Mhz: 2419, Mhz Limit: 2419

Memory: 4k page, system-wide physical 7914M (792M free)
TotalPageFile size 21819M (AvailPageFile size 3M)
current process WorkingSet (physical memory assigned to process): 374M, peak: 444M
current process commit charge ("private bytes"): 6041M, peak: 6052M

vm_info: OpenJDK 64-Bit Server VM (21.0.12.1+1-LTS) for windows-amd64 JRE (21.0.12.1+1-LTS), built on 2026-08-18T00:00:00Z by "admin" with MS VC++ 17.12 (VS2022)

END.
