#
# There is insufficient memory for the Java Runtime Environment to continue.
# Native memory allocation (malloc) failed to allocate 4494880 bytes. Error detail: Chunk::new
# Possible reasons:
#   The system is out of physical RAM or swap space
#   This process is running with CompressedOops enabled, and the Java Heap may be blocking the growth of the native heap
# Possible solutions:
#   Reduce memory load on the system
#   Increase physical memory or swap space
#   Check if swap backing store is full
#   Decrease Java heap size (-Xmx/-Xms)
#   Decrease number of Java threads
#   Decrease Java thread stack sizes (-Xss)
#   Set larger code cache with -XX:ReservedCodeCacheSize=
#   JVM is running with Zero Based Compressed Oops mode in which the Java heap is
#     placed in the first 32GB address space. The Java Heap base address is the
#     maximum limit for the native heap growth. Please use -XX:HeapBaseMinAddress
#     to set the Java Heap base and to place the Java Heap above 32GB virtual address.
# This output file may be truncated or incomplete.
#
#  Out of Memory Error (arena.cpp:168), pid=11952, tid=1328
#
# JRE version: OpenJDK Runtime Environment Temurin-21.0.12.1+1 (21.0.12.1+1) (build 21.0.12.1+1-LTS)
# Java VM: OpenJDK 64-Bit Server VM Temurin-21.0.12.1+1 (21.0.12.1+1-LTS, mixed mode, sharing, tiered, compressed oops, compressed class ptrs, parallel gc, windows-amd64)
# No core dump will be written. Minidumps are not enabled by default on client versions of Windows
#

---------------  S U M M A R Y ------------

Command Line: --add-modules=ALL-SYSTEM --add-opens=java.base/java.util=ALL-UNNAMED --add-opens=java.base/java.lang=ALL-UNNAMED --add-opens=java.base/sun.nio.fs=ALL-UNNAMED -Declipse.application=org.eclipse.jdt.ls.core.id1 -Dosgi.bundles.defaultStartLevel=4 -Declipse.product=org.eclipse.jdt.ls.core.product -Djava.import.generatesMetadataFilesAtProjectRoot=false -Dm2e.project.cache.size=50 -DDetectVMInstallationsJob.disabled=true -Dfile.encoding=utf8 -XX:+UseParallelGC -XX:GCTimeRatio=4 -XX:AdaptiveSizePolicyWeight=90 -Dsun.zip.disableMemoryMapping=true -Xmx8G -Xms100m -Xlog:disable -javaagent:c:\Users\ADMIN\scoop\apps\vscode\1.139.1\data\extensions\redhat.java-1.56.0-win32-x64\lombok\lombok-1.18.39-4050.jar -XX:+HeapDumpOnOutOfMemoryError -XX:HeapDumpPath=c:\Users\ADMIN\scoop\apps\vscode\1.139.1\data\user-data\User\workspaceStorage\110a943552c2eca42e37e305f3ec4404\redhat.java -Daether.dependencyCollector.impl=bf C:\Users\ADMIN\scoop\persist\vscode\data\extensions\redhat.java-1.56.0-win32-x64\server\plugins\org.eclipse.equinox.launcher_1.8.0.v20260804-1928.jar -configuration c:\Users\ADMIN\scoop\apps\vscode\1.139.1\data\user-data\User\globalStorage\redhat.java\1.56.0\config_win -data c:\Users\ADMIN\scoop\apps\vscode\1.139.1\data\user-data\User\workspaceStorage\110a943552c2eca42e37e305f3ec4404\redhat.java\jdt_ws --stdio

Host: 11th Gen Intel(R) Core(TM) i5-1135G7 @ 2.40GHz, 8 cores, 7G,  Windows 11 , 64 bit Build 26100 (10.0.26100.9549)
Time: Wed Sep 30 10:02:59 2026 SE Asia Standard Time elapsed time: 977.960756 seconds (0d 0h 16m 17s)

---------------  T H R E A D  ---------------

Current thread (0x00000206fa73e020):  JavaThread "C2 CompilerThread2" daemon [_thread_in_native, id=1328, stack(0x0000001fdd400000,0x0000001fdd500000) (1024K)]


Current CompileTask:
C2:977960 17212       4       lombok.eclipse.agent.PatchExtensionMethod::getTypeNode (47 bytes)

Stack: [0x0000001fdd400000,0x0000001fdd500000]
Native frames: (J=compiled Java code, j=interpreted, Vv=VM code, C=native code)
V  [jvm.dll+0x6d83e9]
V  [jvm.dll+0x8b5736]
V  [jvm.dll+0x8b7cee]
V  [jvm.dll+0x8b83d3]
V  [jvm.dll+0x284596]
V  [jvm.dll+0xc685d]
V  [jvm.dll+0xc6da1]
V  [jvm.dll+0x3bf18b]
V  [jvm.dll+0x1e4149]
V  [jvm.dll+0x24c853]
V  [jvm.dll+0x24bce0]
V  [jvm.dll+0x1cb4ae]
V  [jvm.dll+0x25baad]
V  [jvm.dll+0x25a03a]
V  [jvm.dll+0x3f8aae]
V  [jvm.dll+0x8600cd]
V  [jvm.dll+0x6d6c1d]
C  [ucrtbase.dll+0x2cd30]
C  [KERNEL32.DLL+0x2cdf7]
C  [ntdll.dll+0x7ee4c]


---------------  P R O C E S S  ---------------

Threads class SMR info:
_java_thread_list=0x00000206f8024e20, length=58, elements={
0x00000206cd6674e0, 0x00000206cd7174b0, 0x00000206cd7183d0, 0x00000206cd268920,
0x00000206cd26b4c0, 0x00000206cd7196d0, 0x00000206cd26d640, 0x00000206cd26f940,
0x00000206cd273cb0, 0x00000206f3b90df0, 0x00000206f3b90760, 0x00000206f3b8f3b0,
0x00000206f3b921a0, 0x00000206f3b91480, 0x00000206f3b8fa40, 0x00000206f3b91b10,
0x00000206f3b92830, 0x00000206f3b900d0, 0x00000206f894b5f0, 0x00000206f894d030,
0x00000206f894f100, 0x00000206f894bc80, 0x00000206f8952580, 0x00000206f894fe20,
0x00000206f89504b0, 0x00000206f8950b40, 0x00000206fb924d00, 0x00000206fb922c30,
0x00000206fb9225a0, 0x00000206fb925390, 0x00000206fb921f10, 0x00000206fb926740,
0x00000206fb9260b0, 0x00000206fb926dd0, 0x00000206f894c310, 0x00000206f894af60,
0x00000206f8951860, 0x00000206f96c7eb0, 0x00000206f96c4a30, 0x00000206f96c5de0,
0x00000206f96c5750, 0x00000206f96c7820, 0x00000206f96c8540, 0x00000206f96c50c0,
0x00000206f96ca610, 0x00000206f96cb330, 0x00000206f96c8bd0, 0x00000206f96cc050,
0x000002070843f060, 0x00000206fa73edc0, 0x0000020708441e50, 0x0000020708442b70,
0x00000206fa73e020, 0x00000207084424e0, 0x0000020708443200, 0x0000020708443890,
0x0000020708443f20, 0x0000020708440aa0
}

Java Threads: ( => current thread )
  0x00000206cd6674e0 JavaThread "main"                              [_thread_blocked, id=21460, stack(0x0000001fdb800000,0x0000001fdb900000) (1024K)]
  0x00000206cd7174b0 JavaThread "Reference Handler"          daemon [_thread_blocked, id=17256, stack(0x0000001fdbc00000,0x0000001fdbd00000) (1024K)]
  0x00000206cd7183d0 JavaThread "Finalizer"                  daemon [_thread_blocked, id=15176, stack(0x0000001fdbd00000,0x0000001fdbe00000) (1024K)]
  0x00000206cd268920 JavaThread "Signal Dispatcher"          daemon [_thread_blocked, id=14260, stack(0x0000001fdbe00000,0x0000001fdbf00000) (1024K)]
  0x00000206cd26b4c0 JavaThread "Attach Listener"            daemon [_thread_blocked, id=8684, stack(0x0000001fdbf00000,0x0000001fdc000000) (1024K)]
  0x00000206cd7196d0 JavaThread "Service Thread"             daemon [_thread_blocked, id=20644, stack(0x0000001fdc000000,0x0000001fdc100000) (1024K)]
  0x00000206cd26d640 JavaThread "Monitor Deflation Thread"   daemon [_thread_blocked, id=18868, stack(0x0000001fdc100000,0x0000001fdc200000) (1024K)]
  0x00000206cd26f940 JavaThread "C2 CompilerThread0"         daemon [_thread_in_native, id=15352, stack(0x0000001fdc200000,0x0000001fdc300000) (1024K)]
  0x00000206cd273cb0 JavaThread "C1 CompilerThread0"         daemon [_thread_blocked, id=13600, stack(0x0000001fdc300000,0x0000001fdc400000) (1024K)]
  0x00000206f3b90df0 JavaThread "Common-Cleaner"             daemon [_thread_blocked, id=15808, stack(0x0000001fdc500000,0x0000001fdc600000) (1024K)]
  0x00000206f3b90760 JavaThread "Notification Thread"        daemon [_thread_blocked, id=2880, stack(0x0000001fdc600000,0x0000001fdc700000) (1024K)]
  0x00000206f3b8f3b0 JavaThread "Active Thread: Equinox Container: 2265ac82-44ab-4e66-a7eb-0970e1638a0a"        [_thread_blocked, id=12124, stack(0x0000001fdce00000,0x0000001fdcf00000) (1024K)]
  0x00000206f3b921a0 JavaThread "Refresh Thread: Equinox Container: 2265ac82-44ab-4e66-a7eb-0970e1638a0a" daemon [_thread_blocked, id=9836, stack(0x0000001fdd000000,0x0000001fdd100000) (1024K)]
  0x00000206f3b91480 JavaThread "Framework Event Dispatcher: Equinox Container: 2265ac82-44ab-4e66-a7eb-0970e1638a0a" daemon [_thread_blocked, id=20912, stack(0x0000001fdd100000,0x0000001fdd200000) (1024K)]
  0x00000206f3b8fa40 JavaThread "Start Level: Equinox Container: 2265ac82-44ab-4e66-a7eb-0970e1638a0a" daemon [_thread_blocked, id=16476, stack(0x0000001fdd200000,0x0000001fdd300000) (1024K)]
  0x00000206f3b91b10 JavaThread "Bundle File Closer"         daemon [_thread_blocked, id=2604, stack(0x0000001fdd300000,0x0000001fdd400000) (1024K)]
  0x00000206f3b92830 JavaThread "SCR Component Actor"        daemon [_thread_blocked, id=2508, stack(0x0000001fdc400000,0x0000001fdc500000) (1024K)]
  0x00000206f3b900d0 JavaThread "Worker-JM"                         [_thread_blocked, id=9952, stack(0x0000001fdd500000,0x0000001fdd600000) (1024K)]
  0x00000206f894b5f0 JavaThread "JNA Cleaner"                daemon [_thread_blocked, id=10908, stack(0x0000001fdc700000,0x0000001fdc800000) (1024K)]
  0x00000206f894d030 JavaThread "pool-2-thread-1"                   [_thread_blocked, id=16816, stack(0x0000001fddf00000,0x0000001fde000000) (1024K)]
  0x00000206f894f100 JavaThread "WorkspaceEventsHandler"            [_thread_blocked, id=16584, stack(0x0000001fde000000,0x0000001fde100000) (1024K)]
  0x00000206f894bc80 JavaThread "pool-1-thread-1"                   [_thread_in_native, id=4132, stack(0x0000001fde100000,0x0000001fde200000) (1024K)]
  0x00000206f8952580 JavaThread "PatternSearchJob-worker-3"  daemon [_thread_blocked, id=17960, stack(0x0000001fde400000,0x0000001fde500000) (1024K)]
  0x00000206f894fe20 JavaThread "PatternSearchJob-worker-4"  daemon [_thread_blocked, id=18528, stack(0x0000001fde500000,0x0000001fde600000) (1024K)]
  0x00000206f89504b0 JavaThread "PatternSearchJob-worker-6"  daemon [_thread_blocked, id=10868, stack(0x0000001fde700000,0x0000001fde800000) (1024K)]
  0x00000206f8950b40 JavaThread "PatternSearchJob-worker-7"  daemon [_thread_blocked, id=8308, stack(0x0000001fde800000,0x0000001fde900000) (1024K)]
  0x00000206fb924d00 JavaThread "Cleaner-0"                  daemon [_thread_blocked, id=14340, stack(0x0000001fdf000000,0x0000001fdf100000) (1024K)]
  0x00000206fb922c30 JavaThread "Worker-5"                          [_thread_blocked, id=15440, stack(0x0000001fdb700000,0x0000001fdb800000) (1024K)]
  0x00000206fb9225a0 JavaThread "Worker-7: Building"                [_thread_blocked, id=19792, stack(0x0000001fdda00000,0x0000001fddb00000) (1024K)]
  0x00000206fb925390 JavaThread "LocalFile Deleter"          daemon [_thread_blocked, id=15792, stack(0x0000001fddb00000,0x0000001fddc00000) (1024K)]
  0x00000206fb921f10 JavaThread "LocalFile Deleter"          daemon [_thread_blocked, id=17472, stack(0x0000001fddc00000,0x0000001fddd00000) (1024K)]
  0x00000206fb926740 JavaThread "LocalFile Deleter"          daemon [_thread_blocked, id=3336, stack(0x0000001fddd00000,0x0000001fdde00000) (1024K)]
  0x00000206fb9260b0 JavaThread "LocalFile Deleter"          daemon [_thread_blocked, id=20920, stack(0x0000001fde300000,0x0000001fde400000) (1024K)]
  0x00000206fb926dd0 JavaThread "LocalFile Deleter"          daemon [_thread_blocked, id=14016, stack(0x0000001fde600000,0x0000001fde700000) (1024K)]
  0x00000206f894c310 JavaThread "LocalFile Deleter"          daemon [_thread_blocked, id=11936, stack(0x0000001fde900000,0x0000001fdea00000) (1024K)]
  0x00000206f894af60 JavaThread "LocalFile Deleter"          daemon [_thread_blocked, id=14172, stack(0x0000001fdea00000,0x0000001fdeb00000) (1024K)]
  0x00000206f8951860 JavaThread "Compiler Source File Reader" daemon [_thread_blocked, id=2212, stack(0x0000001fdec00000,0x0000001fded00000) (1024K)]
  0x00000206f96c7eb0 JavaThread "Compiler Source File Reader" daemon [_thread_blocked, id=18472, stack(0x0000001fded00000,0x0000001fdee00000) (1024K)]
  0x00000206f96c4a30 JavaThread "Compiler Source File Reader" daemon [_thread_blocked, id=18576, stack(0x0000001fdee00000,0x0000001fdef00000) (1024K)]
  0x00000206f96c5de0 JavaThread "Compiler Source File Reader" daemon [_thread_blocked, id=1936, stack(0x0000001fdef00000,0x0000001fdf000000) (1024K)]
  0x00000206f96c5750 JavaThread "Compiler Source File Reader" daemon [_thread_blocked, id=14952, stack(0x0000001fdf100000,0x0000001fdf200000) (1024K)]
  0x00000206f96c7820 JavaThread "Compiler Source File Reader" daemon [_thread_blocked, id=11744, stack(0x0000001fdf200000,0x0000001fdf300000) (1024K)]
  0x00000206f96c8540 JavaThread "Compiler Class File Writer" daemon [_thread_blocked, id=12728, stack(0x0000001fdf400000,0x0000001fdf500000) (1024K)]
  0x00000206f96c50c0 JavaThread "Compiler Class File Writer" daemon [_thread_blocked, id=19140, stack(0x0000001fdf500000,0x0000001fdf600000) (1024K)]
  0x00000206f96ca610 JavaThread "Compiler Class File Writer" daemon [_thread_blocked, id=20368, stack(0x0000001fdf600000,0x0000001fdf700000) (1024K)]
  0x00000206f96cb330 JavaThread "Compiler Class File Writer" daemon [_thread_blocked, id=6280, stack(0x0000001fdf700000,0x0000001fdf800000) (1024K)]
  0x00000206f96c8bd0 JavaThread "Compiler Class File Writer" daemon [_thread_blocked, id=8608, stack(0x0000001fdf800000,0x0000001fdf900000) (1024K)]
  0x00000206f96cc050 JavaThread "Compiler Class File Writer" daemon [_thread_blocked, id=10180, stack(0x0000001fdf900000,0x0000001fdfa00000) (1024K)]
  0x000002070843f060 JavaThread "ForkJoinPool.commonPool-worker-10" daemon [_thread_blocked, id=21056, stack(0x0000001fdb500000,0x0000001fdb600000) (1024K)]
  0x00000206fa73edc0 JavaThread "C2 CompilerThread1"         daemon [_thread_in_native, id=11204, stack(0x0000001fdb600000,0x0000001fdb700000) (1024K)]
  0x0000020708441e50 JavaThread "ForkJoinPool.commonPool-worker-11" daemon [_thread_blocked, id=13900, stack(0x0000001fdd600000,0x0000001fdd700000) (1024K)]
  0x0000020708442b70 JavaThread "PatternSearchJob-worker-8"  daemon [_thread_blocked, id=17296, stack(0x0000001fdd700000,0x0000001fdd800000) (1024K)]
=>0x00000206fa73e020 JavaThread "C2 CompilerThread2"         daemon [_thread_in_native, id=1328, stack(0x0000001fdd400000,0x0000001fdd500000) (1024K)]
  0x00000207084424e0 JavaThread "Compiler Processing Task"   daemon [_thread_in_native, id=16948, stack(0x0000001fdd900000,0x0000001fdda00000) (1024K)]
  0x0000020708443200 JavaThread "Worker-9"                          [_thread_blocked, id=13004, stack(0x0000001fdde00000,0x0000001fddf00000) (1024K)]
  0x0000020708443890 JavaThread "Java indexing"              daemon [_thread_in_native, id=3300, stack(0x0000001fde200000,0x0000001fde300000) (1024K)]
  0x0000020708443f20 JavaThread "Worker-10: Java indexing... "        [_thread_blocked, id=5704, stack(0x0000001fdd800000,0x0000001fdd900000) (1024K)]
  0x0000020708440aa0 JavaThread "Worker-11: Validate documents"        [_thread_in_native, id=8752, stack(0x0000001fdeb00000,0x0000001fdec00000) (1024K)]
Total: 58

Other Threads:
  0x00000206cd2635f0 VMThread "VM Thread"                           [id=12900, stack(0x0000001fdbb00000,0x0000001fdbc00000) (1024K)]
  0x00000206cd6d1fc0 WatcherThread "VM Periodic Task Thread"        [id=19588, stack(0x0000001fdba00000,0x0000001fdbb00000) (1024K)]
  0x00000206cd685240 WorkerThread "GC Thread#0"                     [id=5632, stack(0x0000001fdb900000,0x0000001fdba00000) (1024K)]
  0x00000206f8849040 WorkerThread "GC Thread#1"                     [id=17640, stack(0x0000001fdc800000,0x0000001fdc900000) (1024K)]
  0x00000206f88493f0 WorkerThread "GC Thread#2"                     [id=8120, stack(0x0000001fdc900000,0x0000001fdca00000) (1024K)]
  0x00000206f8847f90 WorkerThread "GC Thread#3"                     [id=14512, stack(0x0000001fdca00000,0x0000001fdcb00000) (1024K)]
  0x00000206f8425250 WorkerThread "GC Thread#4"                     [id=17424, stack(0x0000001fdcb00000,0x0000001fdcc00000) (1024K)]
  0x00000206f8425600 WorkerThread "GC Thread#5"                     [id=11360, stack(0x0000001fdcc00000,0x0000001fdcd00000) (1024K)]
  0x00000206f8745090 WorkerThread "GC Thread#6"                     [id=4332, stack(0x0000001fdcd00000,0x0000001fdce00000) (1024K)]
  0x00000206f87e6b40 WorkerThread "GC Thread#7"                     [id=11784, stack(0x0000001fdcf00000,0x0000001fdd000000) (1024K)]
Total: 10

Threads with active compile tasks:
C2 CompilerThread0  978064 17223   !   4       lombok.eclipse.TransformEclipseAST::getAST (64 bytes)
C1 CompilerThread0  978064 17347       3       sun.util.locale.provider.LocaleProviderAdapter::getAdapter (177 bytes)
C2 CompilerThread1  978065 17330       4       org.eclipse.jdt.internal.compiler.ast.MessageSend::resolveType (2175 bytes)
C2 CompilerThread2  978065 17212       4       lombok.eclipse.agent.PatchExtensionMethod::getTypeNode (47 bytes)
Total: 4

VM state: not at safepoint (normal execution)

VM Mutex/Monitor currently owned by a thread: None

Heap address: 0x0000000600000000, size: 8192 MB, Compressed Oops mode: Zero based, Oop shift amount: 3

CDS archive(s) mapped at: [0x0000020680000000-0x0000020680ba0000-0x0000020680ba0000), size 12189696, SharedBaseAddress: 0x0000020680000000, ArchiveRelocationMode: 1.
Compressed class space mapped at: 0x0000020681000000-0x00000206c1000000, reserved size: 1073741824
Narrow klass base: 0x0000020680000000, Narrow klass shift: 0, Narrow klass range: 0x100000000

GC Precious Log:
 CardTable entry size: 512
 CPUs: 8 total, 8 available
 Memory: 7914M
 Large Page Support: Disabled
 NUMA Support: Disabled
 Compressed Oops: Enabled (Zero based)
 Alignments: Space 512K, Generation 512K, Heap 2M
 Heap Min Capacity: 100M
 Heap Initial Capacity: 100M
 Heap Max Capacity: 8G
 Pre-touch: Disabled
 Parallel Workers: 8

Heap:
 PSYoungGen      total 2560K, used 1717K [0x0000000755580000, 0x0000000755900000, 0x0000000800000000)
  eden space 1536K, 61% used [0x0000000755580000,0x000000075566c888,0x0000000755700000)
  from space 1024K, 75% used [0x0000000755800000,0x00000007558c0bd0,0x0000000755900000)
  to   space 1024K, 0% used [0x0000000755700000,0x0000000755700000,0x0000000755800000)
 ParOldGen       total 154624K, used 150036K [0x0000000600000000, 0x0000000609700000, 0x0000000755580000)
  object space 154624K, 97% used [0x0000000600000000,0x0000000609285220,0x0000000609700000)
 Metaspace       used 75170K, committed 76800K, reserved 1179648K
  class space    used 7611K, committed 8320K, reserved 1048576K

Card table byte_map: [0x00000206df860000,0x00000206e0870000] _byte_map_base: 0x00000206dc860000

Marking Bits: (ParMarkBitMap*) 0x00007ffc569844a0
 Begin Bits: [0x00000206e1320000, 0x00000206e9320000)
 End Bits:   [0x00000206e9320000, 0x00000206f1320000)

Polling page: 0x00000206cb4e0000

Metaspace:

Usage:
  Non-class:     65.98 MB used.
      Class:      7.43 MB used.
       Both:     73.41 MB used.

Virtual space:
  Non-class space:      128.00 MB reserved,      66.88 MB ( 52%) committed,  2 nodes.
      Class space:        1.00 GB reserved,       8.12 MB ( <1%) committed,  1 nodes.
             Both:        1.12 GB reserved,      75.00 MB (  7%) committed. 

Chunk freelists:
   Non-Class:  12.60 MB
       Class:  7.80 MB
        Both:  20.40 MB

MaxMetaspaceSize: unlimited
CompressedClassSpaceSize: 1.00 GB
Initial GC threshold: 21.00 MB
Current GC threshold: 120.56 MB
CDS: on
 - commit_granule_bytes: 65536.
 - commit_granule_words: 8192.
 - virtual_space_node_default_size: 8388608.
 - enlarge_chunks_in_place: 1.
 - use_allocation_guard: 0.


Internal statistics:

num_allocs_failed_limit: 11.
num_arena_births: 1518.
num_arena_deaths: 26.
num_vsnodes_births: 3.
num_vsnodes_deaths: 0.
num_space_committed: 1200.
num_space_uncommitted: 0.
num_chunks_returned_to_freelist: 39.
num_chunks_taken_from_freelist: 5311.
num_chunk_merges: 18.
num_chunk_splits: 3176.
num_chunks_enlarged: 1700.
num_inconsistent_stats: 0.

CodeHeap 'non-profiled nmethods': size=120000Kb used=14567Kb max_used=14567Kb free=105432Kb
 bounds [0x00000206d8330000, 0x00000206d9170000, 0x00000206df860000]
CodeHeap 'profiled nmethods': size=120000Kb used=39055Kb max_used=39055Kb free=80944Kb
 bounds [0x00000206d0860000, 0x00000206d2e90000, 0x00000206d7d90000]
CodeHeap 'non-nmethods': size=5760Kb used=1481Kb max_used=1669Kb free=4278Kb
 bounds [0x00000206d7d90000, 0x00000206d8000000, 0x00000206d8330000]
CodeCache: size=245760Kb, used=55103Kb, max_used=55291Kb, free=190654Kb
 total_blobs=16451, nmethods=15662, adapters=693, full_count=0
Compilation: enabled, stopped_count=0, restarted_count=0

Compilation events (20 events):
Event: 977.554 Thread 0x00000206cd273cb0 17320       3       org.eclipse.jdt.internal.compiler.SourceElementNotifier::extractTypeReferences (47 bytes)
Event: 977.555 Thread 0x00000206cd273cb0 nmethod 17320 0x00000206d2e74f90 code [0x00000206d2e75180, 0x00000206d2e756c0]
Event: 977.559 Thread 0x00000206fa73edc0 nmethod 17314 0x00000206d9163410 code [0x00000206d91636a0, 0x00000206d91652c8]
Event: 977.559 Thread 0x00000206fa73edc0 17311       4       org.eclipse.jdt.internal.core.JavaElementRequestor::acceptPackageFragment (28 bytes)
Event: 977.612 Thread 0x00000206cd273cb0 17321       3       org.eclipse.jdt.internal.compiler.ast.Assignment::getLastField (97 bytes)
Event: 977.613 Thread 0x00000206cd273cb0 nmethod 17321 0x00000206d2e75890 code [0x00000206d2e75ac0, 0x00000206d2e765b0]
Event: 977.622 Thread 0x00000206fa73edc0 nmethod 17311 0x00000206d9166090 code [0x00000206d9166260, 0x00000206d91666a8]
Event: 977.622 Thread 0x00000206fa73edc0 17297       4       lombok.eclipse.handlers.HandleVal::visitLocal (351 bytes)
Event: 977.664 Thread 0x00000206cd273cb0 17324       3       org.eclipse.jdt.internal.compiler.lookup.InferenceSubstitution::isInSites (41 bytes)
Event: 977.665 Thread 0x00000206cd273cb0 nmethod 17324 0x00000206d2e76790 code [0x00000206d2e76960, 0x00000206d2e76bf8]
Event: 977.665 Thread 0x00000206cd273cb0 17323       3       org.eclipse.jdt.internal.compiler.lookup.ConstraintExpressionFormula::inferPolyInvocationType (548 bytes)
Event: 977.673 Thread 0x00000206cd273cb0 nmethod 17323 0x00000206d2e76d10 code [0x00000206d2e77340, 0x00000206d2e7a570]
Event: 977.703 Thread 0x00000206cd273cb0 17331       3       java.lang.invoke.LambdaForm$MH/0x0000020681767c00::invoke (42 bytes)
Event: 977.917 Thread 0x00000206fa73edc0 nmethod 17297 0x00000206d9166d90 code [0x00000206d9167040, 0x00000206d9167f28]
Event: 977.917 Thread 0x00000206fa73edc0 17330       4       org.eclipse.jdt.internal.compiler.ast.MessageSend::resolveType (2175 bytes)
Event: 977.918 Thread 0x00000206cd273cb0 nmethod 17331 0x00000206d2e7b710 code [0x00000206d2e7b9a0, 0x00000206d2e7c728]
Event: 977.918 Thread 0x00000206cd273cb0 17333       3       java.util.stream.MatchOps$1MatchSink::accept (44 bytes)
Event: 977.919 Thread 0x00000206cd273cb0 nmethod 17333 0x00000206d2e7cb90 code [0x00000206d2e7cd40, 0x00000206d2e7cfa8]
Event: 977.919 Thread 0x00000206cd273cb0 17332       3       org.eclipse.jdt.internal.compiler.ast.CompilationUnitDeclaration::checkUnusedImports (74 bytes)
Event: 977.920 Thread 0x00000206cd273cb0 nmethod 17332 0x00000206d2e7d090 code [0x00000206d2e7d260, 0x00000206d2e7d698]

GC Heap History (20 events):
Event: 976.119 GC heap before
{Heap before GC invocations=190 (full 4):
 PSYoungGen      total 2560K, used 2336K [0x0000000755580000, 0x0000000755900000, 0x0000000800000000)
  eden space 1536K, 100% used [0x0000000755580000,0x0000000755700000,0x0000000755700000)
  from space 1024K, 78% used [0x0000000755700000,0x00000007557c8250,0x0000000755800000)
  to   space 1024K, 0% used [0x0000000755800000,0x0000000755800000,0x0000000755900000)
 ParOldGen       total 154624K, used 144081K [0x0000000600000000, 0x0000000609700000, 0x0000000755580000)
  object space 154624K, 93% used [0x0000000600000000,0x0000000608cb47a8,0x0000000609700000)
 Metaspace       used 75108K, committed 76736K, reserved 1179648K
  class space    used 7609K, committed 8320K, reserved 1048576K
}
Event: 976.121 GC heap after
{Heap after GC invocations=190 (full 4):
 PSYoungGen      total 2560K, used 640K [0x0000000755580000, 0x0000000755900000, 0x0000000800000000)
  eden space 1536K, 0% used [0x0000000755580000,0x0000000755580000,0x0000000755700000)
  from space 1024K, 62% used [0x0000000755800000,0x00000007558a0020,0x0000000755900000)
  to   space 1024K, 0% used [0x0000000755700000,0x0000000755700000,0x0000000755800000)
 ParOldGen       total 154624K, used 144834K [0x0000000600000000, 0x0000000609700000, 0x0000000755580000)
  object space 154624K, 93% used [0x0000000600000000,0x0000000608d70a08,0x0000000609700000)
 Metaspace       used 75108K, committed 76736K, reserved 1179648K
  class space    used 7609K, committed 8320K, reserved 1048576K
}
Event: 976.216 GC heap before
{Heap before GC invocations=191 (full 4):
 PSYoungGen      total 2560K, used 2176K [0x0000000755580000, 0x0000000755900000, 0x0000000800000000)
  eden space 1536K, 100% used [0x0000000755580000,0x0000000755700000,0x0000000755700000)
  from space 1024K, 62% used [0x0000000755800000,0x00000007558a0020,0x0000000755900000)
  to   space 1024K, 0% used [0x0000000755700000,0x0000000755700000,0x0000000755800000)
 ParOldGen       total 154624K, used 144834K [0x0000000600000000, 0x0000000609700000, 0x0000000755580000)
  object space 154624K, 93% used [0x0000000600000000,0x0000000608d70a08,0x0000000609700000)
 Metaspace       used 75108K, committed 76736K, reserved 1179648K
  class space    used 7609K, committed 8320K, reserved 1048576K
}
Event: 976.220 GC heap after
{Heap after GC invocations=191 (full 4):
 PSYoungGen      total 2560K, used 672K [0x0000000755580000, 0x0000000755900000, 0x0000000800000000)
  eden space 1536K, 0% used [0x0000000755580000,0x0000000755580000,0x0000000755700000)
  from space 1024K, 65% used [0x0000000755700000,0x00000007557a8000,0x0000000755800000)
  to   space 1024K, 0% used [0x0000000755800000,0x0000000755800000,0x0000000755900000)
 ParOldGen       total 154624K, used 145370K [0x0000000600000000, 0x0000000609700000, 0x0000000755580000)
  object space 154624K, 94% used [0x0000000600000000,0x0000000608df6a28,0x0000000609700000)
 Metaspace       used 75108K, committed 76736K, reserved 1179648K
  class space    used 7609K, committed 8320K, reserved 1048576K
}
Event: 976.690 GC heap before
{Heap before GC invocations=192 (full 4):
 PSYoungGen      total 2560K, used 2208K [0x0000000755580000, 0x0000000755900000, 0x0000000800000000)
  eden space 1536K, 100% used [0x0000000755580000,0x0000000755700000,0x0000000755700000)
  from space 1024K, 65% used [0x0000000755700000,0x00000007557a8000,0x0000000755800000)
  to   space 1024K, 0% used [0x0000000755800000,0x0000000755800000,0x0000000755900000)
 ParOldGen       total 154624K, used 145370K [0x0000000600000000, 0x0000000609700000, 0x0000000755580000)
  object space 154624K, 94% used [0x0000000600000000,0x0000000608df6a28,0x0000000609700000)
 Metaspace       used 75108K, committed 76736K, reserved 1179648K
  class space    used 7609K, committed 8320K, reserved 1048576K
}
Event: 976.694 GC heap after
{Heap after GC invocations=192 (full 4):
 PSYoungGen      total 2560K, used 480K [0x0000000755580000, 0x0000000755900000, 0x0000000800000000)
  eden space 1536K, 0% used [0x0000000755580000,0x0000000755580000,0x0000000755700000)
  from space 1024K, 46% used [0x0000000755800000,0x0000000755878000,0x0000000755900000)
  to   space 1024K, 0% used [0x0000000755700000,0x0000000755700000,0x0000000755800000)
 ParOldGen       total 154624K, used 145910K [0x0000000600000000, 0x0000000609700000, 0x0000000755580000)
  object space 154624K, 94% used [0x0000000600000000,0x0000000608e7da38,0x0000000609700000)
 Metaspace       used 75108K, committed 76736K, reserved 1179648K
  class space    used 7609K, committed 8320K, reserved 1048576K
}
Event: 976.717 GC heap before
{Heap before GC invocations=193 (full 4):
 PSYoungGen      total 2560K, used 2016K [0x0000000755580000, 0x0000000755900000, 0x0000000800000000)
  eden space 1536K, 100% used [0x0000000755580000,0x0000000755700000,0x0000000755700000)
  from space 1024K, 46% used [0x0000000755800000,0x0000000755878000,0x0000000755900000)
  to   space 1024K, 0% used [0x0000000755700000,0x0000000755700000,0x0000000755800000)
 ParOldGen       total 154624K, used 145910K [0x0000000600000000, 0x0000000609700000, 0x0000000755580000)
  object space 154624K, 94% used [0x0000000600000000,0x0000000608e7da38,0x0000000609700000)
 Metaspace       used 75109K, committed 76736K, reserved 1179648K
  class space    used 7609K, committed 8320K, reserved 1048576K
}
Event: 976.720 GC heap after
{Heap after GC invocations=193 (full 4):
 PSYoungGen      total 2560K, used 608K [0x0000000755580000, 0x0000000755900000, 0x0000000800000000)
  eden space 1536K, 0% used [0x0000000755580000,0x0000000755580000,0x0000000755700000)
  from space 1024K, 59% used [0x0000000755700000,0x0000000755798000,0x0000000755800000)
  to   space 1024K, 0% used [0x0000000755800000,0x0000000755800000,0x0000000755900000)
 ParOldGen       total 154624K, used 146302K [0x0000000600000000, 0x0000000609700000, 0x0000000755580000)
  object space 154624K, 94% used [0x0000000600000000,0x0000000608edfa38,0x0000000609700000)
 Metaspace       used 75109K, committed 76736K, reserved 1179648K
  class space    used 7609K, committed 8320K, reserved 1048576K
}
Event: 976.913 GC heap before
{Heap before GC invocations=194 (full 4):
 PSYoungGen      total 2560K, used 2144K [0x0000000755580000, 0x0000000755900000, 0x0000000800000000)
  eden space 1536K, 100% used [0x0000000755580000,0x0000000755700000,0x0000000755700000)
  from space 1024K, 59% used [0x0000000755700000,0x0000000755798000,0x0000000755800000)
  to   space 1024K, 0% used [0x0000000755800000,0x0000000755800000,0x0000000755900000)
 ParOldGen       total 154624K, used 146302K [0x0000000600000000, 0x0000000609700000, 0x0000000755580000)
  object space 154624K, 94% used [0x0000000600000000,0x0000000608edfa38,0x0000000609700000)
 Metaspace       used 75118K, committed 76736K, reserved 1179648K
  class space    used 7609K, committed 8320K, reserved 1048576K
}
Event: 976.917 GC heap after
{Heap after GC invocations=194 (full 4):
 PSYoungGen      total 2560K, used 736K [0x0000000755580000, 0x0000000755900000, 0x0000000800000000)
  eden space 1536K, 0% used [0x0000000755580000,0x0000000755580000,0x0000000755700000)
  from space 1024K, 71% used [0x0000000755800000,0x00000007558b8250,0x0000000755900000)
  to   space 1024K, 0% used [0x0000000755700000,0x0000000755700000,0x0000000755800000)
 ParOldGen       total 154624K, used 146726K [0x0000000600000000, 0x0000000609700000, 0x0000000755580000)
  object space 154624K, 94% used [0x0000000600000000,0x0000000608f49ad8,0x0000000609700000)
 Metaspace       used 75118K, committed 76736K, reserved 1179648K
  class space    used 7609K, committed 8320K, reserved 1048576K
}
Event: 977.037 GC heap before
{Heap before GC invocations=195 (full 4):
 PSYoungGen      total 2560K, used 2272K [0x0000000755580000, 0x0000000755900000, 0x0000000800000000)
  eden space 1536K, 100% used [0x0000000755580000,0x0000000755700000,0x0000000755700000)
  from space 1024K, 71% used [0x0000000755800000,0x00000007558b8250,0x0000000755900000)
  to   space 1024K, 0% used [0x0000000755700000,0x0000000755700000,0x0000000755800000)
 ParOldGen       total 154624K, used 146726K [0x0000000600000000, 0x0000000609700000, 0x0000000755580000)
  object space 154624K, 94% used [0x0000000600000000,0x0000000608f49ad8,0x0000000609700000)
 Metaspace       used 75120K, committed 76736K, reserved 1179648K
  class space    used 7609K, committed 8320K, reserved 1048576K
}
Event: 977.044 GC heap after
{Heap after GC invocations=195 (full 4):
 PSYoungGen      total 2560K, used 608K [0x0000000755580000, 0x0000000755900000, 0x0000000800000000)
  eden space 1536K, 0% used [0x0000000755580000,0x0000000755580000,0x0000000755700000)
  from space 1024K, 59% used [0x0000000755700000,0x0000000755798020,0x0000000755800000)
  to   space 1024K, 0% used [0x0000000755800000,0x0000000755800000,0x0000000755900000)
 ParOldGen       total 154624K, used 147358K [0x0000000600000000, 0x0000000609700000, 0x0000000755580000)
  object space 154624K, 95% used [0x0000000600000000,0x0000000608fe78a0,0x0000000609700000)
 Metaspace       used 75120K, committed 76736K, reserved 1179648K
  class space    used 7609K, committed 8320K, reserved 1048576K
}
Event: 977.136 GC heap before
{Heap before GC invocations=196 (full 4):
 PSYoungGen      total 2560K, used 2144K [0x0000000755580000, 0x0000000755900000, 0x0000000800000000)
  eden space 1536K, 100% used [0x0000000755580000,0x0000000755700000,0x0000000755700000)
  from space 1024K, 59% used [0x0000000755700000,0x0000000755798020,0x0000000755800000)
  to   space 1024K, 0% used [0x0000000755800000,0x0000000755800000,0x0000000755900000)
 ParOldGen       total 154624K, used 147358K [0x0000000600000000, 0x0000000609700000, 0x0000000755580000)
  object space 154624K, 95% used [0x0000000600000000,0x0000000608fe78a0,0x0000000609700000)
 Metaspace       used 75129K, committed 76736K, reserved 1179648K
  class space    used 7609K, committed 8320K, reserved 1048576K
}
Event: 977.143 GC heap after
{Heap after GC invocations=196 (full 4):
 PSYoungGen      total 2560K, used 704K [0x0000000755580000, 0x0000000755900000, 0x0000000800000000)
  eden space 1536K, 0% used [0x0000000755580000,0x0000000755580000,0x0000000755700000)
  from space 1024K, 68% used [0x0000000755800000,0x00000007558b0000,0x0000000755900000)
  to   space 1024K, 0% used [0x0000000755700000,0x0000000755700000,0x0000000755800000)
 ParOldGen       total 154624K, used 147942K [0x0000000600000000, 0x0000000609700000, 0x0000000755580000)
  object space 154624K, 95% used [0x0000000600000000,0x00000006090798c0,0x0000000609700000)
 Metaspace       used 75129K, committed 76736K, reserved 1179648K
  class space    used 7609K, committed 8320K, reserved 1048576K
}
Event: 977.607 GC heap before
{Heap before GC invocations=197 (full 4):
 PSYoungGen      total 2560K, used 2240K [0x0000000755580000, 0x0000000755900000, 0x0000000800000000)
  eden space 1536K, 100% used [0x0000000755580000,0x0000000755700000,0x0000000755700000)
  from space 1024K, 68% used [0x0000000755800000,0x00000007558b0000,0x0000000755900000)
  to   space 1024K, 0% used [0x0000000755700000,0x0000000755700000,0x0000000755800000)
 ParOldGen       total 154624K, used 147942K [0x0000000600000000, 0x0000000609700000, 0x0000000755580000)
  object space 154624K, 95% used [0x0000000600000000,0x00000006090798c0,0x0000000609700000)
 Metaspace       used 75144K, committed 76736K, reserved 1179648K
  class space    used 7611K, committed 8320K, reserved 1048576K
}
Event: 977.611 GC heap after
{Heap after GC invocations=197 (full 4):
 PSYoungGen      total 2560K, used 704K [0x0000000755580000, 0x0000000755900000, 0x0000000800000000)
  eden space 1536K, 0% used [0x0000000755580000,0x0000000755580000,0x0000000755700000)
  from space 1024K, 68% used [0x0000000755700000,0x00000007557b0270,0x0000000755800000)
  to   space 1024K, 0% used [0x0000000755800000,0x0000000755800000,0x0000000755900000)
 ParOldGen       total 154624K, used 148494K [0x0000000600000000, 0x0000000609700000, 0x0000000755580000)
  object space 154624K, 96% used [0x0000000600000000,0x00000006091038c0,0x0000000609700000)
 Metaspace       used 75144K, committed 76736K, reserved 1179648K
  class space    used 7611K, committed 8320K, reserved 1048576K
}
Event: 977.772 GC heap before
{Heap before GC invocations=198 (full 4):
 PSYoungGen      total 2560K, used 2240K [0x0000000755580000, 0x0000000755900000, 0x0000000800000000)
  eden space 1536K, 100% used [0x0000000755580000,0x0000000755700000,0x0000000755700000)
  from space 1024K, 68% used [0x0000000755700000,0x00000007557b0270,0x0000000755800000)
  to   space 1024K, 0% used [0x0000000755800000,0x0000000755800000,0x0000000755900000)
 ParOldGen       total 154624K, used 148494K [0x0000000600000000, 0x0000000609700000, 0x0000000755580000)
  object space 154624K, 96% used [0x0000000600000000,0x00000006091038c0,0x0000000609700000)
 Metaspace       used 75156K, committed 76800K, reserved 1179648K
  class space    used 7611K, committed 8320K, reserved 1048576K
}
Event: 977.781 GC heap after
{Heap after GC invocations=198 (full 4):
 PSYoungGen      total 2560K, used 672K [0x0000000755580000, 0x0000000755900000, 0x0000000800000000)
  eden space 1536K, 0% used [0x0000000755580000,0x0000000755580000,0x0000000755700000)
  from space 1024K, 65% used [0x0000000755800000,0x00000007558a8000,0x0000000755900000)
  to   space 1024K, 0% used [0x0000000755700000,0x0000000755700000,0x0000000755800000)
 ParOldGen       total 154624K, used 149093K [0x0000000600000000, 0x0000000609700000, 0x0000000755580000)
  object space 154624K, 96% used [0x0000000600000000,0x0000000609199698,0x0000000609700000)
 Metaspace       used 75156K, committed 76800K, reserved 1179648K
  class space    used 7611K, committed 8320K, reserved 1048576K
}
Event: 977.855 GC heap before
{Heap before GC invocations=199 (full 4):
 PSYoungGen      total 2560K, used 2208K [0x0000000755580000, 0x0000000755900000, 0x0000000800000000)
  eden space 1536K, 100% used [0x0000000755580000,0x0000000755700000,0x0000000755700000)
  from space 1024K, 65% used [0x0000000755800000,0x00000007558a8000,0x0000000755900000)
  to   space 1024K, 0% used [0x0000000755700000,0x0000000755700000,0x0000000755800000)
 ParOldGen       total 154624K, used 149093K [0x0000000600000000, 0x0000000609700000, 0x0000000755580000)
  object space 154624K, 96% used [0x0000000600000000,0x0000000609199698,0x0000000609700000)
 Metaspace       used 75156K, committed 76800K, reserved 1179648K
  class space    used 7611K, committed 8320K, reserved 1048576K
}
Event: 977.895 GC heap after
{Heap after GC invocations=199 (full 4):
 PSYoungGen      total 2560K, used 576K [0x0000000755580000, 0x0000000755900000, 0x0000000800000000)
  eden space 1536K, 0% used [0x0000000755580000,0x0000000755580000,0x0000000755700000)
  from space 1024K, 56% used [0x0000000755700000,0x0000000755790020,0x0000000755800000)
  to   space 1024K, 0% used [0x0000000755800000,0x0000000755800000,0x0000000755900000)
 ParOldGen       total 154624K, used 149612K [0x0000000600000000, 0x0000000609700000, 0x0000000755580000)
  object space 154624K, 96% used [0x0000000600000000,0x000000060921b200,0x0000000609700000)
 Metaspace       used 75156K, committed 76800K, reserved 1179648K
  class space    used 7611K, committed 8320K, reserved 1048576K
}

Dll operation events (20 events):
Event: 0.061 Attempting to load shared library C:\Users\ADMIN\scoop\apps\vscode\1.139.1\data\extensions\redhat.java-1.56.0-win32-x64\jre\21.0.12.1-win32-x86_64\bin\instrument.dll
Event: 0.062 Loaded shared library C:\Users\ADMIN\scoop\apps\vscode\1.139.1\data\extensions\redhat.java-1.56.0-win32-x64\jre\21.0.12.1-win32-x86_64\bin\instrument.dll
Event: 0.064 Attempting to load shared library C:\Users\ADMIN\scoop\apps\vscode\1.139.1\data\extensions\redhat.java-1.56.0-win32-x64\jre\21.0.12.1-win32-x86_64\bin\net.dll
Event: 0.065 Loaded shared library C:\Users\ADMIN\scoop\apps\vscode\1.139.1\data\extensions\redhat.java-1.56.0-win32-x64\jre\21.0.12.1-win32-x86_64\bin\net.dll
Event: 0.066 Attempting to load shared library C:\Users\ADMIN\scoop\apps\vscode\1.139.1\data\extensions\redhat.java-1.56.0-win32-x64\jre\21.0.12.1-win32-x86_64\bin\nio.dll
Event: 0.067 Loaded shared library C:\Users\ADMIN\scoop\apps\vscode\1.139.1\data\extensions\redhat.java-1.56.0-win32-x64\jre\21.0.12.1-win32-x86_64\bin\nio.dll
Event: 0.069 Attempting to load shared library C:\Users\ADMIN\scoop\apps\vscode\1.139.1\data\extensions\redhat.java-1.56.0-win32-x64\jre\21.0.12.1-win32-x86_64\bin\zip.dll
Event: 0.069 Loaded shared library C:\Users\ADMIN\scoop\apps\vscode\1.139.1\data\extensions\redhat.java-1.56.0-win32-x64\jre\21.0.12.1-win32-x86_64\bin\zip.dll
Event: 0.080 Attempting to load shared library C:\Users\ADMIN\scoop\apps\vscode\1.139.1\data\extensions\redhat.java-1.56.0-win32-x64\jre\21.0.12.1-win32-x86_64\bin\jimage.dll
Event: 0.080 Loaded shared library C:\Users\ADMIN\scoop\apps\vscode\1.139.1\data\extensions\redhat.java-1.56.0-win32-x64\jre\21.0.12.1-win32-x86_64\bin\jimage.dll
Event: 0.131 Attempting to load shared library c:\Users\ADMIN\scoop\apps\vscode\1.139.1\data\extensions\redhat.java-1.56.0-win32-x64\jre\21.0.12.1-win32-x86_64\bin\verify.dll
Event: 0.131 Loaded shared library c:\Users\ADMIN\scoop\apps\vscode\1.139.1\data\extensions\redhat.java-1.56.0-win32-x64\jre\21.0.12.1-win32-x86_64\bin\verify.dll
Event: 1.331 Attempting to load shared library C:\Users\ADMIN\scoop\apps\vscode\1.139.1\data\user-data\User\globalStorage\redhat.java\1.56.0\config_win\org.eclipse.equinox.launcher\org.eclipse.equinox.launcher.win32.win32.x86_64_1.3.100.v20260804-1928\eclipse_11924.dl
Event: 1.334 Loaded shared library C:\Users\ADMIN\scoop\apps\vscode\1.139.1\data\user-data\User\globalStorage\redhat.java\1.56.0\config_win\org.eclipse.equinox.launcher\org.eclipse.equinox.launcher.win32.win32.x86_64_1.3.100.v20260804-1928\eclipse_11924.dll
Event: 4.943 Attempting to load shared library C:\Users\ADMIN\AppData\Local\Temp\jna-62130991\jna13571514264066369197.dll
Event: 5.463 Loaded shared library C:\Users\ADMIN\AppData\Local\Temp\jna-62130991\jna13571514264066369197.dll
Event: 7.398 Attempting to load shared library C:\Users\ADMIN\scoop\apps\vscode\1.139.1\data\extensions\redhat.java-1.56.0-win32-x64\jre\21.0.12.1-win32-x86_64\bin\management.dll
Event: 7.399 Loaded shared library C:\Users\ADMIN\scoop\apps\vscode\1.139.1\data\extensions\redhat.java-1.56.0-win32-x64\jre\21.0.12.1-win32-x86_64\bin\management.dll
Event: 7.405 Attempting to load shared library C:\Users\ADMIN\scoop\apps\vscode\1.139.1\data\extensions\redhat.java-1.56.0-win32-x64\jre\21.0.12.1-win32-x86_64\bin\management_ext.dll
Event: 7.407 Loaded shared library C:\Users\ADMIN\scoop\apps\vscode\1.139.1\data\extensions\redhat.java-1.56.0-win32-x64\jre\21.0.12.1-win32-x86_64\bin\management_ext.dll

Deoptimization events (20 events):
Event: 977.531 Thread 0x0000020708443890 Uncommon trap: trap_request=0xffffffde fr.pc=0x00000206d90c0c6c relative=0x000000000000112c
Event: 977.531 Thread 0x0000020708443890 Uncommon trap: reason=class_check action=maybe_recompile pc=0x00000206d90c0c6c method=org.eclipse.jdt.internal.compiler.SourceElementParser.constructTypeReference(I)Lorg/eclipse/jdt/internal/compiler/ast/TypeReference; @ 255 c2
Event: 977.531 Thread 0x0000020708443890 DEOPT PACKING pc=0x00000206d90c0c6c sp=0x0000001fde2ff080
Event: 977.531 Thread 0x0000020708443890 DEOPT UNPACKING pc=0x00000206d7de6da2 sp=0x0000001fde2ff018 mode 2
Event: 977.539 Thread 0x0000020708443890 Uncommon trap: trap_request=0xffffffde fr.pc=0x00000206d90c0bf0 relative=0x00000000000010b0
Event: 977.540 Thread 0x0000020708443890 Uncommon trap: reason=class_check action=maybe_recompile pc=0x00000206d90c0bf0 method=org.eclipse.jdt.internal.compiler.SourceElementParser.constructTypeReference(I)Lorg/eclipse/jdt/internal/compiler/ast/TypeReference; @ 432 c2
Event: 977.540 Thread 0x0000020708443890 DEOPT PACKING pc=0x00000206d90c0bf0 sp=0x0000001fde2fefc0
Event: 977.540 Thread 0x0000020708443890 DEOPT UNPACKING pc=0x00000206d7de6da2 sp=0x0000001fde2fef60 mode 2
Event: 977.640 Thread 0x0000020708443200 Uncommon trap: trap_request=0xffffffd6 fr.pc=0x00000206d9164dac relative=0x000000000000170c
Event: 977.640 Thread 0x0000020708443200 Uncommon trap: reason=array_check action=maybe_recompile pc=0x00000206d9164dac method=java.util.TimSort.mergeHi(IIII)V @ 419 c2
Event: 977.640 Thread 0x0000020708443200 DEOPT PACKING pc=0x00000206d9164dac sp=0x0000001fddefe150
Event: 977.640 Thread 0x0000020708443200 DEOPT UNPACKING pc=0x00000206d7de6da2 sp=0x0000001fddefe138 mode 2
Event: 977.647 Thread 0x0000020708443200 Uncommon trap: trap_request=0xffffffd6 fr.pc=0x00000206d9164dac relative=0x000000000000170c
Event: 977.647 Thread 0x0000020708443200 Uncommon trap: reason=array_check action=maybe_recompile pc=0x00000206d9164dac method=java.util.TimSort.mergeHi(IIII)V @ 419 c2
Event: 977.647 Thread 0x0000020708443200 DEOPT PACKING pc=0x00000206d9164dac sp=0x0000001fddefe460
Event: 977.649 Thread 0x0000020708443200 DEOPT UNPACKING pc=0x00000206d7de6da2 sp=0x0000001fddefe448 mode 2
Event: 977.799 Thread 0x0000020708443890 Uncommon trap: trap_request=0xfffffff4 fr.pc=0x00000206d9004420 relative=0x00000000000007c0
Event: 977.853 Thread 0x0000020708443890 Uncommon trap: reason=null_check action=make_not_entrant pc=0x00000206d9004420 method=jdk.nio.zipfs.ZipFileSystem$IndexNode.keyOf([B)Ljdk/nio/zipfs/ZipFileSystem$IndexNode; @ 6 c2
Event: 977.948 Thread 0x0000020708443890 DEOPT PACKING pc=0x00000206d9004420 sp=0x0000001fde2feeb0
Event: 977.948 Thread 0x0000020708443890 DEOPT UNPACKING pc=0x00000206d7de6da2 sp=0x0000001fde2fedf0 mode 2

Classes loaded (20 events):
Event: 876.093 Loading class java/util/AbstractList$SubList done
Event: 876.093 Loading class java/util/AbstractList$RandomAccessSubList done
Event: 876.093 Loading class java/util/AbstractList$SubList$1
Event: 876.094 Loading class java/util/AbstractList$SubList$1 done
Event: 970.593 Loading class java/util/concurrent/ConcurrentHashMap$TreeNode
Event: 970.594 Loading class java/util/concurrent/ConcurrentHashMap$TreeNode done
Event: 970.594 Loading class java/util/concurrent/ConcurrentHashMap$TreeBin
Event: 970.594 Loading class java/util/concurrent/ConcurrentHashMap$TreeBin done
Event: 974.555 Loading class sun/nio/fs/WindowsFileCopy
Event: 974.556 Loading class sun/nio/fs/WindowsFileCopy done
Event: 974.585 Loading class java/lang/Throwable$WrappedPrintWriter
Event: 974.585 Loading class java/lang/Throwable$PrintStreamOrWriter
Event: 974.585 Loading class java/lang/Throwable$PrintStreamOrWriter done
Event: 974.586 Loading class java/lang/Throwable$WrappedPrintWriter done
Event: 974.669 Loading class java/lang/StackStreamFactory$CallerClassFinder
Event: 974.669 Loading class java/lang/StackStreamFactory$CallerClassFinder done
Event: 974.670 Loading class java/lang/StackStreamFactory$CallerClassFinder$ClassBuffer
Event: 974.672 Loading class java/lang/StackStreamFactory$CallerClassFinder$ClassBuffer done
Event: 974.721 Loading class java/lang/Throwable$WrappedPrintStream
Event: 974.722 Loading class java/lang/Throwable$WrappedPrintStream done

Classes unloaded (13 events):
Event: 6.154 Thread 0x00000206cd2635f0 Unloading class 0x00000206811aa800 'java/lang/invoke/LambdaForm$MH+0x00000206811aa800'
Event: 6.154 Thread 0x00000206cd2635f0 Unloading class 0x00000206811aa400 'java/lang/invoke/LambdaForm$MH+0x00000206811aa400'
Event: 6.154 Thread 0x00000206cd2635f0 Unloading class 0x00000206811aa000 'java/lang/invoke/LambdaForm$MH+0x00000206811aa000'
Event: 6.154 Thread 0x00000206cd2635f0 Unloading class 0x00000206811a9c00 'java/lang/invoke/LambdaForm$MH+0x00000206811a9c00'
Event: 6.154 Thread 0x00000206cd2635f0 Unloading class 0x00000206811a9800 'java/lang/invoke/LambdaForm$BMH+0x00000206811a9800'
Event: 6.154 Thread 0x00000206cd2635f0 Unloading class 0x00000206811a9400 'java/lang/invoke/LambdaForm$DMH+0x00000206811a9400'
Event: 6.154 Thread 0x00000206cd2635f0 Unloading class 0x00000206811a8400 'java/lang/invoke/LambdaForm$DMH+0x00000206811a8400'
Event: 17.513 Thread 0x00000206cd2635f0 Unloading class 0x00000206816dcc00 'java/lang/invoke/LambdaForm$DMH+0x00000206816dcc00'
Event: 17.513 Thread 0x00000206cd2635f0 Unloading class 0x00000206816dc800 'java/lang/invoke/LambdaForm$DMH+0x00000206816dc800'
Event: 866.225 Thread 0x00000206cd2635f0 Unloading class 0x0000020681767000 'java/lang/invoke/LambdaForm$MH+0x0000020681767000'
Event: 866.226 Thread 0x00000206cd2635f0 Unloading class 0x0000020681766800 'java/lang/invoke/LambdaForm$MH+0x0000020681766800'
Event: 866.226 Thread 0x00000206cd2635f0 Unloading class 0x0000020681766000 'java/lang/invoke/LambdaForm$MH+0x0000020681766000'
Event: 866.226 Thread 0x00000206cd2635f0 Unloading class 0x000002068175c800 'java/lang/invoke/LambdaForm$MH+0x000002068175c800'

Classes redefined (0 events):
No events

Internal exceptions (20 events):
Event: 975.278 Thread 0x00000207084424e0 Implicit null exception at 0x00000206d2db481f to 0x00000206d2db4de5
Event: 975.278 Thread 0x00000207084424e0 Exception <a 'java/lang/NullPointerException'{0x00000007556c4008}> (0x00000007556c4008) 
thrown [s\src\hotspot\share\runtime\sharedRuntime.cpp, line 625]
Event: 976.073 Thread 0x0000020708443200 Implicit null exception at 0x00000206d2db481f to 0x00000206d2db4de5
Event: 976.073 Thread 0x0000020708443200 Exception <a 'java/lang/NullPointerException'{0x00000007556ead90}> (0x00000007556ead90) 
thrown [s\src\hotspot\share\runtime\sharedRuntime.cpp, line 625]
Event: 976.073 Thread 0x0000020708443200 Implicit null exception at 0x00000206d2db481f to 0x00000206d2db4de5
Event: 976.073 Thread 0x0000020708443200 Exception <a 'java/lang/NullPointerException'{0x00000007556ee970}> (0x00000007556ee970) 
thrown [s\src\hotspot\share\runtime\sharedRuntime.cpp, line 625]
Event: 976.971 Thread 0x0000020708443890 Exception <a 'java/io/FileNotFoundException'{0x00000007555a6770}> (0x00000007555a6770) 
thrown [s\src\hotspot\share\prims\jni.cpp, line 520]
Event: 976.985 Thread 0x0000020708443200 Implicit null exception at 0x00000206d2db481f to 0x00000206d2db4de5
Event: 976.985 Thread 0x0000020708443200 Exception <a 'java/lang/NullPointerException'{0x00000007555c4a30}> (0x00000007555c4a30) 
thrown [s\src\hotspot\share\runtime\sharedRuntime.cpp, line 625]
Event: 976.986 Thread 0x0000020708443200 Implicit null exception at 0x00000206d2db481f to 0x00000206d2db4de5
Event: 976.986 Thread 0x0000020708443200 Exception <a 'java/lang/NullPointerException'{0x00000007555c7e70}> (0x00000007555c7e70) 
thrown [s\src\hotspot\share\runtime\sharedRuntime.cpp, line 625]
Event: 977.545 Thread 0x0000020708443890 Implicit null exception at 0x00000206d2db481f to 0x00000206d2db4de5
Event: 977.545 Thread 0x0000020708443890 Exception <a 'java/lang/NullPointerException'{0x00000007556b04a0}> (0x00000007556b04a0) 
thrown [s\src\hotspot\share\runtime\sharedRuntime.cpp, line 625]
Event: 977.546 Thread 0x0000020708443890 Implicit null exception at 0x00000206d2db481f to 0x00000206d2db4de5
Event: 977.546 Thread 0x0000020708443890 Exception <a 'java/lang/NullPointerException'{0x00000007556b3bf0}> (0x00000007556b3bf0) 
thrown [s\src\hotspot\share\runtime\sharedRuntime.cpp, line 625]
Event: 977.686 Thread 0x0000020708443890 Implicit null exception at 0x00000206d2db481f to 0x00000206d2db4de5
Event: 977.686 Thread 0x0000020708443890 Exception <a 'java/lang/NullPointerException'{0x0000000755640de0}> (0x0000000755640de0) 
thrown [s\src\hotspot\share\runtime\sharedRuntime.cpp, line 625]
Event: 977.686 Thread 0x0000020708443890 Implicit null exception at 0x00000206d2db481f to 0x00000206d2db4de5
Event: 977.686 Thread 0x0000020708443890 Exception <a 'java/lang/NullPointerException'{0x0000000755644c38}> (0x0000000755644c38) 
thrown [s\src\hotspot\share\runtime\sharedRuntime.cpp, line 625]
Event: 977.799 Thread 0x0000020708443890 Implicit null exception at 0x00000206d9003d62 to 0x00000206d900440c

ZGC Phase Switch (0 events):
No events

VM Operations (20 events):
Event: 976.119 Executing safepoint VM operation: ParallelGCFailedAllocation (Allocation Failure)
Event: 976.121 Executing safepoint VM operation: ParallelGCFailedAllocation (Allocation Failure) done
Event: 976.216 Executing safepoint VM operation: ParallelGCFailedAllocation (Allocation Failure)
Event: 976.220 Executing safepoint VM operation: ParallelGCFailedAllocation (Allocation Failure) done
Event: 976.603 Executing safepoint VM operation: ParallelGCFailedAllocation (Allocation Failure)
Event: 976.694 Executing safepoint VM operation: ParallelGCFailedAllocation (Allocation Failure) done
Event: 976.716 Executing safepoint VM operation: ParallelGCFailedAllocation (Allocation Failure)
Event: 976.720 Executing safepoint VM operation: ParallelGCFailedAllocation (Allocation Failure) done
Event: 976.895 Executing safepoint VM operation: ParallelGCFailedAllocation (Allocation Failure)
Event: 976.917 Executing safepoint VM operation: ParallelGCFailedAllocation (Allocation Failure) done
Event: 977.036 Executing safepoint VM operation: ParallelGCFailedAllocation (Allocation Failure)
Event: 977.044 Executing safepoint VM operation: ParallelGCFailedAllocation (Allocation Failure) done
Event: 977.136 Executing safepoint VM operation: ParallelGCFailedAllocation (Allocation Failure)
Event: 977.143 Executing safepoint VM operation: ParallelGCFailedAllocation (Allocation Failure) done
Event: 977.561 Executing safepoint VM operation: ParallelGCFailedAllocation (Allocation Failure)
Event: 977.611 Executing safepoint VM operation: ParallelGCFailedAllocation (Allocation Failure) done
Event: 977.704 Executing safepoint VM operation: ParallelGCFailedAllocation (Allocation Failure)
Event: 977.781 Executing safepoint VM operation: ParallelGCFailedAllocation (Allocation Failure) done
Event: 977.811 Executing safepoint VM operation: ParallelGCFailedAllocation (Allocation Failure)
Event: 977.895 Executing safepoint VM operation: ParallelGCFailedAllocation (Allocation Failure) done

Memory protections (0 events):
No events

Nmethod flushes (20 events):
Event: 866.508 Thread 0x00000206cd2635f0 flushing  nmethod 0x00000206d1853310
Event: 866.508 Thread 0x00000206cd2635f0 flushing  nmethod 0x00000206d1854190
Event: 866.508 Thread 0x00000206cd2635f0 flushing  nmethod 0x00000206d1854590
Event: 866.508 Thread 0x00000206cd2635f0 flushing  nmethod 0x00000206d1855790
Event: 866.508 Thread 0x00000206cd2635f0 flushing  nmethod 0x00000206d1858110
Event: 866.508 Thread 0x00000206cd2635f0 flushing  nmethod 0x00000206d1858b10
Event: 866.508 Thread 0x00000206cd2635f0 flushing  nmethod 0x00000206d1859210
Event: 866.508 Thread 0x00000206cd2635f0 flushing  nmethod 0x00000206d1859990
Event: 866.508 Thread 0x00000206cd2635f0 flushing  nmethod 0x00000206d185a610
Event: 866.508 Thread 0x00000206cd2635f0 flushing  nmethod 0x00000206d185e190
Event: 866.508 Thread 0x00000206cd2635f0 flushing  nmethod 0x00000206d185e510
Event: 866.508 Thread 0x00000206cd2635f0 flushing  nmethod 0x00000206d187ec10
Event: 866.508 Thread 0x00000206cd2635f0 flushing  nmethod 0x00000206d187f090
Event: 866.508 Thread 0x00000206cd2635f0 flushing  nmethod 0x00000206d187f410
Event: 866.508 Thread 0x00000206cd2635f0 flushing  nmethod 0x00000206d1882b10
Event: 866.508 Thread 0x00000206cd2635f0 flushing  nmethod 0x00000206d1883d10
Event: 866.508 Thread 0x00000206cd2635f0 flushing  nmethod 0x00000206d1884210
Event: 866.508 Thread 0x00000206cd2635f0 flushing  nmethod 0x00000206d1890910
Event: 866.508 Thread 0x00000206cd2635f0 flushing  nmethod 0x00000206d1891210
Event: 866.508 Thread 0x00000206cd2635f0 flushing  nmethod 0x00000206d18e1090

Events (20 events):
Event: 927.804 Thread 0x00000206f894c9a0 Thread exited: 0x00000206f894c9a0
Event: 930.640 Thread 0x00000206f96c7190 Thread exited: 0x00000206f96c7190
Event: 936.447 Thread 0x00000206f894dd50 Thread exited: 0x00000206f894dd50
Event: 937.059 Thread 0x00000206f894ea70 Thread exited: 0x00000206f894ea70
Event: 944.736 Thread 0x00000206fb920b60 Thread exited: 0x00000206fb920b60
Event: 944.736 Thread 0x00000206f894d6c0 Thread exited: 0x00000206f894d6c0
Event: 966.031 Thread 0x00000206fb91fe40 Thread exited: 0x00000206fb91fe40
Event: 969.816 Thread 0x00000206f894bc80 Thread added: 0x000002070843f060
Event: 970.006 Thread 0x00000206cd273cb0 Thread added: 0x00000206fa73edc0
Event: 970.026 Thread 0x00000206cd273cb0 Thread added: 0x00000206fa73f490
Event: 970.090 Thread 0x000002070843f060 Thread added: 0x0000020708441e50
Event: 970.114 Thread 0x00000206f89504b0 Thread added: 0x0000020708442b70
Event: 973.831 Thread 0x00000206fa73f490 Thread exited: 0x00000206fa73f490
Event: 973.948 Thread 0x00000206cd273cb0 Thread added: 0x00000206fa73e020
Event: 974.436 Thread 0x00000206fb9225a0 Thread added: 0x00000207084424e0
Event: 974.636 Thread 0x00000206fb922c30 Thread added: 0x0000020708443200
Event: 974.719 Thread 0x00000206f894e3e0 Thread added: 0x0000020708443890
Event: 974.725 Thread 0x00000206f894e3e0 Thread exited: 0x00000206f894e3e0
Event: 976.403 Thread 0x00000206fb922c30 Thread added: 0x0000020708443f20
Event: 976.886 Thread 0x0000020708443f20 Thread added: 0x0000020708440aa0


Dynamic libraries:
0x00007ff76c6e0000 - 0x00007ff76c6ee000 	c:\Users\ADMIN\scoop\apps\vscode\1.139.1\data\extensions\redhat.java-1.56.0-win32-x64\jre\21.0.12.1-win32-x86_64\bin\java.exe
0x00007ffcd1540000 - 0x00007ffcd17a7000 	C:\WINDOWS\SYSTEM32\ntdll.dll
0x00007ffcd0640000 - 0x00007ffcd070b000 	C:\WINDOWS\System32\KERNEL32.DLL
0x00007ffcce740000 - 0x00007ffcceb41000 	C:\WINDOWS\System32\KERNELBASE.dll
0x00007ffccee40000 - 0x00007ffccef8c000 	C:\WINDOWS\System32\ucrtbase.dll
0x00007ffcba940000 - 0x00007ffcba95e000 	c:\Users\ADMIN\scoop\apps\vscode\1.139.1\data\extensions\redhat.java-1.56.0-win32-x64\jre\21.0.12.1-win32-x86_64\bin\VCRUNTIME140.dll
0x00007ffcbb680000 - 0x00007ffcbb698000 	c:\Users\ADMIN\scoop\apps\vscode\1.139.1\data\extensions\redhat.java-1.56.0-win32-x64\jre\21.0.12.1-win32-x86_64\bin\jli.dll
0x00007ffccf970000 - 0x00007ffccfb47000 	C:\WINDOWS\System32\USER32.dll
0x00007ffccec80000 - 0x00007ffcceca7000 	C:\WINDOWS\System32\win32u.dll
0x00007ffcb4b50000 - 0x00007ffcb4de0000 	C:\WINDOWS\WinSxS\amd64_microsoft.windows.common-controls_6595b64144ccf1df_6.0.26100.9549_none_3e0a0396e3330090\COMCTL32.dll
0x00007ffccfb50000 - 0x00007ffccfb7b000 	C:\WINDOWS\System32\GDI32.dll
0x00007ffcd0330000 - 0x00007ffcd03d9000 	C:\WINDOWS\System32\msvcrt.dll
0x00007ffcceb50000 - 0x00007ffccec78000 	C:\WINDOWS\System32\gdi32full.dll
0x00007ffccf120000 - 0x00007ffccf1c3000 	C:\WINDOWS\System32\msvcp_win.dll
0x00007ffcd14b0000 - 0x00007ffcd14e1000 	C:\WINDOWS\System32\IMM32.DLL
0x00007ffcbdf70000 - 0x00007ffcbdf7c000 	c:\Users\ADMIN\scoop\apps\vscode\1.139.1\data\extensions\redhat.java-1.56.0-win32-x64\jre\21.0.12.1-win32-x86_64\bin\vcruntime140_1.dll
0x00007ffc86820000 - 0x00007ffc868ad000 	c:\Users\ADMIN\scoop\apps\vscode\1.139.1\data\extensions\redhat.java-1.56.0-win32-x64\jre\21.0.12.1-win32-x86_64\bin\msvcp140.dll
0x00007ffc55cc0000 - 0x00007ffc56a62000 	c:\Users\ADMIN\scoop\apps\vscode\1.139.1\data\extensions\redhat.java-1.56.0-win32-x64\jre\21.0.12.1-win32-x86_64\bin\server\jvm.dll
0x00007ffccf420000 - 0x00007ffccf4db000 	C:\WINDOWS\System32\ADVAPI32.dll
0x00007ffccfcd0000 - 0x00007ffccfd78000 	C:\WINDOWS\System32\sechost.dll
0x00007ffcd0710000 - 0x00007ffcd0828000 	C:\WINDOWS\System32\RPCRT4.dll
0x00007ffcd03e0000 - 0x00007ffcd0461000 	C:\WINDOWS\System32\WS2_32.dll
0x00007ffcce5b0000 - 0x00007ffcce60e000 	C:\WINDOWS\SYSTEM32\POWRPROF.dll
0x00007ffcc5a10000 - 0x00007ffcc5a47000 	C:\WINDOWS\SYSTEM32\WINMM.dll
0x00007ffcbf0a0000 - 0x00007ffcbf0ab000 	C:\WINDOWS\SYSTEM32\VERSION.dll
0x00007ffcce590000 - 0x00007ffcce5a5000 	C:\WINDOWS\SYSTEM32\UMPDC.dll
0x00007ffccd3b0000 - 0x00007ffccd3cb000 	C:\WINDOWS\SYSTEM32\kernel.appcore.dll
0x00007ffcba930000 - 0x00007ffcba93a000 	c:\Users\ADMIN\scoop\apps\vscode\1.139.1\data\extensions\redhat.java-1.56.0-win32-x64\jre\21.0.12.1-win32-x86_64\bin\jimage.dll
0x00007ffccbb80000 - 0x00007ffccbdcc000 	C:\WINDOWS\SYSTEM32\DBGHELP.DLL
0x00007ffccffa0000 - 0x00007ffcd032a000 	C:\WINDOWS\System32\combase.dll
0x00007ffcd0c20000 - 0x00007ffcd0cf9000 	C:\WINDOWS\System32\OLEAUT32.dll
0x00007ffcbe0a0000 - 0x00007ffcbe0db000 	C:\WINDOWS\SYSTEM32\dbgcore.DLL
0x00007ffccf060000 - 0x00007ffccf10c000 	C:\WINDOWS\System32\bcryptPrimitives.dll
0x00007ffcb22a0000 - 0x00007ffcb22af000 	c:\Users\ADMIN\scoop\apps\vscode\1.139.1\data\extensions\redhat.java-1.56.0-win32-x64\jre\21.0.12.1-win32-x86_64\bin\instrument.dll
0x00007ffc87750000 - 0x00007ffc87770000 	c:\Users\ADMIN\scoop\apps\vscode\1.139.1\data\extensions\redhat.java-1.56.0-win32-x64\jre\21.0.12.1-win32-x86_64\bin\java.dll
0x00007ffcd0d00000 - 0x00007ffcd149c000 	C:\WINDOWS\System32\SHELL32.dll
0x00007ffccc130000 - 0x00007ffccc9dd000 	C:\WINDOWS\SYSTEM32\windows.storage.dll
0x00007ffccf290000 - 0x00007ffccf389000 	C:\WINDOWS\System32\SHCORE.dll
0x00007ffccfc60000 - 0x00007ffccfcc6000 	C:\WINDOWS\System32\shlwapi.dll
0x00007ffcce650000 - 0x00007ffcce679000 	C:\WINDOWS\SYSTEM32\profapi.dll
0x00007ffc87730000 - 0x00007ffc87748000 	c:\Users\ADMIN\scoop\apps\vscode\1.139.1\data\extensions\redhat.java-1.56.0-win32-x64\jre\21.0.12.1-win32-x86_64\bin\zip.dll
0x00007ffca2860000 - 0x00007ffca2870000 	C:\Users\ADMIN\scoop\apps\vscode\1.139.1\data\extensions\redhat.java-1.56.0-win32-x64\jre\21.0.12.1-win32-x86_64\bin\net.dll
0x00007ffcbf970000 - 0x00007ffcbfa9a000 	C:\WINDOWS\SYSTEM32\WINHTTP.dll
0x00007ffccd980000 - 0x00007ffccd9ec000 	C:\WINDOWS\system32\mswsock.dll
0x00007ffc86a50000 - 0x00007ffc86a66000 	C:\Users\ADMIN\scoop\apps\vscode\1.139.1\data\extensions\redhat.java-1.56.0-win32-x64\jre\21.0.12.1-win32-x86_64\bin\nio.dll
0x00007ffc99950000 - 0x00007ffc99960000 	c:\Users\ADMIN\scoop\apps\vscode\1.139.1\data\extensions\redhat.java-1.56.0-win32-x64\jre\21.0.12.1-win32-x86_64\bin\verify.dll
0x00007ffc68c60000 - 0x00007ffc68ca5000 	C:\Users\ADMIN\scoop\apps\vscode\1.139.1\data\user-data\User\globalStorage\redhat.java\1.56.0\config_win\org.eclipse.equinox.launcher\org.eclipse.equinox.launcher.win32.win32.x86_64_1.3.100.v20260804-1928\eclipse_11924.dll
0x00007ffccfd80000 - 0x00007ffccff1a000 	C:\WINDOWS\System32\ole32.dll
0x00007ffccdc90000 - 0x00007ffccdcab000 	C:\WINDOWS\SYSTEM32\CRYPTSP.dll
0x00007ffccd310000 - 0x00007ffccd349000 	C:\WINDOWS\system32\rsaenh.dll
0x00007ffccda30000 - 0x00007ffccda64000 	C:\WINDOWS\SYSTEM32\USERENV.dll
0x00007ffcce620000 - 0x00007ffcce64a000 	C:\WINDOWS\SYSTEM32\bcrypt.dll
0x00007ffccdcb0000 - 0x00007ffccdcbc000 	C:\WINDOWS\SYSTEM32\CRYPTBASE.dll
0x00007ffcccd40000 - 0x00007ffcccd73000 	C:\WINDOWS\SYSTEM32\IPHLPAPI.DLL
0x00007ffcd0b50000 - 0x00007ffcd0b5a000 	C:\WINDOWS\System32\NSI.dll
0x00007ffcbbc50000 - 0x00007ffcbbc99000 	C:\Users\ADMIN\AppData\Local\Temp\jna-62130991\jna13571514264066369197.dll
0x00007ffcd14f0000 - 0x00007ffcd14f8000 	C:\WINDOWS\System32\PSAPI.DLL
0x00007ffcb15e0000 - 0x00007ffcb15ea000 	C:\Users\ADMIN\scoop\apps\vscode\1.139.1\data\extensions\redhat.java-1.56.0-win32-x64\jre\21.0.12.1-win32-x86_64\bin\management.dll
0x00007ffc86a70000 - 0x00007ffc86a7c000 	C:\Users\ADMIN\scoop\apps\vscode\1.139.1\data\extensions\redhat.java-1.56.0-win32-x64\jre\21.0.12.1-win32-x86_64\bin\management_ext.dll
0x00007ffcc59e0000 - 0x00007ffcc59fe000 	C:\WINDOWS\SYSTEM32\dhcpcsvc6.DLL
0x00007ffcc59b0000 - 0x00007ffcc59d5000 	C:\WINDOWS\SYSTEM32\dhcpcsvc.DLL

JVMTI agents:
c:\Users\ADMIN\scoop\apps\vscode\1.139.1\data\extensions\redhat.java-1.56.0-win32-x64\lombok\lombok-1.18.39-4050.jar path:c:\Users\ADMIN\scoop\apps\vscode\1.139.1\data\extensions\redhat.java-1.56.0-win32-x64\jre\21.0.12.1-win32-x86_64\bin\instrument.dll, loaded, initialized, instrumentlib options:none

dbghelp: loaded successfully - version: 4.0.5 - missing functions: none
symbol engine: initialized successfully - sym options: 0x614 - pdb path: .;c:\Users\ADMIN\scoop\apps\vscode\1.139.1\data\extensions\redhat.java-1.56.0-win32-x64\jre\21.0.12.1-win32-x86_64\bin;C:\WINDOWS\SYSTEM32;C:\WINDOWS\WinSxS\amd64_microsoft.windows.common-controls_6595b64144ccf1df_6.0.26100.9549_none_3e0a0396e3330090;c:\Users\ADMIN\scoop\apps\vscode\1.139.1\data\extensions\redhat.java-1.56.0-win32-x64\jre\21.0.12.1-win32-x86_64\bin\server;C:\Users\ADMIN\scoop\apps\vscode\1.139.1\data\user-data\User\globalStorage\redhat.java\1.56.0\config_win\org.eclipse.equinox.launcher\org.eclipse.equinox.launcher.win32.win32.x86_64_1.3.100.v20260804-1928;C:\Users\ADMIN\AppData\Local\Temp\jna-62130991

VM Arguments:
jvm_args: --add-modules=ALL-SYSTEM --add-opens=java.base/java.util=ALL-UNNAMED --add-opens=java.base/java.lang=ALL-UNNAMED --add-opens=java.base/sun.nio.fs=ALL-UNNAMED -Declipse.application=org.eclipse.jdt.ls.core.id1 -Dosgi.bundles.defaultStartLevel=4 -Declipse.product=org.eclipse.jdt.ls.core.product -Djava.import.generatesMetadataFilesAtProjectRoot=false -Dm2e.project.cache.size=50 -DDetectVMInstallationsJob.disabled=true -Dfile.encoding=utf8 -XX:+UseParallelGC -XX:GCTimeRatio=4 -XX:AdaptiveSizePolicyWeight=90 -Dsun.zip.disableMemoryMapping=true -Xmx8G -Xms100m -Xlog:disable -javaagent:c:\Users\ADMIN\scoop\apps\vscode\1.139.1\data\extensions\redhat.java-1.56.0-win32-x64\lombok\lombok-1.18.39-4050.jar -XX:+HeapDumpOnOutOfMemoryError -XX:HeapDumpPath=c:\Users\ADMIN\scoop\apps\vscode\1.139.1\data\user-data\User\workspaceStorage\110a943552c2eca42e37e305f3ec4404\redhat.java -Daether.dependencyCollector.impl=bf 
java_command: C:\Users\ADMIN\scoop\persist\vscode\data\extensions\redhat.java-1.56.0-win32-x64\server\plugins\org.eclipse.equinox.launcher_1.8.0.v20260804-1928.jar -configuration c:\Users\ADMIN\scoop\apps\vscode\1.139.1\data\user-data\User\globalStorage\redhat.java\1.56.0\config_win -data c:\Users\ADMIN\scoop\apps\vscode\1.139.1\data\user-data\User\workspaceStorage\110a943552c2eca42e37e305f3ec4404\redhat.java\jdt_ws --stdio
java_class_path (initial): C:\Users\ADMIN\scoop\persist\vscode\data\extensions\redhat.java-1.56.0-win32-x64\server\plugins\org.eclipse.equinox.launcher_1.8.0.v20260804-1928.jar
Launcher Type: SUN_STANDARD

[Global flags]
    uintx AdaptiveSizePolicyWeight                 = 90                                        {product} {command line}
     intx CICompilerCount                          = 4                                         {product} {ergonomic}
    uintx GCTimeRatio                              = 4                                         {product} {command line}
     bool HeapDumpOnOutOfMemoryError               = true                                   {manageable} {command line}
    ccstr HeapDumpPath                             = c:\Users\ADMIN\scoop\apps\vscode\1.139.1\data\user-data\User\workspaceStorage\110a943552c2eca42e37e305f3ec4404\redhat.java         {manageable} {command line}
   size_t InitialHeapSize                          = 104857600                                 {product} {command line}
   size_t MaxHeapSize                              = 8589934592                                {product} {command line}
   size_t MaxNewSize                               = 2863136768                                {product} {ergonomic}
   size_t MinHeapDeltaBytes                        = 524288                                    {product} {ergonomic}
   size_t MinHeapSize                              = 104857600                                 {product} {command line}
   size_t NewSize                                  = 34603008                                  {product} {ergonomic}
    uintx NonNMethodCodeHeapSize                   = 5839372                                {pd product} {ergonomic}
    uintx NonProfiledCodeHeapSize                  = 122909434                              {pd product} {ergonomic}
   size_t OldSize                                  = 70254592                                  {product} {ergonomic}
    uintx ProfiledCodeHeapSize                     = 122909434                              {pd product} {ergonomic}
    uintx ReservedCodeCacheSize                    = 251658240                              {pd product} {ergonomic}
     bool SegmentedCodeCache                       = true                                      {product} {ergonomic}
   size_t SoftMaxHeapSize                          = 8589934592                             {manageable} {ergonomic}
     bool UseCompressedOops                        = true                           {product lp64_product} {ergonomic}
     bool UseLargePagesIndividualAllocation        = false                                  {pd product} {ergonomic}
     bool UseParallelGC                            = true                                      {product} {command line}

Logging:
Log output configuration:
 #0: stdout all=off uptime,level,tags foldmultilines=false
 #1: stderr all=off uptime,level,tags foldmultilines=false

Release file:
JAVA_VERSION="21.0.12.1" 
MODULES="java.base java.compiler java.datatransfer java.xml java.prefs java.desktop java.instrument java.logging java.management java.security.sasl java.naming java.rmi java.management.rmi java.net.http java.scripting java.security.jgss java.transaction.xa java.sql java.sql.rowset java.xml.crypto java.se java.smartcardio jdk.accessibility jdk.internal.jvmstat jdk.attach jdk.charsets jdk.internal.opt jdk.zipfs jdk.compiler jdk.crypto.ec jdk.crypto.cryptoki jdk.crypto.mscapi jdk.dynalink jdk.internal.ed jdk.editpad jdk.hotspot.agent jdk.httpserver jdk.internal.le jdk.internal.vm.ci jdk.internal.vm.compiler jdk.internal.vm.compiler.management jdk.jartool jdk.javadoc jdk.jcmd jdk.management jdk.management.agent jdk.jconsole jdk.jdeps jdk.jdwp.agent jdk.jdi jdk.jfr jdk.jshell jdk.jsobject jdk.jstatd jdk.localedata jdk.management.jfr jdk.naming.dns jdk.naming.rmi jdk.net jdk.nio.mapmode jdk.random jdk.sctp jdk.security.auth jdk.security.jgss jdk.unsupported jdk.unsupported.desktop jdk.xml.dom" 

Environment Variables:
JAVA_HOME=C:\Users\ADMIN\scoop\apps\openjdk\current
PATH=C:\Users\ADMIN\scoop\apps\dotnet-sdk\current;C:\WINDOWS\system32;C:\WINDOWS;C:\WINDOWS\System32\Wbem;C:\WINDOWS\System32\WindowsPowerShell\v1.0\;C:\WINDOWS\System32\OpenSSH\;C:\Program Files (x86)\Gpg4win\..\GnuPG\bin;C:\Program Files (x86)\Microsoft SQL Server\170\Tools\Binn\;C:\Program Files\Microsoft SQL Server\170\Tools\Binn\;C:\Program Files\Microsoft SQL Server\Client SDK\ODBC\180\Tools\Binn\;C:\Program Files\Microsoft SQL Server\170\DTS\Binn\;C:\Program Files\Docker\Docker\resources\bin;C:\Program Files\dotnet\;C:\Users\ADMIN\scoop\apps\msys2\current\ucrt64\bin;C:\Users\ADMIN\scoop\apps\msys2\current\mingw64\bin;F:\Workspace\XAMPP\php;C:\Users\ADMIN\scoop\apps\maven\current\bin;C:\Users\ADMIN\scoop\apps\vscode\current\bin;C:\Users\ADMIN\scoop\persist\uv\tools\shims;C:\Users\ADMIN\scoop\persist\uv\python\shims;C:\Users\ADMIN\scoop\apps\pnpm\current\bin;C:\Users\ADMIN\scoop\apps\openjdk\current\bin;C:\Users\ADMIN\scoop\apps\dotnet-sdk\current;C:\Users\ADMIN\scoop\apps\git\current\cmd;c:\Users\ADMIN\scoop\apps\cursor\3.2.16\resources\app\codeBin;C:\Users\ADMIN\scoop\shims;C:\Users\ADMIN\AppData\Local\Microsoft\WindowsApps;C:\Program Files\JetBrains\IntelliJ IDEA Community Edition 2022.3\bin;C:\Program Files\MySQL\MySQL Server 9.3\bin;E:\program_download\VSCode-win32-x64-1.104.2\bin;;C:\Users\ADMIN\.dotnet\tools;C:\Users\ADMIN\scoop\apps\msys2\current\ucrt64\bin;C:\Users\ADMIN\scoop\apps\msys2\current\mingw64\bin
USERNAME=ADMIN
OS=Windows_NT
PROCESSOR_IDENTIFIER=Intel64 Family 6 Model 140 Stepping 1, GenuineIntel
TMP=C:\Users\ADMIN\AppData\Local\Temp
TEMP=C:\Users\ADMIN\AppData\Local\Temp




Periodic native trim disabled

---------------  S Y S T E M  ---------------

OS:
 Windows 11 , 64 bit Build 26100 (10.0.26100.9549)
OS uptime: 7 days 6:21 hours
Hyper-V role detected

CPU: total 8 (initial active 8) (4 cores per cpu, 2 threads per core) family 6 model 140 stepping 1 microcode 0xbe, cx8, cmov, fxsr, ht, mmx, 3dnowpref, sse, sse2, sse3, ssse3, sse4.1, sse4.2, popcnt, lzcnt, tsc, tscinvbit, avx, avx2, aes, erms, clmul, bmi1, bmi2, adx, avx512f, avx512dq, avx512cd, avx512bw, avx512vl, sha, fma, vzeroupper, avx512_vpopcntdq, avx512_vpclmulqdq, avx512_vaes, avx512_vnni, clflush, clflushopt, clwb, avx512_vbmi2, avx512_vbmi, hv, rdtscp, rdpid, fsrm, gfni, avx512_bitalg, f16c, cet_ibt, cet_ss, avx512_ifma
Processor Information for the first 8 processors :
  Max Mhz: 2419, Current Mhz: 2419, Mhz Limit: 2419

Memory: 4k page, system-wide physical 7914M (688M free)
TotalPageFile size 28995M (AvailPageFile size 3M)
current process WorkingSet (physical memory assigned to process): 426M, peak: 459M
current process commit charge ("private bytes"): 766M, peak: 817M

vm_info: OpenJDK 64-Bit Server VM (21.0.12.1+1-LTS) for windows-amd64 JRE (21.0.12.1+1-LTS), built on 2026-08-18T00:00:00Z by "admin" with MS VC++ 17.12 (VS2022)

END.
