#
# There is insufficient memory for the Java Runtime Environment to continue.
# Native memory allocation (mmap) failed to map 10924032 bytes. Error detail: card table expansion
# Possible reasons:
#   The system is out of physical RAM or swap space
#   This process is running with CompressedOops enabled, and the Java Heap may be blocking the growth of the native heap
# Possible solutions:
#   Reduce memory load on the system
#   Increase physical memory or swap space
#   Check if swap backing store is full
#   Decrease Java heap size (-Xmx/-Xms)
#   Decrease number of Java threads
#   Decrease Java thread stack sizes (-Xss)
#   Set larger code cache with -XX:ReservedCodeCacheSize=
#   JVM is running with Zero Based Compressed Oops mode in which the Java heap is
#     placed in the first 32GB address space. The Java Heap base address is the
#     maximum limit for the native heap growth. Please use -XX:HeapBaseMinAddress
#     to set the Java Heap base and to place the Java Heap above 32GB virtual address.
# This output file may be truncated or incomplete.
#
#  Out of Memory Error (os_windows.cpp:3732), pid=692, tid=9200
#
# JRE version: OpenJDK Runtime Environment Temurin-21.0.12.1+1 (21.0.12.1+1) (build 21.0.12.1+1-LTS)
# Java VM: OpenJDK 64-Bit Server VM Temurin-21.0.12.1+1 (21.0.12.1+1-LTS, mixed mode, sharing, tiered, compressed oops, compressed class ptrs, parallel gc, windows-amd64)
# No core dump will be written. Minidumps are not enabled by default on client versions of Windows
#

---------------  S U M M A R Y ------------

Command Line: --add-modules=ALL-SYSTEM --add-opens=java.base/java.util=ALL-UNNAMED --add-opens=java.base/java.lang=ALL-UNNAMED --add-opens=java.base/sun.nio.fs=ALL-UNNAMED -Declipse.application=org.eclipse.jdt.ls.core.id1 -Dosgi.bundles.defaultStartLevel=4 -Declipse.product=org.eclipse.jdt.ls.core.product -Djava.import.generatesMetadataFilesAtProjectRoot=false -Dm2e.project.cache.size=50 -DDetectVMInstallationsJob.disabled=true -Dfile.encoding=utf8 -XX:+UseParallelGC -XX:GCTimeRatio=4 -XX:AdaptiveSizePolicyWeight=90 -Dsun.zip.disableMemoryMapping=true -Xmx8G -Xms100m -Xlog:disable -javaagent:c:\Users\ADMIN\scoop\apps\vscode\1.139.1\data\extensions\redhat.java-1.56.0-win32-x64\lombok\lombok-1.18.39-4050.jar -XX:+HeapDumpOnOutOfMemoryError -XX:HeapDumpPath=c:\Users\ADMIN\scoop\apps\vscode\1.139.1\data\user-data\User\workspaceStorage\110a943552c2eca42e37e305f3ec4404\redhat.java -Daether.dependencyCollector.impl=bf C:\Users\ADMIN\scoop\persist\vscode\data\extensions\redhat.java-1.56.0-win32-x64\server\plugins\org.eclipse.equinox.launcher_1.8.0.v20260804-1928.jar -configuration c:\Users\ADMIN\scoop\apps\vscode\1.139.1\data\user-data\User\globalStorage\redhat.java\1.56.0\config_win -data c:\Users\ADMIN\scoop\apps\vscode\1.139.1\data\user-data\User\workspaceStorage\110a943552c2eca42e37e305f3ec4404\redhat.java\jdt_ws --pipe=\\.\pipe\lsp-414f9c5cab161640873ef267e3e48c0d-sock

Host: 11th Gen Intel(R) Core(TM) i5-1135G7 @ 2.40GHz, 8 cores, 7G,  Windows 11 , 64 bit Build 26100 (10.0.26100.9549)
Time: Wed Sep 30 10:02:58 2026 SE Asia Standard Time elapsed time: 3962.025649 seconds (0d 1h 6m 2s)

---------------  T H R E A D  ---------------

Current thread (0x000001ce63de1e30):  VMThread "VM Thread"          [id=9200, stack(0x000000924e500000,0x000000924e600000) (1024K)]

Stack: [0x000000924e500000,0x000000924e600000]
Native frames: (J=compiled Java code, j=interpreted, Vv=VM code, C=native code)
V  [jvm.dll+0x6d83e9]
V  [jvm.dll+0x8b5736]
V  [jvm.dll+0x8b7cee]
V  [jvm.dll+0x8b83d3]
V  [jvm.dll+0x284596]
V  [jvm.dll+0x6d4d05]
V  [jvm.dll+0x6c898a]
V  [jvm.dll+0x1d585b]
V  [jvm.dll+0x70f4e5]
V  [jvm.dll+0x70ef11]
V  [jvm.dll+0x70ee7d]
V  [jvm.dll+0x70eff4]
V  [jvm.dll+0x6e5816]
V  [jvm.dll+0x6e58d9]
V  [jvm.dll+0x6e5c45]
V  [jvm.dll+0x718df4]
V  [jvm.dll+0x8be0c0]
V  [jvm.dll+0x8bf434]
V  [jvm.dll+0x8bf960]
V  [jvm.dll+0x8bfc03]
V  [jvm.dll+0x8600cd]
V  [jvm.dll+0x6d6c1d]
C  [ucrtbase.dll+0x2cd30]
C  [KERNEL32.DLL+0x2cdf7]
C  [ntdll.dll+0x7ee4c]

VM_Operation (0x00000092505feb50): ParallelGCFailedAllocation, mode: safepoint, requested by thread 0x000001ce51412bc0


---------------  P R O C E S S  ---------------

Threads class SMR info:
_java_thread_list=0x000001ce5f3ae9b0, length=61, elements={
0x000001ce641df280, 0x000001ce64296b70, 0x000001ce63de7b60, 0x000001ce63deb550,
0x000001ce63dec780, 0x000001ce63defd20, 0x000001ce63df03b0, 0x000001ce63dfd240,
0x000001ce63dffa40, 0x000001ce63decf30, 0x000001ce63ded5c0, 0x000001ce63dedc50,
0x000001ce63dee970, 0x000001ce63dee2e0, 0x000001ce63def000, 0x000001ce63def690,
0x000001ce51410460, 0x000001ce51411ea0, 0x000001ce5140ea20, 0x000001ce51412bc0,
0x000001ce5140f740, 0x000001ce51413250, 0x000001ce5140fdd0, 0x000001ce51414600,
0x000001ce51414c90, 0x000001ce514138e0, 0x000001ce51413f70, 0x000001ce51415320,
0x000001ce514159b0, 0x000001ce51416040, 0x000001ce51e1a9b0, 0x000001ce51e1a320,
0x000001ce52f25fd0, 0x000001ce52f27a10, 0x000001ce52f280a0, 0x000001ce52f252b0,
0x000001ce52f28dc0, 0x000001ce52f26660, 0x000001ce52f2a170, 0x000001ce52f2ae90,
0x000001ce52f2b520, 0x000001ce52f2bbb0, 0x000001ce52f2c240, 0x000001ce511a25d0,
0x000001ce511a0500, 0x000001ce511a53c0, 0x000001ce511a46a0, 0x000001ce511a2c60,
0x000001ce511a3980, 0x000001ce511a4010, 0x000001ce511a4d30, 0x000001ce51e1b040,
0x000001ce51e19600, 0x000001ce51e1d110, 0x000001ce51e1de30, 0x000001ce51e1e4c0,
0x000001ce51e1eb50, 0x000001ce51e1c3f0, 0x000001ce54b0d100, 0x000001ce54b0ca70,
0x000001ce54b10580
}

Java Threads: ( => current thread )
  0x000001ce641df280 JavaThread "main"                              [_thread_blocked, id=13232, stack(0x000000924e200000,0x000000924e300000) (1024K)]
  0x000001ce64296b70 JavaThread "Reference Handler"          daemon [_thread_blocked, id=20884, stack(0x000000924e600000,0x000000924e700000) (1024K)]
  0x000001ce63de7b60 JavaThread "Finalizer"                  daemon [_thread_blocked, id=20372, stack(0x000000924e700000,0x000000924e800000) (1024K)]
  0x000001ce63deb550 JavaThread "Signal Dispatcher"          daemon [_thread_blocked, id=6300, stack(0x000000924e800000,0x000000924e900000) (1024K)]
  0x000001ce63dec780 JavaThread "Attach Listener"            daemon [_thread_blocked, id=9748, stack(0x000000924e900000,0x000000924ea00000) (1024K)]
  0x000001ce63defd20 JavaThread "Service Thread"             daemon [_thread_blocked, id=3328, stack(0x000000924ea00000,0x000000924eb00000) (1024K)]
  0x000001ce63df03b0 JavaThread "Monitor Deflation Thread"   daemon [_thread_blocked, id=19424, stack(0x000000924eb00000,0x000000924ec00000) (1024K)]
  0x000001ce63dfd240 JavaThread "C2 CompilerThread0"         daemon [_thread_blocked, id=15068, stack(0x000000924ec00000,0x000000924ed00000) (1024K)]
  0x000001ce63dffa40 JavaThread "C1 CompilerThread0"         daemon [_thread_blocked, id=16504, stack(0x000000924ed00000,0x000000924ee00000) (1024K)]
  0x000001ce63decf30 JavaThread "Common-Cleaner"             daemon [_thread_blocked, id=12972, stack(0x000000924ef00000,0x000000924f000000) (1024K)]
  0x000001ce63ded5c0 JavaThread "Notification Thread"        daemon [_thread_blocked, id=15560, stack(0x000000924ee00000,0x000000924ef00000) (1024K)]
  0x000001ce63dedc50 JavaThread "Active Thread: Equinox Container: 255d9d41-6459-4d53-b39e-fb6e0a7d6ec9"        [_thread_blocked, id=6228, stack(0x000000924f600000,0x000000924f700000) (1024K)]
  0x000001ce63dee970 JavaThread "Refresh Thread: Equinox Container: 255d9d41-6459-4d53-b39e-fb6e0a7d6ec9" daemon [_thread_blocked, id=3628, stack(0x000000924fa00000,0x000000924fb00000) (1024K)]
  0x000001ce63dee2e0 JavaThread "Framework Event Dispatcher: Equinox Container: 255d9d41-6459-4d53-b39e-fb6e0a7d6ec9" daemon [_thread_blocked, id=14376, stack(0x000000924fb00000,0x000000924fc00000) (1024K)]
  0x000001ce63def000 JavaThread "Start Level: Equinox Container: 255d9d41-6459-4d53-b39e-fb6e0a7d6ec9" daemon [_thread_blocked, id=20952, stack(0x000000924fc00000,0x000000924fd00000) (1024K)]
  0x000001ce63def690 JavaThread "Bundle File Closer"         daemon [_thread_blocked, id=18128, stack(0x000000924fd00000,0x000000924fe00000) (1024K)]
  0x000001ce51410460 JavaThread "SCR Component Actor"        daemon [_thread_blocked, id=2244, stack(0x000000924fe00000,0x000000924ff00000) (1024K)]
  0x000001ce51411ea0 JavaThread "Worker-JM"                         [_thread_blocked, id=11860, stack(0x0000009250100000,0x0000009250200000) (1024K)]
  0x000001ce5140ea20 JavaThread "JNA Cleaner"                daemon [_thread_blocked, id=1940, stack(0x000000924ff00000,0x0000009250000000) (1024K)]
  0x000001ce51412bc0 JavaThread "Java indexing"              daemon [_thread_blocked, id=17300, stack(0x0000009250500000,0x0000009250600000) (1024K)]
  0x000001ce5140f740 JavaThread "Thread-1"                   daemon [_thread_in_native, id=8360, stack(0x0000009250700000,0x0000009250800000) (1024K)]
  0x000001ce51413250 JavaThread "Thread-2"                   daemon [_thread_in_native, id=8136, stack(0x0000009250800000,0x0000009250900000) (1024K)]
  0x000001ce5140fdd0 JavaThread "Thread-3"                   daemon [_thread_in_native, id=21248, stack(0x0000009250900000,0x0000009250a00000) (1024K)]
  0x000001ce51414600 JavaThread "Thread-4"                   daemon [_thread_in_native, id=10472, stack(0x0000009250a00000,0x0000009250b00000) (1024K)]
  0x000001ce51414c90 JavaThread "Thread-5"                   daemon [_thread_in_native, id=17084, stack(0x0000009250b00000,0x0000009250c00000) (1024K)]
  0x000001ce514138e0 JavaThread "Thread-6"                   daemon [_thread_in_native, id=9740, stack(0x0000009250c00000,0x0000009250d00000) (1024K)]
  0x000001ce51413f70 JavaThread "Thread-7"                   daemon [_thread_in_native, id=21284, stack(0x0000009250d00000,0x0000009250e00000) (1024K)]
  0x000001ce51415320 JavaThread "Thread-8"                   daemon [_thread_in_native, id=15232, stack(0x0000009250e00000,0x0000009250f00000) (1024K)]
  0x000001ce514159b0 JavaThread "Thread-9"                   daemon [_thread_in_native, id=2052, stack(0x0000009250f00000,0x0000009251000000) (1024K)]
  0x000001ce51416040 JavaThread "pool-2-thread-1"                   [_thread_blocked, id=19732, stack(0x0000009251000000,0x0000009251100000) (1024K)]
  0x000001ce51e1a9b0 JavaThread "WorkspaceEventsHandler"            [_thread_blocked, id=18848, stack(0x0000009251200000,0x0000009251300000) (1024K)]
  0x000001ce51e1a320 JavaThread "pool-1-thread-1"                   [_thread_blocked, id=13256, stack(0x0000009251300000,0x0000009251400000) (1024K)]
  0x000001ce52f25fd0 JavaThread "Worker-15: Java indexing... "        [_thread_blocked, id=8880, stack(0x000000924e000000,0x000000924e100000) (1024K)]
  0x000001ce52f27a10 JavaThread "Compiler Source File Reader" daemon [_thread_blocked, id=8652, stack(0x000000924f800000,0x000000924f900000) (1024K)]
  0x000001ce52f280a0 JavaThread "Compiler Source File Reader" daemon [_thread_blocked, id=7188, stack(0x0000009250000000,0x0000009250100000) (1024K)]
  0x000001ce52f252b0 JavaThread "Compiler Source File Reader" daemon [_thread_blocked, id=13988, stack(0x0000009250300000,0x0000009250400000) (1024K)]
  0x000001ce52f28dc0 JavaThread "Worker-16: Building"               [_thread_blocked, id=14588, stack(0x0000009250400000,0x0000009250500000) (1024K)]
  0x000001ce52f26660 JavaThread "LocalFile Deleter"          daemon [_thread_blocked, id=17732, stack(0x0000009251500000,0x0000009251600000) (1024K)]
  0x000001ce52f2a170 JavaThread "LocalFile Deleter"          daemon [_thread_blocked, id=12064, stack(0x0000009251700000,0x0000009251800000) (1024K)]
  0x000001ce52f2ae90 JavaThread "LocalFile Deleter"          daemon [_thread_blocked, id=15904, stack(0x0000009251800000,0x0000009251900000) (1024K)]
  0x000001ce52f2b520 JavaThread "LocalFile Deleter"          daemon [_thread_blocked, id=16032, stack(0x0000009251a00000,0x0000009251b00000) (1024K)]
  0x000001ce52f2bbb0 JavaThread "Compiler Source File Reader" daemon [_thread_blocked, id=11612, stack(0x0000009251400000,0x0000009251500000) (1024K)]
  0x000001ce52f2c240 JavaThread "Compiler Source File Reader" daemon [_thread_blocked, id=6060, stack(0x0000009251b00000,0x0000009251c00000) (1024K)]
  0x000001ce511a25d0 JavaThread "Compiler Source File Reader" daemon [_thread_blocked, id=11876, stack(0x0000009251c00000,0x0000009251d00000) (1024K)]
  0x000001ce511a0500 JavaThread "Compiler Class File Writer" daemon [_thread_blocked, id=16420, stack(0x0000009251e00000,0x0000009251f00000) (1024K)]
  0x000001ce511a53c0 JavaThread "Compiler Class File Writer" daemon [_thread_blocked, id=10860, stack(0x0000009251f00000,0x0000009252000000) (1024K)]
  0x000001ce511a46a0 JavaThread "Compiler Class File Writer" daemon [_thread_blocked, id=3332, stack(0x0000009252000000,0x0000009252100000) (1024K)]
  0x000001ce511a2c60 JavaThread "Compiler Class File Writer" daemon [_thread_blocked, id=5928, stack(0x0000009252100000,0x0000009252200000) (1024K)]
  0x000001ce511a3980 JavaThread "Compiler Class File Writer" daemon [_thread_blocked, id=7808, stack(0x0000009252200000,0x0000009252300000) (1024K)]
  0x000001ce511a4010 JavaThread "Compiler Class File Writer" daemon [_thread_blocked, id=3100, stack(0x0000009252300000,0x0000009252400000) (1024K)]
  0x000001ce511a4d30 JavaThread "ForkJoinPool.commonPool-worker-24" daemon [_thread_blocked, id=18296, stack(0x000000924e100000,0x000000924e200000) (1024K)]
  0x000001ce51e1b040 JavaThread "PatternSearchJob-worker-8"  daemon [_thread_blocked, id=17368, stack(0x000000924f700000,0x000000924f800000) (1024K)]
  0x000001ce51e19600 JavaThread "ForkJoinPool.commonPool-worker-25" daemon [_thread_blocked, id=7232, stack(0x0000009250200000,0x0000009250300000) (1024K)]
  0x000001ce51e1d110 JavaThread "PatternSearchJob-worker-9"  daemon [_thread_blocked, id=18976, stack(0x0000009250600000,0x0000009250700000) (1024K)]
  0x000001ce51e1de30 JavaThread "PatternSearchJob-worker-10" daemon [_thread_blocked, id=8836, stack(0x0000009251100000,0x0000009251200000) (1024K)]
  0x000001ce51e1e4c0 JavaThread "PatternSearchJob-worker-11" daemon [_thread_blocked, id=19592, stack(0x0000009251600000,0x0000009251700000) (1024K)]
  0x000001ce51e1eb50 JavaThread "PatternSearchJob-worker-12" daemon [_thread_blocked, id=6536, stack(0x0000009251900000,0x0000009251a00000) (1024K)]
  0x000001ce51e1c3f0 JavaThread "PatternSearchJob-worker-13" daemon [_thread_blocked, id=8156, stack(0x0000009251d00000,0x0000009251e00000) (1024K)]
  0x000001ce54b0d100 JavaThread "PatternSearchJob-worker-14" daemon [_thread_blocked, id=18188, stack(0x0000009252400000,0x0000009252500000) (1024K)]
  0x000001ce54b0ca70 JavaThread "Worker-18"                         [_thread_blocked, id=17636, stack(0x0000009252500000,0x0000009252600000) (1024K)]
  0x000001ce54b10580 JavaThread "Compiler Processing Task"   daemon [_thread_blocked, id=11852, stack(0x0000009252600000,0x0000009252700000) (1024K)]
Total: 61

Other Threads:
=>0x000001ce63de1e30 VMThread "VM Thread"                           [id=9200, stack(0x000000924e500000,0x000000924e600000) (1024K)]
  0x000001ce6424cd00 WatcherThread "VM Periodic Task Thread"        [id=18980, stack(0x000000924e400000,0x000000924e500000) (1024K)]
  0x000001ce64200070 WorkerThread "GC Thread#0"                     [id=17896, stack(0x000000924e300000,0x000000924e400000) (1024K)]
  0x000001ce7a8634f0 WorkerThread "GC Thread#1"                     [id=15752, stack(0x000000924f000000,0x000000924f100000) (1024K)]
  0x000001ce7f1bbd90 WorkerThread "GC Thread#2"                     [id=9248, stack(0x000000924f100000,0x000000924f200000) (1024K)]
  0x000001ce7f1bc140 WorkerThread "GC Thread#3"                     [id=11232, stack(0x000000924f200000,0x000000924f300000) (1024K)]
  0x000001ce7f1bc4f0 WorkerThread "GC Thread#4"                     [id=11780, stack(0x000000924f300000,0x000000924f400000) (1024K)]
  0x000001ce7f1bc8a0 WorkerThread "GC Thread#5"                     [id=2088, stack(0x000000924f400000,0x000000924f500000) (1024K)]
  0x000001ce7f1bd870 WorkerThread "GC Thread#6"                     [id=21180, stack(0x000000924f500000,0x000000924f600000) (1024K)]
  0x000001ce7f5f4100 WorkerThread "GC Thread#7"                     [id=15796, stack(0x000000924f900000,0x000000924fa00000) (1024K)]
Total: 10

Threads with active compile tasks:
Total: 0

VM state: at safepoint (normal execution)

VM Mutex/Monitor currently owned by a thread:  ([mutex/lock_event])
[0x00007ffc5697f5b0] Threads_lock - owner thread: 0x000001ce63de1e30
[0x00007ffc5697f6b0] Heap_lock - owner thread: 0x000001ce51412bc0
[0x00007ffc5697fb30] PSOldGenExpand_lock - owner thread: 0x000001ce63de1e30

Heap address: 0x0000000600000000, size: 8192 MB, Compressed Oops mode: Zero based, Oop shift amount: 3

CDS archive(s) mapped at: [0x000001ce10000000-0x000001ce10ba0000-0x000001ce10ba0000), size 12189696, SharedBaseAddress: 0x000001ce10000000, ArchiveRelocationMode: 1.
Compressed class space mapped at: 0x000001ce11000000-0x000001ce51000000, reserved size: 1073741824
Narrow klass base: 0x000001ce10000000, Narrow klass shift: 0, Narrow klass range: 0x100000000

GC Precious Log:
 CardTable entry size: 512
 CPUs: 8 total, 8 available
 Memory: 7914M
 Large Page Support: Disabled
 NUMA Support: Disabled
 Compressed Oops: Enabled (Zero based)
 Alignments: Space 512K, Generation 512K, Heap 2M
 Heap Min Capacity: 100M
 Heap Initial Capacity: 100M
 Heap Max Capacity: 8G
 Pre-touch: Disabled
 Parallel Workers: 8

Heap:
 PSYoungGen      total 8192K, used 0K [0x0000000755580000, 0x0000000755f80000, 0x0000000800000000)
  eden space 7680K, 0% used [0x0000000755580000,0x0000000755580000,0x0000000755d00000)
  from space 512K, 0% used [0x0000000755d00000,0x0000000755d00000,0x0000000755d80000)
  to   space 512K, 0% used [0x0000000755f00000,0x0000000755f00000,0x0000000755f80000)
 ParOldGen       total 128000K, used 100615K [0x0000000600000000, 0x0000000755580000, 0x0000000755580000)
  object space 128000K, 78% used [0x0000000600000000,0x0000000606241d78,0x0000000607d00000)
 Metaspace       used 80590K, committed 82112K, reserved 1179648K
  class space    used 8120K, committed 8832K, reserved 1048576K

Card table byte_map: [0x000001ce763e0000,0x000001ce773f0000] _byte_map_base: 0x000001ce733e0000

Marking Bits: (ParMarkBitMap*) 0x00007ffc569844a0
 Begin Bits: [0x000001ce00000000, 0x000001ce08000000)
 End Bits:   [0x000001ce08000000, 0x000001ce10000000)

Polling page: 0x000001ce61e80000

Metaspace:

Usage:
  Non-class:     70.77 MB used.
      Class:      7.93 MB used.
       Both:     78.70 MB used.

Virtual space:
  Non-class space:      128.00 MB reserved,      71.56 MB ( 56%) committed,  2 nodes.
      Class space:        1.00 GB reserved,       8.62 MB ( <1%) committed,  1 nodes.
             Both:        1.12 GB reserved,      80.19 MB (  7%) committed. 

Chunk freelists:
   Non-Class:  8.03 MB
       Class:  7.43 MB
        Both:  15.46 MB

MaxMetaspaceSize: unlimited
CompressedClassSpaceSize: 1.00 GB
Initial GC threshold: 21.00 MB
Current GC threshold: 133.69 MB
CDS: on
 - commit_granule_bytes: 65536.
 - commit_granule_words: 8192.
 - virtual_space_node_default_size: 8388608.
 - enlarge_chunks_in_place: 1.
 - use_allocation_guard: 0.


Internal statistics:

num_allocs_failed_limit: 9.
num_arena_births: 1568.
num_arena_deaths: 22.
num_vsnodes_births: 3.
num_vsnodes_deaths: 0.
num_space_committed: 1283.
num_space_uncommitted: 0.
num_chunks_returned_to_freelist: 35.
num_chunks_taken_from_freelist: 5448.
num_chunk_merges: 14.
num_chunk_splits: 3252.
num_chunks_enlarged: 1704.
num_inconsistent_stats: 0.

CodeHeap 'non-profiled nmethods': size=120000Kb used=22629Kb max_used=27097Kb free=97370Kb
 bounds [0x000001ce6eeb0000, 0x000001ce70930000, 0x000001ce763e0000]
CodeHeap 'profiled nmethods': size=120000Kb used=36598Kb max_used=49891Kb free=83401Kb
 bounds [0x000001ce673e0000, 0x000001ce6a4a0000, 0x000001ce6e910000]
CodeHeap 'non-nmethods': size=5760Kb used=1514Kb max_used=1597Kb free=4245Kb
 bounds [0x000001ce6e910000, 0x000001ce6eb80000, 0x000001ce6eeb0000]
CodeCache: size=245760Kb, used=60741Kb, max_used=78585Kb, free=185016Kb
 total_blobs=16366, nmethods=15551, adapters=715, full_count=0
Compilation: enabled, stopped_count=0, restarted_count=0

Compilation events (20 events):
Event: 3958.454 Thread 0x000001ce63dffa40 23486   !   3       org.eclipse.core.internal.preferences.EclipsePreferences::getInt (27 bytes)
Event: 3958.455 Thread 0x000001ce63dffa40 nmethod 23486 0x000001ce6a495090 code [0x000001ce6a495260, 0x000001ce6a495540]
Event: 3958.511 Thread 0x000001ce63dffa40 23488       3       org.eclipse.jdt.internal.core.builder.ClasspathJar$$Lambda/0x000001ce116e8f18::apply (16 bytes)
Event: 3958.512 Thread 0x000001ce63dffa40 nmethod 23488 0x000001ce6a495690 code [0x000001ce6a495860, 0x000001ce6a495b90]
Event: 3958.512 Thread 0x000001ce63dffa40 23489       3       org.eclipse.jdt.internal.core.builder.ClasspathJar::lambda$0 (112 bytes)
Event: 3958.513 Thread 0x000001ce63dffa40 nmethod 23489 0x000001ce6a495c90 code [0x000001ce6a495f00, 0x000001ce6a496cb0]
Event: 3958.513 Thread 0x000001ce63dffa40 23490   !   3       java.util.concurrent.ConcurrentHashMap::clear (176 bytes)
Event: 3958.536 Thread 0x000001ce63dffa40 nmethod 23490 0x000001ce6a497110 code [0x000001ce6a497340, 0x000001ce6a497c10]
Event: 3958.552 Thread 0x000001ce63dfd240 23491   !   4       org.eclipse.jdt.internal.compiler.ast.MethodDeclaration::analyseCode (958 bytes)
Event: 3958.632 Thread 0x000001ce63dffa40 23494       3       org.eclipse.jdt.core.dom.MethodInvocation::accept0 (63 bytes)
Event: 3958.633 Thread 0x000001ce63dffa40 nmethod 23494 0x000001ce6a497f90 code [0x000001ce6a4981c0, 0x000001ce6a498768]
Event: 3958.633 Thread 0x000001ce63dffa40 23495       3       org.eclipse.jdt.core.dom.ASTNode::acceptChild (11 bytes)
Event: 3958.633 Thread 0x000001ce63dffa40 nmethod 23495 0x000001ce6a498990 code [0x000001ce6a498b40, 0x000001ce6a498cd8]
Event: 3958.749 Thread 0x000001ce63dfd240 nmethod 23491 0x000001ce7091ff90 code [0x000001ce709204e0, 0x000001ce70923268]
Event: 3958.749 Thread 0x000001ce63dfd240 23492       4       org.eclipse.jdt.internal.compiler.codegen.CodeStream::removeVariable (58 bytes)
Event: 3958.758 Thread 0x000001ce63dfd240 nmethod 23492 0x000001ce70925790 code [0x000001ce70925920, 0x000001ce70925b98]
Event: 3958.759 Thread 0x000001ce63dfd240 23493       4       org.eclipse.jdt.core.dom.Type::<init> (6 bytes)
Event: 3958.764 Thread 0x000001ce63dfd240 nmethod 23493 0x000001ce70925d10 code [0x000001ce70925ea0, 0x000001ce70926070]
Event: 3960.122 Thread 0x000001ce63dfd240 23496       4       org.eclipse.jdt.internal.compiler.classfmt.MethodInfo::<init> (24 bytes)
Event: 3960.124 Thread 0x000001ce63dfd240 nmethod 23496 0x000001ce70926210 code [0x000001ce709263a0, 0x000001ce70926468]

GC Heap History (20 events):
Event: 3958.394 GC heap before
{Heap before GC invocations=1737 (full 5):
 PSYoungGen      total 5632K, used 4069K [0x0000000755580000, 0x0000000755c00000, 0x0000000800000000)
  eden space 3584K, 100% used [0x0000000755580000,0x0000000755900000,0x0000000755900000)
  from space 2048K, 23% used [0x0000000755900000,0x00000007559796d0,0x0000000755b00000)
  to   space 1024K, 0% used [0x0000000755b00000,0x0000000755b00000,0x0000000755c00000)
 ParOldGen       total 696320K, used 589454K [0x0000000600000000, 0x000000062a800000, 0x0000000755580000)
  object space 696320K, 84% used [0x0000000600000000,0x0000000623fa38e0,0x000000062a800000)
 Metaspace       used 80583K, committed 82112K, reserved 1179648K
  class space    used 8120K, committed 8832K, reserved 1048576K
}
Event: 3958.398 GC heap after
{Heap after GC invocations=1737 (full 5):
 PSYoungGen      total 4608K, used 945K [0x0000000755580000, 0x0000000755c00000, 0x0000000800000000)
  eden space 3584K, 0% used [0x0000000755580000,0x0000000755580000,0x0000000755900000)
  from space 1024K, 92% used [0x0000000755b00000,0x0000000755bec4b0,0x0000000755c00000)
  to   space 1536K, 0% used [0x0000000755900000,0x0000000755900000,0x0000000755a80000)
 ParOldGen       total 696320K, used 589714K [0x0000000600000000, 0x000000062a800000, 0x0000000755580000)
  object space 696320K, 84% used [0x0000000600000000,0x0000000623fe4b10,0x000000062a800000)
 Metaspace       used 80583K, committed 82112K, reserved 1179648K
  class space    used 8120K, committed 8832K, reserved 1048576K
}
Event: 3958.417 GC heap before
{Heap before GC invocations=1738 (full 5):
 PSYoungGen      total 4608K, used 4529K [0x0000000755580000, 0x0000000755c00000, 0x0000000800000000)
  eden space 3584K, 100% used [0x0000000755580000,0x0000000755900000,0x0000000755900000)
  from space 1024K, 92% used [0x0000000755b00000,0x0000000755bec4b0,0x0000000755c00000)
  to   space 1536K, 0% used [0x0000000755900000,0x0000000755900000,0x0000000755a80000)
 ParOldGen       total 696320K, used 589714K [0x0000000600000000, 0x000000062a800000, 0x0000000755580000)
  object space 696320K, 84% used [0x0000000600000000,0x0000000623fe4b10,0x000000062a800000)
 Metaspace       used 80583K, committed 82112K, reserved 1179648K
  class space    used 8120K, committed 8832K, reserved 1048576K
}
Event: 3958.427 GC heap after
{Heap after GC invocations=1738 (full 5):
 PSYoungGen      total 5120K, used 1504K [0x0000000755580000, 0x0000000755e00000, 0x0000000800000000)
  eden space 3584K, 0% used [0x0000000755580000,0x0000000755580000,0x0000000755900000)
  from space 1536K, 97% used [0x0000000755900000,0x0000000755a78040,0x0000000755a80000)
  to   space 2048K, 0% used [0x0000000755c00000,0x0000000755c00000,0x0000000755e00000)
 ParOldGen       total 696320K, used 590677K [0x0000000600000000, 0x000000062a800000, 0x0000000755580000)
  object space 696320K, 84% used [0x0000000600000000,0x00000006240d5430,0x000000062a800000)
 Metaspace       used 80583K, committed 82112K, reserved 1179648K
  class space    used 8120K, committed 8832K, reserved 1048576K
}
Event: 3958.475 GC heap before
{Heap before GC invocations=1739 (full 5):
 PSYoungGen      total 5120K, used 5087K [0x0000000755580000, 0x0000000755e00000, 0x0000000800000000)
  eden space 3584K, 99% used [0x0000000755580000,0x00000007558ffce8,0x0000000755900000)
  from space 1536K, 97% used [0x0000000755900000,0x0000000755a78040,0x0000000755a80000)
  to   space 2048K, 0% used [0x0000000755c00000,0x0000000755c00000,0x0000000755e00000)
 ParOldGen       total 696320K, used 590677K [0x0000000600000000, 0x000000062a800000, 0x0000000755580000)
  object space 696320K, 84% used [0x0000000600000000,0x00000006240d5430,0x000000062a800000)
 Metaspace       used 80590K, committed 82112K, reserved 1179648K
  class space    used 8120K, committed 8832K, reserved 1048576K
}
Event: 3958.487 GC heap after
{Heap after GC invocations=1739 (full 5):
 PSYoungGen      total 6144K, used 2001K [0x0000000755580000, 0x0000000755f00000, 0x0000000800000000)
  eden space 4096K, 0% used [0x0000000755580000,0x0000000755580000,0x0000000755980000)
  from space 2048K, 97% used [0x0000000755c00000,0x0000000755df4438,0x0000000755e00000)
  to   space 2560K, 0% used [0x0000000755980000,0x0000000755980000,0x0000000755c00000)
 ParOldGen       total 696320K, used 592041K [0x0000000600000000, 0x000000062a800000, 0x0000000755580000)
  object space 696320K, 85% used [0x0000000600000000,0x000000062422a470,0x000000062a800000)
 Metaspace       used 80590K, committed 82112K, reserved 1179648K
  class space    used 8120K, committed 8832K, reserved 1048576K
}
Event: 3958.522 GC heap before
{Heap before GC invocations=1740 (full 5):
 PSYoungGen      total 6144K, used 6097K [0x0000000755580000, 0x0000000755f00000, 0x0000000800000000)
  eden space 4096K, 100% used [0x0000000755580000,0x0000000755980000,0x0000000755980000)
  from space 2048K, 97% used [0x0000000755c00000,0x0000000755df4438,0x0000000755e00000)
  to   space 2560K, 0% used [0x0000000755980000,0x0000000755980000,0x0000000755c00000)
 ParOldGen       total 696320K, used 592041K [0x0000000600000000, 0x000000062a800000, 0x0000000755580000)
  object space 696320K, 85% used [0x0000000600000000,0x000000062422a470,0x000000062a800000)
 Metaspace       used 80590K, committed 82112K, reserved 1179648K
  class space    used 8120K, committed 8832K, reserved 1048576K
}
Event: 3958.535 GC heap after
{Heap after GC invocations=1740 (full 5):
 PSYoungGen      total 6656K, used 1900K [0x0000000755580000, 0x0000000755e80000, 0x0000000800000000)
  eden space 4096K, 0% used [0x0000000755580000,0x0000000755580000,0x0000000755980000)
  from space 2560K, 74% used [0x0000000755980000,0x0000000755b5b120,0x0000000755c00000)
  to   space 2048K, 0% used [0x0000000755c80000,0x0000000755c80000,0x0000000755e80000)
 ParOldGen       total 696320K, used 594001K [0x0000000600000000, 0x000000062a800000, 0x0000000755580000)
  object space 696320K, 85% used [0x0000000600000000,0x0000000624414410,0x000000062a800000)
 Metaspace       used 80590K, committed 82112K, reserved 1179648K
  class space    used 8120K, committed 8832K, reserved 1048576K
}
Event: 3958.605 GC heap before
{Heap before GC invocations=1741 (full 5):
 PSYoungGen      total 6656K, used 5996K [0x0000000755580000, 0x0000000755e80000, 0x0000000800000000)
  eden space 4096K, 100% used [0x0000000755580000,0x0000000755980000,0x0000000755980000)
  from space 2560K, 74% used [0x0000000755980000,0x0000000755b5b120,0x0000000755c00000)
  to   space 2048K, 0% used [0x0000000755c80000,0x0000000755c80000,0x0000000755e80000)
 ParOldGen       total 696320K, used 594001K [0x0000000600000000, 0x000000062a800000, 0x0000000755580000)
  object space 696320K, 85% used [0x0000000600000000,0x0000000624414410,0x000000062a800000)
 Metaspace       used 80590K, committed 82112K, reserved 1179648K
  class space    used 8120K, committed 8832K, reserved 1048576K
}
Event: 3958.619 GC heap after
{Heap after GC invocations=1741 (full 5):
 PSYoungGen      total 6656K, used 1302K [0x0000000755580000, 0x0000000755e00000, 0x0000000800000000)
  eden space 5120K, 0% used [0x0000000755580000,0x0000000755580000,0x0000000755a80000)
  from space 1536K, 84% used [0x0000000755c80000,0x0000000755dc5bf0,0x0000000755e00000)
  to   space 1536K, 0% used [0x0000000755b00000,0x0000000755b00000,0x0000000755c80000)
 ParOldGen       total 696320K, used 595756K [0x0000000600000000, 0x000000062a800000, 0x0000000755580000)
  object space 696320K, 85% used [0x0000000600000000,0x00000006245cb3c8,0x000000062a800000)
 Metaspace       used 80590K, committed 82112K, reserved 1179648K
  class space    used 8120K, committed 8832K, reserved 1048576K
}
Event: 3958.695 GC heap before
{Heap before GC invocations=1742 (full 5):
 PSYoungGen      total 6656K, used 6422K [0x0000000755580000, 0x0000000755e00000, 0x0000000800000000)
  eden space 5120K, 100% used [0x0000000755580000,0x0000000755a80000,0x0000000755a80000)
  from space 1536K, 84% used [0x0000000755c80000,0x0000000755dc5bf0,0x0000000755e00000)
  to   space 1536K, 0% used [0x0000000755b00000,0x0000000755b00000,0x0000000755c80000)
 ParOldGen       total 696320K, used 595756K [0x0000000600000000, 0x000000062a800000, 0x0000000755580000)
  object space 696320K, 85% used [0x0000000600000000,0x00000006245cb3c8,0x000000062a800000)
 Metaspace       used 80590K, committed 82112K, reserved 1179648K
  class space    used 8120K, committed 8832K, reserved 1048576K
}
Event: 3958.708 GC heap after
{Heap after GC invocations=1742 (full 5):
 PSYoungGen      total 6656K, used 1504K [0x0000000755580000, 0x0000000756180000, 0x0000000800000000)
  eden space 5120K, 0% used [0x0000000755580000,0x0000000755580000,0x0000000755a80000)
  from space 1536K, 97% used [0x0000000755b00000,0x0000000755c78040,0x0000000755c80000)
  to   space 3584K, 0% used [0x0000000755e00000,0x0000000755e00000,0x0000000756180000)
 ParOldGen       total 696320K, used 597195K [0x0000000600000000, 0x000000062a800000, 0x0000000755580000)
  object space 696320K, 85% used [0x0000000600000000,0x0000000624732c70,0x000000062a800000)
 Metaspace       used 80590K, committed 82112K, reserved 1179648K
  class space    used 8120K, committed 8832K, reserved 1048576K
}
Event: 3960.078 GC heap before
{Heap before GC invocations=1743 (full 5):
 PSYoungGen      total 6656K, used 6624K [0x0000000755580000, 0x0000000756180000, 0x0000000800000000)
  eden space 5120K, 100% used [0x0000000755580000,0x0000000755a80000,0x0000000755a80000)
  from space 1536K, 97% used [0x0000000755b00000,0x0000000755c78040,0x0000000755c80000)
  to   space 3584K, 0% used [0x0000000755e00000,0x0000000755e00000,0x0000000756180000)
 ParOldGen       total 5592576K, used 597195K [0x0000000600000000, 0x0000000755580000, 0x0000000755580000)
  object space 5592576K, 10% used [0x0000000600000000,0x0000000624732c70,0x0000000755580000)
 Metaspace       used 80590K, committed 82112K, reserved 1179648K
  class space    used 8120K, committed 8832K, reserved 1048576K
}
Event: 3960.112 GC heap after
{Heap after GC invocations=1743 (full 5):
 PSYoungGen      total 6656K, used 1376K [0x0000000755580000, 0x0000000755f80000, 0x0000000800000000)
  eden space 5120K, 0% used [0x0000000755580000,0x0000000755580000,0x0000000755a80000)
  from space 1536K, 89% used [0x0000000755e00000,0x0000000755f58000,0x0000000755f80000)
  to   space 2048K, 0% used [0x0000000755b80000,0x0000000755b80000,0x0000000755d80000)
 ParOldGen       total 5592576K, used 598728K [0x0000000600000000, 0x0000000755580000, 0x0000000755580000)
  object space 5592576K, 10% used [0x0000000600000000,0x00000006248b2008,0x0000000755580000)
 Metaspace       used 80590K, committed 82112K, reserved 1179648K
  class space    used 8120K, committed 8832K, reserved 1048576K
}
Event: 3960.136 GC heap before
{Heap before GC invocations=1744 (full 5):
 PSYoungGen      total 6656K, used 3533K [0x0000000755580000, 0x0000000755f80000, 0x0000000800000000)
  eden space 5120K, 42% used [0x0000000755580000,0x000000075579b600,0x0000000755a80000)
  from space 1536K, 89% used [0x0000000755e00000,0x0000000755f58000,0x0000000755f80000)
  to   space 2048K, 0% used [0x0000000755b80000,0x0000000755b80000,0x0000000755d80000)
 ParOldGen       total 5592576K, used 598728K [0x0000000600000000, 0x0000000755580000, 0x0000000755580000)
  object space 5592576K, 10% used [0x0000000600000000,0x00000006248b2008,0x0000000755580000)
 Metaspace       used 80590K, committed 82112K, reserved 1179648K
  class space    used 8120K, committed 8832K, reserved 1048576K
}
Event: 3960.150 GC heap after
{Heap after GC invocations=1744 (full 5):
 PSYoungGen      total 8192K, used 608K [0x0000000755580000, 0x0000000755e80000, 0x0000000800000000)
  eden space 6144K, 0% used [0x0000000755580000,0x0000000755580000,0x0000000755b80000)
  from space 2048K, 29% used [0x0000000755b80000,0x0000000755c18000,0x0000000755d80000)
  to   space 1024K, 0% used [0x0000000755d80000,0x0000000755d80000,0x0000000755e80000)
 ParOldGen       total 5592576K, used 599980K [0x0000000600000000, 0x0000000755580000, 0x0000000755580000)
  object space 5592576K, 10% used [0x0000000600000000,0x00000006249eb158,0x0000000755580000)
 Metaspace       used 80590K, committed 82112K, reserved 1179648K
  class space    used 8120K, committed 8832K, reserved 1048576K
}
Event: 3960.151 GC heap before
{Heap before GC invocations=1745 (full 5):
 PSYoungGen      total 8192K, used 608K [0x0000000755580000, 0x0000000755e80000, 0x0000000800000000)
  eden space 6144K, 0% used [0x0000000755580000,0x0000000755580000,0x0000000755b80000)
  from space 2048K, 29% used [0x0000000755b80000,0x0000000755c18000,0x0000000755d80000)
  to   space 1024K, 0% used [0x0000000755d80000,0x0000000755d80000,0x0000000755e80000)
 ParOldGen       total 5592576K, used 599980K [0x0000000600000000, 0x0000000755580000, 0x0000000755580000)
  object space 5592576K, 10% used [0x0000000600000000,0x00000006249eb158,0x0000000755580000)
 Metaspace       used 80590K, committed 82112K, reserved 1179648K
  class space    used 8120K, committed 8832K, reserved 1048576K
}
Event: 3960.169 GC heap after
{Heap after GC invocations=1745 (full 5):
 PSYoungGen      total 8192K, used 0K [0x0000000755580000, 0x0000000755e00000, 0x0000000800000000)
  eden space 7680K, 0% used [0x0000000755580000,0x0000000755580000,0x0000000755d00000)
  from space 512K, 0% used [0x0000000755d80000,0x0000000755d80000,0x0000000755e00000)
  to   space 512K, 0% used [0x0000000755d00000,0x0000000755d00000,0x0000000755d80000)
 ParOldGen       total 5592576K, used 600524K [0x0000000600000000, 0x0000000755580000, 0x0000000755580000)
  object space 5592576K, 10% used [0x0000000600000000,0x0000000624a73158,0x0000000755580000)
 Metaspace       used 80590K, committed 82112K, reserved 1179648K
  class space    used 8120K, committed 8832K, reserved 1048576K
}
Event: 3960.169 GC heap before
{Heap before GC invocations=1746 (full 6):
 PSYoungGen      total 8192K, used 0K [0x0000000755580000, 0x0000000755e00000, 0x0000000800000000)
  eden space 7680K, 0% used [0x0000000755580000,0x0000000755580000,0x0000000755d00000)
  from space 512K, 0% used [0x0000000755d80000,0x0000000755d80000,0x0000000755e00000)
  to   space 512K, 0% used [0x0000000755d00000,0x0000000755d00000,0x0000000755d80000)
 ParOldGen       total 5592576K, used 600524K [0x0000000600000000, 0x0000000755580000, 0x0000000755580000)
  object space 5592576K, 10% used [0x0000000600000000,0x0000000624a73158,0x0000000755580000)
 Metaspace       used 80590K, committed 82112K, reserved 1179648K
  class space    used 8120K, committed 8832K, reserved 1048576K
}
Event: 3961.825 GC heap after
{Heap after GC invocations=1746 (full 6):
 PSYoungGen      total 8192K, used 0K [0x0000000755580000, 0x0000000755f80000, 0x0000000800000000)
  eden space 7680K, 0% used [0x0000000755580000,0x0000000755580000,0x0000000755d00000)
  from space 512K, 0% used [0x0000000755d00000,0x0000000755d00000,0x0000000755d80000)
  to   space 512K, 0% used [0x0000000755f00000,0x0000000755f00000,0x0000000755f80000)
 ParOldGen       total 128000K, used 100615K [0x0000000600000000, 0x0000000607d00000, 0x0000000755580000)
  object space 128000K, 78% used [0x0000000600000000,0x0000000606241d78,0x0000000607d00000)
 Metaspace       used 80590K, committed 82112K, reserved 1179648K
  class space    used 8120K, committed 8832K, reserved 1048576K
}

Dll operation events (20 events):
Event: 0.284 Attempting to load shared library C:\Users\ADMIN\scoop\apps\vscode\1.139.1\data\extensions\redhat.java-1.56.0-win32-x64\jre\21.0.12.1-win32-x86_64\bin\nio.dll
Event: 0.286 Loaded shared library C:\Users\ADMIN\scoop\apps\vscode\1.139.1\data\extensions\redhat.java-1.56.0-win32-x64\jre\21.0.12.1-win32-x86_64\bin\nio.dll
Event: 0.298 Attempting to load shared library C:\Users\ADMIN\scoop\apps\vscode\1.139.1\data\extensions\redhat.java-1.56.0-win32-x64\jre\21.0.12.1-win32-x86_64\bin\zip.dll
Event: 0.298 Loaded shared library C:\Users\ADMIN\scoop\apps\vscode\1.139.1\data\extensions\redhat.java-1.56.0-win32-x64\jre\21.0.12.1-win32-x86_64\bin\zip.dll
Event: 0.355 Attempting to load shared library C:\Users\ADMIN\scoop\apps\vscode\1.139.1\data\extensions\redhat.java-1.56.0-win32-x64\jre\21.0.12.1-win32-x86_64\bin\jimage.dll
Event: 0.355 Loaded shared library C:\Users\ADMIN\scoop\apps\vscode\1.139.1\data\extensions\redhat.java-1.56.0-win32-x64\jre\21.0.12.1-win32-x86_64\bin\jimage.dll
Event: 0.720 Attempting to load shared library c:\Users\ADMIN\scoop\apps\vscode\1.139.1\data\extensions\redhat.java-1.56.0-win32-x64\jre\21.0.12.1-win32-x86_64\bin\verify.dll
Event: 0.720 Loaded shared library c:\Users\ADMIN\scoop\apps\vscode\1.139.1\data\extensions\redhat.java-1.56.0-win32-x64\jre\21.0.12.1-win32-x86_64\bin\verify.dll
Event: 22.016 Attempting to load shared library C:\Users\ADMIN\scoop\apps\vscode\1.139.1\data\user-data\User\globalStorage\redhat.java\1.56.0\config_win\org.eclipse.equinox.launcher\org.eclipse.equinox.launcher.win32.win32.x86_64_1.3.100.v20260804-1928\eclipse_11924.dl
Event: 22.022 Loaded shared library C:\Users\ADMIN\scoop\apps\vscode\1.139.1\data\user-data\User\globalStorage\redhat.java\1.56.0\config_win\org.eclipse.equinox.launcher\org.eclipse.equinox.launcher.win32.win32.x86_64_1.3.100.v20260804-1928\eclipse_11924.dll
Event: 48.838 Attempting to load shared library C:\Users\ADMIN\AppData\Local\Temp\jna-62130991\jna618900355602672423.dll
Event: 48.986 Loaded shared library C:\Users\ADMIN\AppData\Local\Temp\jna-62130991\jna618900355602672423.dll
Event: 59.567 Attempting to load shared library C:\Users\ADMIN\scoop\apps\vscode\1.139.1\data\extensions\redhat.java-1.56.0-win32-x64\jre\21.0.12.1-win32-x86_64\bin\management.dll
Event: 59.574 Loaded shared library C:\Users\ADMIN\scoop\apps\vscode\1.139.1\data\extensions\redhat.java-1.56.0-win32-x64\jre\21.0.12.1-win32-x86_64\bin\management.dll
Event: 59.612 Attempting to load shared library C:\Users\ADMIN\scoop\apps\vscode\1.139.1\data\extensions\redhat.java-1.56.0-win32-x64\jre\21.0.12.1-win32-x86_64\bin\management_ext.dll
Event: 59.613 Loaded shared library C:\Users\ADMIN\scoop\apps\vscode\1.139.1\data\extensions\redhat.java-1.56.0-win32-x64\jre\21.0.12.1-win32-x86_64\bin\management_ext.dll
Event: 60.744 Attempting to load shared library C:\Users\ADMIN\scoop\apps\vscode\1.139.1\data\extensions\redhat.java-1.56.0-win32-x64\jre\21.0.12.1-win32-x86_64\bin\sunmscapi.dll
Event: 60.750 Loaded shared library C:\Users\ADMIN\scoop\apps\vscode\1.139.1\data\extensions\redhat.java-1.56.0-win32-x64\jre\21.0.12.1-win32-x86_64\bin\sunmscapi.dll
Event: 61.545 Attempting to load shared library C:\Users\ADMIN\scoop\apps\vscode\1.139.1\data\extensions\redhat.java-1.56.0-win32-x64\jre\21.0.12.1-win32-x86_64\bin\extnet.dll
Event: 61.546 Loaded shared library C:\Users\ADMIN\scoop\apps\vscode\1.139.1\data\extensions\redhat.java-1.56.0-win32-x64\jre\21.0.12.1-win32-x86_64\bin\extnet.dll

Deoptimization events (20 events):
Event: 3954.510 Thread 0x000001ce511a4d30 Uncommon trap: trap_request=0xffffff45 fr.pc=0x000001ce6fc7ca98 relative=0x0000000000001478
Event: 3954.510 Thread 0x000001ce511a4d30 Uncommon trap: reason=unstable_if action=reinterpret pc=0x000001ce6fc7ca98 method=org.eclipse.jdt.core.dom.ASTNode.accept(Lorg/eclipse/jdt/core/dom/ASTVisitor;)V @ 26 c2
Event: 3954.510 Thread 0x000001ce511a4d30 DEOPT PACKING pc=0x000001ce6fc7ca98 sp=0x000000924e1fe650
Event: 3954.510 Thread 0x000001ce511a4d30 DEOPT UNPACKING pc=0x000001ce6e966da2 sp=0x000000924e1fe570 mode 2
Event: 3954.511 Thread 0x000001ce511a4d30 Uncommon trap: trap_request=0xffffff45 fr.pc=0x000001ce6fa59278 relative=0x00000000000008d8
Event: 3954.511 Thread 0x000001ce511a4d30 Uncommon trap: reason=unstable_if action=reinterpret pc=0x000001ce6fa59278 method=org.eclipse.jdt.core.dom.ASTNode.accept(Lorg/eclipse/jdt/core/dom/ASTVisitor;)V @ 26 c2
Event: 3954.511 Thread 0x000001ce511a4d30 DEOPT PACKING pc=0x000001ce6fa59278 sp=0x000000924e1fe5f0
Event: 3954.511 Thread 0x000001ce511a4d30 DEOPT UNPACKING pc=0x000001ce6e966da2 sp=0x000000924e1fe568 mode 2
Event: 3958.350 Thread 0x000001ce51e1a320 Uncommon trap: trap_request=0xffffffde fr.pc=0x000001ce703d4bfc relative=0x000000000000023c
Event: 3958.350 Thread 0x000001ce51e1a320 Uncommon trap: reason=class_check action=maybe_recompile pc=0x000001ce703d4bfc method=org.eclipse.jdt.internal.core.SourceType.equals(Ljava/lang/Object;)Z @ 1 c2
Event: 3958.350 Thread 0x000001ce51e1a320 DEOPT PACKING pc=0x000001ce703d4bfc sp=0x00000092513fdc80
Event: 3958.350 Thread 0x000001ce51e1a320 DEOPT UNPACKING pc=0x000001ce6e966da2 sp=0x00000092513fdc20 mode 2
Event: 3958.350 Thread 0x000001ce51e1a320 Uncommon trap: trap_request=0xffffffde fr.pc=0x000001ce6f3d6e10 relative=0x0000000000000430
Event: 3958.350 Thread 0x000001ce51e1a320 Uncommon trap: reason=class_check action=maybe_recompile pc=0x000001ce6f3d6e10 method=org.eclipse.jdt.internal.core.SourceMethod.equals(Ljava/lang/Object;)Z @ 1 c2
Event: 3958.350 Thread 0x000001ce51e1a320 DEOPT PACKING pc=0x000001ce6f3d6e10 sp=0x00000092513fdd40
Event: 3958.350 Thread 0x000001ce51e1a320 DEOPT UNPACKING pc=0x000001ce6e966da2 sp=0x00000092513fdcd8 mode 2
Event: 3958.845 Thread 0x000001ce51412bc0 Uncommon trap: trap_request=0xffffff3d fr.pc=0x000001ce7021d214 relative=0x0000000000000334
Event: 3958.845 Thread 0x000001ce51412bc0 Uncommon trap: reason=unstable_fused_if action=reinterpret pc=0x000001ce7021d214 method=org.eclipse.jdt.internal.compiler.util.HashtableOfObject.<init>(I)V @ 47 c2
Event: 3958.845 Thread 0x000001ce51412bc0 DEOPT PACKING pc=0x000001ce7021d214 sp=0x00000092505fed80
Event: 3958.845 Thread 0x000001ce51412bc0 DEOPT UNPACKING pc=0x000001ce6e966da2 sp=0x00000092505fed00 mode 2

Classes loaded (20 events):
Event: 910.099 Loading class java/util/stream/Nodes$ConcNode
Event: 910.100 Loading class java/util/stream/Nodes$AbstractConcNode
Event: 910.100 Loading class java/util/stream/Nodes$AbstractConcNode done
Event: 910.100 Loading class java/util/stream/Nodes$ConcNode done
Event: 910.134 Loading class java/io/ObjectOutputStream$BlockDataOutputStream
Event: 910.135 Loading class java/io/ObjectOutputStream$BlockDataOutputStream done
Event: 910.135 Loading class java/io/ObjectOutputStream$HandleTable
Event: 910.135 Loading class java/io/ObjectOutputStream$HandleTable done
Event: 910.135 Loading class java/io/ObjectOutputStream$ReplaceTable
Event: 910.136 Loading class java/io/ObjectOutputStream$ReplaceTable done
Event: 1782.177 Loading class java/util/ArrayDeque$DeqSpliterator
Event: 1782.198 Loading class java/util/ArrayDeque$DeqSpliterator done
Event: 2731.597 Loading class java/nio/file/Path$1
Event: 2731.598 Loading class java/nio/file/Path$1 done
Event: 2738.080 Loading class java/util/ImmutableCollections$SubList
Event: 2738.082 Loading class java/util/ImmutableCollections$SubList done
Event: 2741.571 Loading class java/util/concurrent/ConcurrentHashMap$KeySpliterator
Event: 2741.573 Loading class java/util/concurrent/ConcurrentHashMap$KeySpliterator done
Event: 2742.935 Loading class java/util/DualPivotQuicksort$Sorter
Event: 2742.942 Loading class java/util/DualPivotQuicksort$Sorter done

Classes unloaded (11 events):
Event: 50.629 Thread 0x000001ce63de1e30 Unloading class 0x000001ce111a9000 'java/lang/invoke/LambdaForm$MH+0x000001ce111a9000'
Event: 50.629 Thread 0x000001ce63de1e30 Unloading class 0x000001ce111a8c00 'java/lang/invoke/LambdaForm$MH+0x000001ce111a8c00'
Event: 50.629 Thread 0x000001ce63de1e30 Unloading class 0x000001ce111a8800 'java/lang/invoke/LambdaForm$MH+0x000001ce111a8800'
Event: 50.629 Thread 0x000001ce63de1e30 Unloading class 0x000001ce111a8400 'java/lang/invoke/LambdaForm$MH+0x000001ce111a8400'
Event: 50.629 Thread 0x000001ce63de1e30 Unloading class 0x000001ce111a8000 'java/lang/invoke/LambdaForm$BMH+0x000001ce111a8000'
Event: 50.629 Thread 0x000001ce63de1e30 Unloading class 0x000001ce111a7c00 'java/lang/invoke/LambdaForm$DMH+0x000001ce111a7c00'
Event: 50.629 Thread 0x000001ce63de1e30 Unloading class 0x000001ce111a6c00 'java/lang/invoke/LambdaForm$DMH+0x000001ce111a6c00'
Event: 555.474 Thread 0x000001ce63de1e30 Unloading class 0x000001ce11774c00 'java/lang/invoke/LambdaForm$DMH+0x000001ce11774c00'
Event: 555.474 Thread 0x000001ce63de1e30 Unloading class 0x000001ce11774800 'java/lang/invoke/LambdaForm$DMH+0x000001ce11774800'
Event: 555.474 Thread 0x000001ce63de1e30 Unloading class 0x000001ce11775000 'java/lang/invoke/LambdaForm$DMH+0x000001ce11775000'
Event: 555.474 Thread 0x000001ce63de1e30 Unloading class 0x000001ce11774400 'java/lang/invoke/LambdaForm$DMH+0x000001ce11774400'

Classes redefined (0 events):
No events

Internal exceptions (20 events):
Event: 3958.376 Thread 0x000001ce51e1a320 Implicit null exception at 0x000001ce69f5a71f to 0x000001ce69f5ace5
Event: 3958.376 Thread 0x000001ce51e1a320 Exception <a 'java/lang/NullPointerException'{0x00000007555abbb8}> (0x00000007555abbb8) 
thrown [s\src\hotspot\share\runtime\sharedRuntime.cpp, line 625]
Event: 3958.377 Thread 0x000001ce51e1a320 Implicit null exception at 0x000001ce69f5a71f to 0x000001ce69f5ace5
Event: 3958.377 Thread 0x000001ce51e1a320 Exception <a 'java/lang/NullPointerException'{0x00000007555b2040}> (0x00000007555b2040) 
thrown [s\src\hotspot\share\runtime\sharedRuntime.cpp, line 625]
Event: 3958.391 Thread 0x000001ce51412bc0 Implicit null exception at 0x000001ce69f5a71f to 0x000001ce69f5ace5
Event: 3958.391 Thread 0x000001ce51412bc0 Exception <a 'java/lang/NullPointerException'{0x0000000755811118}> (0x0000000755811118) 
thrown [s\src\hotspot\share\runtime\sharedRuntime.cpp, line 625]
Event: 3958.391 Thread 0x000001ce51412bc0 Implicit null exception at 0x000001ce69f5a71f to 0x000001ce69f5ace5
Event: 3958.391 Thread 0x000001ce51412bc0 Exception <a 'java/lang/NullPointerException'{0x000000075582f7f0}> (0x000000075582f7f0) 
thrown [s\src\hotspot\share\runtime\sharedRuntime.cpp, line 625]
Event: 3958.401 Thread 0x000001ce51412bc0 Implicit null exception at 0x000001ce69f5a71f to 0x000001ce69f5ace5
Event: 3958.402 Thread 0x000001ce51412bc0 Exception <a 'java/lang/NullPointerException'{0x000000075560c1f0}> (0x000000075560c1f0) 
thrown [s\src\hotspot\share\runtime\sharedRuntime.cpp, line 625]
Event: 3958.402 Thread 0x000001ce51412bc0 Implicit null exception at 0x000001ce69f5a71f to 0x000001ce69f5ace5
Event: 3958.402 Thread 0x000001ce51412bc0 Exception <a 'java/lang/NullPointerException'{0x000000075560ff58}> (0x000000075560ff58) 
thrown [s\src\hotspot\share\runtime\sharedRuntime.cpp, line 625]
Event: 3958.402 Thread 0x000001ce511a4d30 Implicit null exception at 0x000001ce69f5a71f to 0x000001ce69f5ace5
Event: 3958.402 Thread 0x000001ce511a4d30 Exception <a 'java/lang/NullPointerException'{0x0000000755611908}> (0x0000000755611908) 
thrown [s\src\hotspot\share\runtime\sharedRuntime.cpp, line 625]
Event: 3958.402 Thread 0x000001ce511a4d30 Implicit null exception at 0x000001ce69f5a71f to 0x000001ce69f5ace5
Event: 3958.402 Thread 0x000001ce511a4d30 Exception <a 'java/lang/NullPointerException'{0x0000000755614e78}> (0x0000000755614e78) 
thrown [s\src\hotspot\share\runtime\sharedRuntime.cpp, line 625]
Event: 3958.670 Thread 0x000001ce54b10580 Implicit null exception at 0x000001ce69f5a71f to 0x000001ce69f5ace5
Event: 3958.670 Thread 0x000001ce54b10580 Exception <a 'java/lang/NullPointerException'{0x000000075590e588}> (0x000000075590e588) 
thrown [s\src\hotspot\share\runtime\sharedRuntime.cpp, line 625]
Event: 3958.670 Thread 0x000001ce54b10580 Implicit null exception at 0x000001ce69f5a71f to 0x000001ce69f5ace5
Event: 3958.670 Thread 0x000001ce54b10580 Exception <a 'java/lang/NullPointerException'{0x0000000755911c30}> (0x0000000755911c30) 
thrown [s\src\hotspot\share\runtime\sharedRuntime.cpp, line 625]

ZGC Phase Switch (0 events):
No events

VM Operations (20 events):
Event: 3955.369 Executing safepoint VM operation: Cleanup done
Event: 3958.130 Executing safepoint VM operation: ParallelGCFailedAllocation (Allocation Failure)
Event: 3958.138 Executing safepoint VM operation: ParallelGCFailedAllocation (Allocation Failure) done
Event: 3958.365 Executing safepoint VM operation: ParallelGCFailedAllocation (Allocation Failure)
Event: 3958.373 Executing safepoint VM operation: ParallelGCFailedAllocation (Allocation Failure) done
Event: 3958.394 Executing safepoint VM operation: ParallelGCFailedAllocation (Allocation Failure)
Event: 3958.398 Executing safepoint VM operation: ParallelGCFailedAllocation (Allocation Failure) done
Event: 3958.417 Executing safepoint VM operation: ParallelGCFailedAllocation (Allocation Failure)
Event: 3958.427 Executing safepoint VM operation: ParallelGCFailedAllocation (Allocation Failure) done
Event: 3958.471 Executing safepoint VM operation: ParallelGCFailedAllocation (Allocation Failure)
Event: 3958.487 Executing safepoint VM operation: ParallelGCFailedAllocation (Allocation Failure) done
Event: 3958.514 Executing safepoint VM operation: ParallelGCFailedAllocation (Allocation Failure)
Event: 3958.535 Executing safepoint VM operation: ParallelGCFailedAllocation (Allocation Failure) done
Event: 3958.600 Executing safepoint VM operation: ParallelGCFailedAllocation (Allocation Failure)
Event: 3958.619 Executing safepoint VM operation: ParallelGCFailedAllocation (Allocation Failure) done
Event: 3958.695 Executing safepoint VM operation: ParallelGCFailedAllocation (Allocation Failure)
Event: 3958.708 Executing safepoint VM operation: ParallelGCFailedAllocation (Allocation Failure) done
Event: 3960.074 Executing safepoint VM operation: ParallelGCFailedAllocation (Allocation Failure)
Event: 3960.112 Executing safepoint VM operation: ParallelGCFailedAllocation (Allocation Failure) done
Event: 3960.136 Executing safepoint VM operation: ParallelGCFailedAllocation (Allocation Failure)

Memory protections (0 events):
No events

Nmethod flushes (20 events):
Event: 3961.367 Thread 0x000001ce63de1e30 flushing osr nmethod 0x000001ce6a19c690
Event: 3961.367 Thread 0x000001ce63de1e30 flushing  nmethod 0x000001ce6a1a8d90
Event: 3961.367 Thread 0x000001ce63de1e30 flushing  nmethod 0x000001ce6a1b0110
Event: 3961.367 Thread 0x000001ce63de1e30 flushing  nmethod 0x000001ce6a1cf490
Event: 3961.367 Thread 0x000001ce63de1e30 flushing  nmethod 0x000001ce6a22cc90
Event: 3961.367 Thread 0x000001ce63de1e30 flushing  nmethod 0x000001ce6a26ed10
Event: 3961.367 Thread 0x000001ce63de1e30 flushing osr nmethod 0x000001ce6a26ff90
Event: 3961.367 Thread 0x000001ce63de1e30 flushing  nmethod 0x000001ce6a279b90
Event: 3961.367 Thread 0x000001ce63de1e30 flushing  nmethod 0x000001ce6a27b110
Event: 3961.367 Thread 0x000001ce63de1e30 flushing osr nmethod 0x000001ce6a280010
Event: 3961.367 Thread 0x000001ce63de1e30 flushing  nmethod 0x000001ce6a286a90
Event: 3961.367 Thread 0x000001ce63de1e30 flushing  nmethod 0x000001ce6a28f310
Event: 3961.367 Thread 0x000001ce63de1e30 flushing  nmethod 0x000001ce6a2a6390
Event: 3961.368 Thread 0x000001ce63de1e30 flushing  nmethod 0x000001ce6a2b8190
Event: 3961.368 Thread 0x000001ce63de1e30 flushing  nmethod 0x000001ce6a2bbd90
Event: 3961.368 Thread 0x000001ce63de1e30 flushing  nmethod 0x000001ce6a2bd790
Event: 3961.368 Thread 0x000001ce63de1e30 flushing  nmethod 0x000001ce6a32c890
Event: 3961.368 Thread 0x000001ce63de1e30 flushing osr nmethod 0x000001ce6a345b10
Event: 3961.368 Thread 0x000001ce63de1e30 flushing  nmethod 0x000001ce6a396890
Event: 3961.368 Thread 0x000001ce63de1e30 flushing  nmethod 0x000001ce6a399e90

Events (20 events):
Event: 3856.087 Thread 0x000001ce63dffa40 Thread added: 0x000001ce53fbc9f0
Event: 3857.930 Thread 0x000001ce53fbc9f0 Thread exited: 0x000001ce53fbc9f0
Event: 3891.314 Thread 0x000001ce52f26cf0 Thread exited: 0x000001ce52f26cf0
Event: 3913.360 Thread 0x000001ce52f2a800 Thread exited: 0x000001ce52f2a800
Event: 3914.779 Thread 0x000001ce52f29450 Thread exited: 0x000001ce52f29450
Event: 3918.841 Thread 0x000001ce51e1de30 Thread exited: 0x000001ce51e1de30
Event: 3919.029 Thread 0x000001ce52f29ae0 Thread exited: 0x000001ce52f29ae0
Event: 3919.029 Thread 0x000001ce51410af0 Thread exited: 0x000001ce51410af0
Event: 3951.323 Thread 0x000001ce52f27380 Thread exited: 0x000001ce52f27380
Event: 3954.110 Thread 0x000001ce51e1a320 Thread added: 0x000001ce511a4d30
Event: 3954.181 Thread 0x000001ce511a4d30 Thread added: 0x000001ce51e1b040
Event: 3954.181 Thread 0x000001ce511a4d30 Thread added: 0x000001ce51e19600
Event: 3954.182 Thread 0x000001ce51e1b040 Thread added: 0x000001ce51e1d110
Event: 3954.182 Thread 0x000001ce51e1d110 Thread added: 0x000001ce51e1de30
Event: 3954.183 Thread 0x000001ce51e1de30 Thread added: 0x000001ce51e1e4c0
Event: 3954.184 Thread 0x000001ce51e1e4c0 Thread added: 0x000001ce51e1eb50
Event: 3954.186 Thread 0x000001ce51e1eb50 Thread added: 0x000001ce51e1c3f0
Event: 3954.191 Thread 0x000001ce51e1c3f0 Thread added: 0x000001ce54b0d100
Event: 3958.430 Thread 0x000001ce52f28dc0 Thread added: 0x000001ce54b0ca70
Event: 3958.558 Thread 0x000001ce52f28dc0 Thread added: 0x000001ce54b10580


Dynamic libraries:
0x00007ff76c6e0000 - 0x00007ff76c6ee000 	c:\Users\ADMIN\scoop\apps\vscode\1.139.1\data\extensions\redhat.java-1.56.0-win32-x64\jre\21.0.12.1-win32-x86_64\bin\java.exe
0x00007ffcd1540000 - 0x00007ffcd17a7000 	C:\WINDOWS\SYSTEM32\ntdll.dll
0x00007ffcd0640000 - 0x00007ffcd070b000 	C:\WINDOWS\System32\KERNEL32.DLL
0x00007ffcce740000 - 0x00007ffcceb41000 	C:\WINDOWS\System32\KERNELBASE.dll
0x00007ffccee40000 - 0x00007ffccef8c000 	C:\WINDOWS\System32\ucrtbase.dll
0x00007ffcbb680000 - 0x00007ffcbb698000 	c:\Users\ADMIN\scoop\apps\vscode\1.139.1\data\extensions\redhat.java-1.56.0-win32-x64\jre\21.0.12.1-win32-x86_64\bin\jli.dll
0x00007ffccf970000 - 0x00007ffccfb47000 	C:\WINDOWS\System32\USER32.dll
0x00007ffccec80000 - 0x00007ffcceca7000 	C:\WINDOWS\System32\win32u.dll
0x00007ffccfb50000 - 0x00007ffccfb7b000 	C:\WINDOWS\System32\GDI32.dll
0x00007ffcceb50000 - 0x00007ffccec78000 	C:\WINDOWS\System32\gdi32full.dll
0x00007ffccf120000 - 0x00007ffccf1c3000 	C:\WINDOWS\System32\msvcp_win.dll
0x00007ffcba940000 - 0x00007ffcba95e000 	c:\Users\ADMIN\scoop\apps\vscode\1.139.1\data\extensions\redhat.java-1.56.0-win32-x64\jre\21.0.12.1-win32-x86_64\bin\VCRUNTIME140.dll
0x00007ffcb4b50000 - 0x00007ffcb4de0000 	C:\WINDOWS\WinSxS\amd64_microsoft.windows.common-controls_6595b64144ccf1df_6.0.26100.9549_none_3e0a0396e3330090\COMCTL32.dll
0x00007ffcd0330000 - 0x00007ffcd03d9000 	C:\WINDOWS\System32\msvcrt.dll
0x00007ffcd14b0000 - 0x00007ffcd14e1000 	C:\WINDOWS\System32\IMM32.DLL
0x00007ffcbdf70000 - 0x00007ffcbdf7c000 	c:\Users\ADMIN\scoop\apps\vscode\1.139.1\data\extensions\redhat.java-1.56.0-win32-x64\jre\21.0.12.1-win32-x86_64\bin\vcruntime140_1.dll
0x00007ffc86820000 - 0x00007ffc868ad000 	c:\Users\ADMIN\scoop\apps\vscode\1.139.1\data\extensions\redhat.java-1.56.0-win32-x64\jre\21.0.12.1-win32-x86_64\bin\msvcp140.dll
0x00007ffc55cc0000 - 0x00007ffc56a62000 	c:\Users\ADMIN\scoop\apps\vscode\1.139.1\data\extensions\redhat.java-1.56.0-win32-x64\jre\21.0.12.1-win32-x86_64\bin\server\jvm.dll
0x00007ffccf420000 - 0x00007ffccf4db000 	C:\WINDOWS\System32\ADVAPI32.dll
0x00007ffccfcd0000 - 0x00007ffccfd78000 	C:\WINDOWS\System32\sechost.dll
0x00007ffcd0710000 - 0x00007ffcd0828000 	C:\WINDOWS\System32\RPCRT4.dll
0x00007ffcd03e0000 - 0x00007ffcd0461000 	C:\WINDOWS\System32\WS2_32.dll
0x00007ffcce5b0000 - 0x00007ffcce60e000 	C:\WINDOWS\SYSTEM32\POWRPROF.dll
0x00007ffcc5a10000 - 0x00007ffcc5a47000 	C:\WINDOWS\SYSTEM32\WINMM.dll
0x00007ffcbf0a0000 - 0x00007ffcbf0ab000 	C:\WINDOWS\SYSTEM32\VERSION.dll
0x00007ffcce590000 - 0x00007ffcce5a5000 	C:\WINDOWS\SYSTEM32\UMPDC.dll
0x00007ffccd3b0000 - 0x00007ffccd3cb000 	C:\WINDOWS\SYSTEM32\kernel.appcore.dll
0x00007ffcba930000 - 0x00007ffcba93a000 	c:\Users\ADMIN\scoop\apps\vscode\1.139.1\data\extensions\redhat.java-1.56.0-win32-x64\jre\21.0.12.1-win32-x86_64\bin\jimage.dll
0x00007ffccbb80000 - 0x00007ffccbdcc000 	C:\WINDOWS\SYSTEM32\DBGHELP.DLL
0x00007ffccffa0000 - 0x00007ffcd032a000 	C:\WINDOWS\System32\combase.dll
0x00007ffcd0c20000 - 0x00007ffcd0cf9000 	C:\WINDOWS\System32\OLEAUT32.dll
0x00007ffcbe0a0000 - 0x00007ffcbe0db000 	C:\WINDOWS\SYSTEM32\dbgcore.DLL
0x00007ffccf060000 - 0x00007ffccf10c000 	C:\WINDOWS\System32\bcryptPrimitives.dll
0x00007ffcb22a0000 - 0x00007ffcb22af000 	c:\Users\ADMIN\scoop\apps\vscode\1.139.1\data\extensions\redhat.java-1.56.0-win32-x64\jre\21.0.12.1-win32-x86_64\bin\instrument.dll
0x00007ffc87750000 - 0x00007ffc87770000 	c:\Users\ADMIN\scoop\apps\vscode\1.139.1\data\extensions\redhat.java-1.56.0-win32-x64\jre\21.0.12.1-win32-x86_64\bin\java.dll
0x00007ffcd0d00000 - 0x00007ffcd149c000 	C:\WINDOWS\System32\SHELL32.dll
0x00007ffccc130000 - 0x00007ffccc9dd000 	C:\WINDOWS\SYSTEM32\windows.storage.dll
0x00007ffccf290000 - 0x00007ffccf389000 	C:\WINDOWS\System32\SHCORE.dll
0x00007ffccfc60000 - 0x00007ffccfcc6000 	C:\WINDOWS\System32\shlwapi.dll
0x00007ffcce650000 - 0x00007ffcce679000 	C:\WINDOWS\SYSTEM32\profapi.dll
0x00007ffc87730000 - 0x00007ffc87748000 	c:\Users\ADMIN\scoop\apps\vscode\1.139.1\data\extensions\redhat.java-1.56.0-win32-x64\jre\21.0.12.1-win32-x86_64\bin\zip.dll
0x00007ffca2860000 - 0x00007ffca2870000 	C:\Users\ADMIN\scoop\apps\vscode\1.139.1\data\extensions\redhat.java-1.56.0-win32-x64\jre\21.0.12.1-win32-x86_64\bin\net.dll
0x00007ffcbf970000 - 0x00007ffcbfa9a000 	C:\WINDOWS\SYSTEM32\WINHTTP.dll
0x00007ffccd980000 - 0x00007ffccd9ec000 	C:\WINDOWS\system32\mswsock.dll
0x00007ffc86a50000 - 0x00007ffc86a66000 	C:\Users\ADMIN\scoop\apps\vscode\1.139.1\data\extensions\redhat.java-1.56.0-win32-x64\jre\21.0.12.1-win32-x86_64\bin\nio.dll
0x00007ffc99950000 - 0x00007ffc99960000 	c:\Users\ADMIN\scoop\apps\vscode\1.139.1\data\extensions\redhat.java-1.56.0-win32-x64\jre\21.0.12.1-win32-x86_64\bin\verify.dll
0x00007ffc68c60000 - 0x00007ffc68ca5000 	C:\Users\ADMIN\scoop\apps\vscode\1.139.1\data\user-data\User\globalStorage\redhat.java\1.56.0\config_win\org.eclipse.equinox.launcher\org.eclipse.equinox.launcher.win32.win32.x86_64_1.3.100.v20260804-1928\eclipse_11924.dll
0x00007ffccfd80000 - 0x00007ffccff1a000 	C:\WINDOWS\System32\ole32.dll
0x00007ffccdc90000 - 0x00007ffccdcab000 	C:\WINDOWS\SYSTEM32\CRYPTSP.dll
0x00007ffccd310000 - 0x00007ffccd349000 	C:\WINDOWS\system32\rsaenh.dll
0x00007ffccda30000 - 0x00007ffccda64000 	C:\WINDOWS\SYSTEM32\USERENV.dll
0x00007ffcce620000 - 0x00007ffcce64a000 	C:\WINDOWS\SYSTEM32\bcrypt.dll
0x00007ffccdcb0000 - 0x00007ffccdcbc000 	C:\WINDOWS\SYSTEM32\CRYPTBASE.dll
0x00007ffcccd40000 - 0x00007ffcccd73000 	C:\WINDOWS\SYSTEM32\IPHLPAPI.DLL
0x00007ffcd0b50000 - 0x00007ffcd0b5a000 	C:\WINDOWS\System32\NSI.dll
0x00007ffc66c80000 - 0x00007ffc66cc9000 	C:\Users\ADMIN\AppData\Local\Temp\jna-62130991\jna618900355602672423.dll
0x00007ffcd14f0000 - 0x00007ffcd14f8000 	C:\WINDOWS\System32\PSAPI.DLL
0x00007ffcb15e0000 - 0x00007ffcb15ea000 	C:\Users\ADMIN\scoop\apps\vscode\1.139.1\data\extensions\redhat.java-1.56.0-win32-x64\jre\21.0.12.1-win32-x86_64\bin\management.dll
0x00007ffc86a70000 - 0x00007ffc86a7c000 	C:\Users\ADMIN\scoop\apps\vscode\1.139.1\data\extensions\redhat.java-1.56.0-win32-x64\jre\21.0.12.1-win32-x86_64\bin\management_ext.dll
0x00007ffcc59e0000 - 0x00007ffcc59fe000 	C:\WINDOWS\SYSTEM32\dhcpcsvc6.DLL
0x00007ffcc59b0000 - 0x00007ffcc59d5000 	C:\WINDOWS\SYSTEM32\dhcpcsvc.DLL
0x00007ffc869e0000 - 0x00007ffc869ee000 	C:\Users\ADMIN\scoop\apps\vscode\1.139.1\data\extensions\redhat.java-1.56.0-win32-x64\jre\21.0.12.1-win32-x86_64\bin\sunmscapi.dll
0x00007ffccecb0000 - 0x00007ffccee2f000 	C:\WINDOWS\System32\CRYPT32.dll
0x00007ffccdef0000 - 0x00007ffccdf20000 	C:\WINDOWS\SYSTEM32\ncrypt.dll
0x00007ffccdea0000 - 0x00007ffccdedf000 	C:\WINDOWS\SYSTEM32\NTASN1.dll
0x00007ffcccd80000 - 0x00007ffccced8000 	C:\WINDOWS\SYSTEM32\DNSAPI.dll
0x00007ffccd780000 - 0x00007ffccd78d000 	C:\WINDOWS\SYSTEM32\DSPARSE.dll
0x00007ffcbf0b0000 - 0x00007ffcbf0bb000 	C:\Windows\System32\rasadhlp.dll
0x00007ffcc74d0000 - 0x00007ffcc7556000 	C:\WINDOWS\System32\fwpuclnt.dll
0x00007ffc86810000 - 0x00007ffc86819000 	C:\Users\ADMIN\scoop\apps\vscode\1.139.1\data\extensions\redhat.java-1.56.0-win32-x64\jre\21.0.12.1-win32-x86_64\bin\extnet.dll

JVMTI agents:
c:\Users\ADMIN\scoop\apps\vscode\1.139.1\data\extensions\redhat.java-1.56.0-win32-x64\lombok\lombok-1.18.39-4050.jar path:c:\Users\ADMIN\scoop\apps\vscode\1.139.1\data\extensions\redhat.java-1.56.0-win32-x64\jre\21.0.12.1-win32-x86_64\bin\instrument.dll, loaded, initialized, instrumentlib options:none

dbghelp: loaded successfully - version: 4.0.5 - missing functions: none
symbol engine: initialized successfully - sym options: 0x614 - pdb path: .;c:\Users\ADMIN\scoop\apps\vscode\1.139.1\data\extensions\redhat.java-1.56.0-win32-x64\jre\21.0.12.1-win32-x86_64\bin;C:\WINDOWS\SYSTEM32;C:\WINDOWS\WinSxS\amd64_microsoft.windows.common-controls_6595b64144ccf1df_6.0.26100.9549_none_3e0a0396e3330090;c:\Users\ADMIN\scoop\apps\vscode\1.139.1\data\extensions\redhat.java-1.56.0-win32-x64\jre\21.0.12.1-win32-x86_64\bin\server;C:\Users\ADMIN\scoop\apps\vscode\1.139.1\data\user-data\User\globalStorage\redhat.java\1.56.0\config_win\org.eclipse.equinox.launcher\org.eclipse.equinox.launcher.win32.win32.x86_64_1.3.100.v20260804-1928;C:\Users\ADMIN\AppData\Local\Temp\jna-62130991

VM Arguments:
jvm_args: --add-modules=ALL-SYSTEM --add-opens=java.base/java.util=ALL-UNNAMED --add-opens=java.base/java.lang=ALL-UNNAMED --add-opens=java.base/sun.nio.fs=ALL-UNNAMED -Declipse.application=org.eclipse.jdt.ls.core.id1 -Dosgi.bundles.defaultStartLevel=4 -Declipse.product=org.eclipse.jdt.ls.core.product -Djava.import.generatesMetadataFilesAtProjectRoot=false -Dm2e.project.cache.size=50 -DDetectVMInstallationsJob.disabled=true -Dfile.encoding=utf8 -XX:+UseParallelGC -XX:GCTimeRatio=4 -XX:AdaptiveSizePolicyWeight=90 -Dsun.zip.disableMemoryMapping=true -Xmx8G -Xms100m -Xlog:disable -javaagent:c:\Users\ADMIN\scoop\apps\vscode\1.139.1\data\extensions\redhat.java-1.56.0-win32-x64\lombok\lombok-1.18.39-4050.jar -XX:+HeapDumpOnOutOfMemoryError -XX:HeapDumpPath=c:\Users\ADMIN\scoop\apps\vscode\1.139.1\data\user-data\User\workspaceStorage\110a943552c2eca42e37e305f3ec4404\redhat.java -Daether.dependencyCollector.impl=bf 
java_command: C:\Users\ADMIN\scoop\persist\vscode\data\extensions\redhat.java-1.56.0-win32-x64\server\plugins\org.eclipse.equinox.launcher_1.8.0.v20260804-1928.jar -configuration c:\Users\ADMIN\scoop\apps\vscode\1.139.1\data\user-data\User\globalStorage\redhat.java\1.56.0\config_win -data c:\Users\ADMIN\scoop\apps\vscode\1.139.1\data\user-data\User\workspaceStorage\110a943552c2eca42e37e305f3ec4404\redhat.java\jdt_ws --pipe=\\.\pipe\lsp-414f9c5cab161640873ef267e3e48c0d-sock
java_class_path (initial): C:\Users\ADMIN\scoop\persist\vscode\data\extensions\redhat.java-1.56.0-win32-x64\server\plugins\org.eclipse.equinox.launcher_1.8.0.v20260804-1928.jar
Launcher Type: SUN_STANDARD

[Global flags]
    uintx AdaptiveSizePolicyWeight                 = 90                                        {product} {command line}
     intx CICompilerCount                          = 4                                         {product} {ergonomic}
    uintx GCTimeRatio                              = 4                                         {product} {command line}
     bool HeapDumpOnOutOfMemoryError               = true                                   {manageable} {command line}
    ccstr HeapDumpPath                             = c:\Users\ADMIN\scoop\apps\vscode\1.139.1\data\user-data\User\workspaceStorage\110a943552c2eca42e37e305f3ec4404\redhat.java         {manageable} {command line}
   size_t InitialHeapSize                          = 104857600                                 {product} {command line}
   size_t MaxHeapSize                              = 8589934592                                {product} {command line}
   size_t MaxNewSize                               = 2863136768                                {product} {ergonomic}
   size_t MinHeapDeltaBytes                        = 524288                                    {product} {ergonomic}
   size_t MinHeapSize                              = 104857600                                 {product} {command line}
   size_t NewSize                                  = 34603008                                  {product} {ergonomic}
    uintx NonNMethodCodeHeapSize                   = 5839372                                {pd product} {ergonomic}
    uintx NonProfiledCodeHeapSize                  = 122909434                              {pd product} {ergonomic}
   size_t OldSize                                  = 70254592                                  {product} {ergonomic}
    uintx ProfiledCodeHeapSize                     = 122909434                              {pd product} {ergonomic}
    uintx ReservedCodeCacheSize                    = 251658240                              {pd product} {ergonomic}
     bool SegmentedCodeCache                       = true                                      {product} {ergonomic}
   size_t SoftMaxHeapSize                          = 8589934592                             {manageable} {ergonomic}
     bool UseCompressedOops                        = true                           {product lp64_product} {ergonomic}
     bool UseLargePagesIndividualAllocation        = false                                  {pd product} {ergonomic}
     bool UseParallelGC                            = true                                      {product} {command line}

Logging:
Log output configuration:
 #0: stdout all=off uptime,level,tags foldmultilines=false
 #1: stderr all=off uptime,level,tags foldmultilines=false

Release file:
JAVA_VERSION="21.0.12.1" 
MODULES="java.base java.compiler java.datatransfer java.xml java.prefs java.desktop java.instrument java.logging java.management java.security.sasl java.naming java.rmi java.management.rmi java.net.http java.scripting java.security.jgss java.transaction.xa java.sql java.sql.rowset java.xml.crypto java.se java.smartcardio jdk.accessibility jdk.internal.jvmstat jdk.attach jdk.charsets jdk.internal.opt jdk.zipfs jdk.compiler jdk.crypto.ec jdk.crypto.cryptoki jdk.crypto.mscapi jdk.dynalink jdk.internal.ed jdk.editpad jdk.hotspot.agent jdk.httpserver jdk.internal.le jdk.internal.vm.ci jdk.internal.vm.compiler jdk.internal.vm.compiler.management jdk.jartool jdk.javadoc jdk.jcmd jdk.management jdk.management.agent jdk.jconsole jdk.jdeps jdk.jdwp.agent jdk.jdi jdk.jfr jdk.jshell jdk.jsobject jdk.jstatd jdk.localedata jdk.management.jfr jdk.naming.dns jdk.naming.rmi jdk.net jdk.nio.mapmode jdk.random jdk.sctp jdk.security.auth jdk.security.jgss jdk.unsupported jdk.unsupported.desktop jdk.xml.dom" 

Environment Variables:
JAVA_HOME=C:\Users\ADMIN\scoop\apps\openjdk\current
PATH=C:\Users\ADMIN\scoop\apps\dotnet-sdk\current;C:\WINDOWS\system32;C:\WINDOWS;C:\WINDOWS\System32\Wbem;C:\WINDOWS\System32\WindowsPowerShell\v1.0\;C:\WINDOWS\System32\OpenSSH\;C:\Program Files (x86)\Gpg4win\..\GnuPG\bin;C:\Program Files (x86)\Microsoft SQL Server\170\Tools\Binn\;C:\Program Files\Microsoft SQL Server\170\Tools\Binn\;C:\Program Files\Microsoft SQL Server\Client SDK\ODBC\180\Tools\Binn\;C:\Program Files\Microsoft SQL Server\170\DTS\Binn\;C:\Program Files\Docker\Docker\resources\bin;C:\Program Files\dotnet\;C:\Users\ADMIN\scoop\apps\msys2\current\ucrt64\bin;C:\Users\ADMIN\scoop\apps\msys2\current\mingw64\bin;F:\Workspace\XAMPP\php;C:\Users\ADMIN\scoop\apps\maven\current\bin;C:\Users\ADMIN\scoop\apps\vscode\current\bin;C:\Users\ADMIN\scoop\persist\uv\tools\shims;C:\Users\ADMIN\scoop\persist\uv\python\shims;C:\Users\ADMIN\scoop\apps\pnpm\current\bin;C:\Users\ADMIN\scoop\apps\openjdk\current\bin;C:\Users\ADMIN\scoop\apps\dotnet-sdk\current;C:\Users\ADMIN\scoop\apps\git\current\cmd;c:\Users\ADMIN\scoop\apps\cursor\3.2.16\resources\app\codeBin;C:\Users\ADMIN\scoop\shims;C:\Users\ADMIN\AppData\Local\Microsoft\WindowsApps;C:\Program Files\JetBrains\IntelliJ IDEA Community Edition 2022.3\bin;C:\Program Files\MySQL\MySQL Server 9.3\bin;E:\program_download\VSCode-win32-x64-1.104.2\bin;;C:\Users\ADMIN\.dotnet\tools;C:\Users\ADMIN\scoop\apps\msys2\current\ucrt64\bin;C:\Users\ADMIN\scoop\apps\msys2\current\mingw64\bin
USERNAME=ADMIN
OS=Windows_NT
PROCESSOR_IDENTIFIER=Intel64 Family 6 Model 140 Stepping 1, GenuineIntel
TMP=C:\Users\ADMIN\AppData\Local\Temp
TEMP=C:\Users\ADMIN\AppData\Local\Temp




Periodic native trim disabled

---------------  S Y S T E M  ---------------

OS:
 Windows 11 , 64 bit Build 26100 (10.0.26100.9549)
OS uptime: 7 days 6:21 hours
Hyper-V role detected

CPU: total 8 (initial active 8) (4 cores per cpu, 2 threads per core) family 6 model 140 stepping 1 microcode 0xbe, cx8, cmov, fxsr, ht, mmx, 3dnowpref, sse, sse2, sse3, ssse3, sse4.1, sse4.2, popcnt, lzcnt, tsc, tscinvbit, avx, avx2, aes, erms, clmul, bmi1, bmi2, adx, avx512f, avx512dq, avx512cd, avx512bw, avx512vl, sha, fma, vzeroupper, avx512_vpopcntdq, avx512_vpclmulqdq, avx512_vaes, avx512_vnni, clflush, clflushopt, clwb, avx512_vbmi2, avx512_vbmi, hv, rdtscp, rdpid, fsrm, gfni, avx512_bitalg, f16c, cet_ibt, cet_ss, avx512_ifma
Processor Information for the first 8 processors :
  Max Mhz: 2419, Current Mhz: 2419, Mhz Limit: 2419

Memory: 4k page, system-wide physical 7914M (685M free)
TotalPageFile size 28995M (AvailPageFile size 0M)
current process WorkingSet (physical memory assigned to process): 373M, peak: 563M
current process commit charge ("private bytes"): 6071M, peak: 6083M

vm_info: OpenJDK 64-Bit Server VM (21.0.12.1+1-LTS) for windows-amd64 JRE (21.0.12.1+1-LTS), built on 2026-08-18T00:00:00Z by "admin" with MS VC++ 17.12 (VS2022)

END.
